./../benchmark_test_data/1bm8/apmds/S_00000141.dat
./../benchmark_test_data/1bm8/apmds/S_00000156.dat
./../benchmark_test_data/1bm8/apmds/S_00000255.dat
./../benchmark_test_data/1bm8/apmds/S_00000319.dat
./../benchmark_test_data/1bm8/apmds/S_00000405.dat
./../benchmark_test_data/1bm8/apmds/S_00000482.dat
./../benchmark_test_data/1bm8/apmds/S_00000874.dat
./../benchmark_test_data/1bm8/apmds/S_00001110.dat
./../benchmark_test_data/1bm8/apmds/S_00001693.dat
./../benchmark_test_data/1bm8/apmds/S_00001708.dat
./../benchmark_test_data/1bm8/apmds/S_00001742.dat
./../benchmark_test_data/1bm8/apmds/S_00002314.dat
./../benchmark_test_data/1bm8/apmds/S_00002435.dat
./../benchmark_test_data/1bm8/apmds/S_00002456.dat
./../benchmark_test_data/1bm8/apmds/S_00002772.dat
./../benchmark_test_data/1bm8/apmds/S_00002990.dat
./../benchmark_test_data/1bm8/apmds/S_00003058.dat
./../benchmark_test_data/1bm8/apmds/S_00003665.dat
./../benchmark_test_data/1bm8/apmds/S_00003856.dat
./../benchmark_test_data/1bm8/apmds/S_00004185.dat
./../benchmark_test_data/1bm8/apmds/S_00004269.dat
./../benchmark_test_data/1bm8/apmds/S_00004567.dat
./../benchmark_test_data/1bm8/apmds/S_00004976.dat
./../benchmark_test_data/1bm8/apmds/S_00005046.dat
./../benchmark_test_data/1bm8/apmds/S_00005307.dat
./../benchmark_test_data/1bm8/apmds/S_00005673.dat
./../benchmark_test_data/1bm8/apmds/S_00005683.dat
./../benchmark_test_data/1bm8/apmds/S_00005743.dat
./../benchmark_test_data/1bm8/apmds/S_00005835.dat
./../benchmark_test_data/1bm8/apmds/S_00006281.dat
./../benchmark_test_data/1bm8/apmds/S_00006284.dat
./../benchmark_test_data/1bm8/apmds/S_00006359.dat
./../benchmark_test_data/1bm8/apmds/S_00006810.dat
./../benchmark_test_data/1bm8/apmds/S_00006880.dat
./../benchmark_test_data/1bm8/apmds/S_00006992.dat
./../benchmark_test_data/1bm8/apmds/S_00007109.dat
./../benchmark_test_data/1bm8/apmds/S_00007226.dat
./../benchmark_test_data/1bm8/apmds/S_00007377.dat
./../benchmark_test_data/1bm8/apmds/S_00007704.dat
./../benchmark_test_data/1bm8/apmds/S_00007898.dat
./../benchmark_test_data/1bm8/apmds/S_00008487.dat
./../benchmark_test_data/1bm8/apmds/S_00008858.dat
./../benchmark_test_data/1bm8/apmds/S_00008909.dat
./../benchmark_test_data/1bm8/apmds/S_00008918.dat
./../benchmark_test_data/1bm8/apmds/S_00008931.dat
./../benchmark_test_data/1bm8/apmds/S_00009239.dat
./../benchmark_test_data/1bm8/apmds/S_00009554.dat
./../benchmark_test_data/1bm8/apmds/S_00010279.dat
./../benchmark_test_data/1bm8/apmds/S_00010302.dat
./../benchmark_test_data/1bm8/apmds/S_00010441.dat
./../benchmark_test_data/1bm8/apmds/S_00010481.dat
./../benchmark_test_data/1bm8/apmds/S_00010566.dat
./../benchmark_test_data/1bm8/apmds/S_00011021.dat
./../benchmark_test_data/1bm8/apmds/S_00011591.dat
./../benchmark_test_data/1bm8/apmds/S_00011683.dat
./../benchmark_test_data/1bm8/apmds/S_00011862.dat
./../benchmark_test_data/1bm8/apmds/S_00011884.dat
./../benchmark_test_data/1bm8/apmds/S_00011952.dat
./../benchmark_test_data/1bm8/apmds/S_00011965.dat
./../benchmark_test_data/1bm8/apmds/S_00012334.dat
./../benchmark_test_data/1bm8/apmds/S_00012406.dat
./../benchmark_test_data/1bm8/apmds/S_00012413.dat
./../benchmark_test_data/1bm8/apmds/S_00013028.dat
./../benchmark_test_data/1bm8/apmds/S_00014029.dat
./../benchmark_test_data/1bm8/apmds/S_00014169.dat
./../benchmark_test_data/1bm8/apmds/S_00014527.dat
./../benchmark_test_data/1bm8/apmds/S_00014594.dat
./../benchmark_test_data/1bm8/apmds/S_00014595.dat
./../benchmark_test_data/1bm8/apmds/S_00014679.dat
./../benchmark_test_data/1bm8/apmds/S_00015455.dat
./../benchmark_test_data/1bm8/apmds/S_00015656.dat
./../benchmark_test_data/1bm8/apmds/S_00015877.dat
./../benchmark_test_data/1bm8/apmds/S_00016020.dat
./../benchmark_test_data/1bm8/apmds/S_00016136.dat
./../benchmark_test_data/1bm8/apmds/S_00016175.dat
./../benchmark_test_data/1bm8/apmds/S_00016340.dat
./../benchmark_test_data/1bm8/apmds/S_00016386.dat
./../benchmark_test_data/1bm8/apmds/S_00016393.dat
./../benchmark_test_data/1bm8/apmds/S_00016827.dat
./../benchmark_test_data/1bm8/apmds/S_00016963.dat
./../benchmark_test_data/1bm8/apmds/S_00017994.dat
./../benchmark_test_data/1bm8/apmds/S_00018014.dat
./../benchmark_test_data/1bm8/apmds/S_00018199.dat
./../benchmark_test_data/1bm8/apmds/S_00018391.dat
./../benchmark_test_data/1bm8/apmds/S_00018790.dat
./../benchmark_test_data/1bm8/apmds/S_00019139.dat
./../benchmark_test_data/1bm8/apmds/S_00019163.dat
./../benchmark_test_data/1bm8/apmds/S_00019729.dat
./../benchmark_test_data/1bm8/apmds/S_00019875.dat
./../benchmark_test_data/1bm8/apmds/S_00019892.dat
./../benchmark_test_data/1bm8/apmds/S_00020162.dat
./../benchmark_test_data/1bm8/apmds/S_00020263.dat
./../benchmark_test_data/1bm8/apmds/S_00020567.dat
./../benchmark_test_data/1bm8/apmds/S_00021033.dat
./../benchmark_test_data/1bm8/apmds/S_00021037.dat
./../benchmark_test_data/1bm8/apmds/S_00021202.dat
./../benchmark_test_data/1bm8/apmds/S_00021299.dat
./../benchmark_test_data/1bm8/apmds/S_00021321.dat
./../benchmark_test_data/1bm8/apmds/S_00021669.dat
./../benchmark_test_data/1bm8/apmds/S_00021831.dat
