./../benchmark_test_data/1bm8/models/S_00151480.pdb
./../benchmark_test_data/1bm8/models/S_00107422.pdb
./../benchmark_test_data/1bm8/models/S_00004567.pdb
./../benchmark_test_data/1bm8/models/S_00144550.pdb
./../benchmark_test_data/1bm8/models/S_00183507.pdb
./../benchmark_test_data/1bm8/models/S_00051850.pdb
./../benchmark_test_data/1bm8/models/S_00178287.pdb
./../benchmark_test_data/1bm8/models/S_00076495.pdb
./../benchmark_test_data/1bm8/models/S_00065078.pdb
./../benchmark_test_data/1bm8/models/S_00049302.pdb
./../benchmark_test_data/1bm8/models/S_00179432.pdb
./../benchmark_test_data/1bm8/models/S_00164938.pdb
./../benchmark_test_data/1bm8/models/S_00197141.pdb
./../benchmark_test_data/1bm8/models/S_00107697.pdb
./../benchmark_test_data/1bm8/models/S_00033791.pdb
./../benchmark_test_data/1bm8/models/S_00123086.pdb
./../benchmark_test_data/1bm8/models/S_00147475.pdb
./../benchmark_test_data/1bm8/models/S_00160392.pdb
./../benchmark_test_data/1bm8/models/S_00000482.pdb
./../benchmark_test_data/1bm8/models/S_00055787.pdb
./../benchmark_test_data/1bm8/models/S_00035670.pdb
./../benchmark_test_data/1bm8/models/S_00056495.pdb
./../benchmark_test_data/1bm8/models/S_00070507.pdb
./../benchmark_test_data/1bm8/models/S_00055944.pdb
./../benchmark_test_data/1bm8/models/S_00106716.pdb
./../benchmark_test_data/1bm8/models/S_00107230.pdb
./../benchmark_test_data/1bm8/models/S_00074850.pdb
./../benchmark_test_data/1bm8/models/S_00066225.pdb
./../benchmark_test_data/1bm8/models/S_00080119.pdb
./../benchmark_test_data/1bm8/models/S_00138316.pdb
./../benchmark_test_data/1bm8/models/S_00007898.pdb
./../benchmark_test_data/1bm8/models/S_00079801.pdb
./../benchmark_test_data/1bm8/models/S_00158889.pdb
./../benchmark_test_data/1bm8/models/S_00194784.pdb
./../benchmark_test_data/1bm8/models/S_00011683.pdb
./../benchmark_test_data/1bm8/models/S_00079208.pdb
./../benchmark_test_data/1bm8/models/S_00078941.pdb
./../benchmark_test_data/1bm8/models/S_00089339.pdb
./../benchmark_test_data/1bm8/models/S_00083810.pdb
./../benchmark_test_data/1bm8/models/S_00134809.pdb
./../benchmark_test_data/1bm8/models/S_00022566.pdb
./../benchmark_test_data/1bm8/models/S_00142237.pdb
./../benchmark_test_data/1bm8/models/S_00087072.pdb
./../benchmark_test_data/1bm8/models/S_00058777.pdb
./../benchmark_test_data/1bm8/models/S_00040629.pdb
./../benchmark_test_data/1bm8/models/S_00104926.pdb
./../benchmark_test_data/1bm8/models/S_00176965.pdb
./../benchmark_test_data/1bm8/models/S_00199552.pdb
./../benchmark_test_data/1bm8/models/S_00016386.pdb
./../benchmark_test_data/1bm8/models/S_00107546.pdb
./../benchmark_test_data/1bm8/models/S_00138007.pdb
./../benchmark_test_data/1bm8/models/S_00154691.pdb
./../benchmark_test_data/1bm8/models/S_00167251.pdb
./../benchmark_test_data/1bm8/models/S_00114877.pdb
./../benchmark_test_data/1bm8/models/S_00000255.pdb
./../benchmark_test_data/1bm8/models/S_00128639.pdb
./../benchmark_test_data/1bm8/models/S_00197834.pdb
./../benchmark_test_data/1bm8/models/S_00051051.pdb
./../benchmark_test_data/1bm8/models/S_00044918.pdb
./../benchmark_test_data/1bm8/models/S_00047103.pdb
./../benchmark_test_data/1bm8/models/S_00056882.pdb
./../benchmark_test_data/1bm8/models/S_00039502.pdb
./../benchmark_test_data/1bm8/models/S_00047860.pdb
./../benchmark_test_data/1bm8/models/S_00003665.pdb
./../benchmark_test_data/1bm8/models/S_00114125.pdb
./../benchmark_test_data/1bm8/models/S_00053662.pdb
./../benchmark_test_data/1bm8/models/S_00160471.pdb
./../benchmark_test_data/1bm8/models/S_00176592.pdb
./../benchmark_test_data/1bm8/models/S_00034617.pdb
./../benchmark_test_data/1bm8/models/S_00151890.pdb
./../benchmark_test_data/1bm8/models/S_00044644.pdb
./../benchmark_test_data/1bm8/models/S_00030659.pdb
./../benchmark_test_data/1bm8/models/S_00160681.pdb
./../benchmark_test_data/1bm8/models/S_00095720.pdb
./../benchmark_test_data/1bm8/models/S_00140950.pdb
./../benchmark_test_data/1bm8/models/S_00134778.pdb
./../benchmark_test_data/1bm8/models/S_00050784.pdb
./../benchmark_test_data/1bm8/models/S_00001708.pdb
./../benchmark_test_data/1bm8/models/S_00082002.pdb
./../benchmark_test_data/1bm8/models/S_00075570.pdb
./../benchmark_test_data/1bm8/models/S_00191899.pdb
./../benchmark_test_data/1bm8/models/S_00153980.pdb
./../benchmark_test_data/1bm8/models/S_00063050.pdb
./../benchmark_test_data/1bm8/models/S_00138676.pdb
./../benchmark_test_data/1bm8/models/S_00049419.pdb
./../benchmark_test_data/1bm8/models/S_00008931.pdb
./../benchmark_test_data/1bm8/models/S_00196534.pdb
./../benchmark_test_data/1bm8/models/S_00077416.pdb
./../benchmark_test_data/1bm8/models/S_00054418.pdb
./../benchmark_test_data/1bm8/models/S_00149441.pdb
./../benchmark_test_data/1bm8/models/S_00053348.pdb
./../benchmark_test_data/1bm8/models/S_00094644.pdb
./../benchmark_test_data/1bm8/models/S_00155788.pdb
./../benchmark_test_data/1bm8/models/S_00085229.pdb
./../benchmark_test_data/1bm8/models/S_00110691.pdb
./../benchmark_test_data/1bm8/models/S_00051748.pdb
./../benchmark_test_data/1bm8/models/S_00093572.pdb
./../benchmark_test_data/1bm8/models/S_00128227.pdb
./../benchmark_test_data/1bm8/models/S_00188390.pdb
./../benchmark_test_data/1bm8/models/S_00181762.pdb
./../benchmark_test_data/1bm8/models/S_00141550.pdb
./../benchmark_test_data/1bm8/models/S_00026861.pdb
./../benchmark_test_data/1bm8/models/S_00115080.pdb
./../benchmark_test_data/1bm8/models/S_00176841.pdb
./../benchmark_test_data/1bm8/models/S_00163963.pdb
./../benchmark_test_data/1bm8/models/S_00120264.pdb
./../benchmark_test_data/1bm8/models/S_00176681.pdb
./../benchmark_test_data/1bm8/models/S_00042112.pdb
./../benchmark_test_data/1bm8/models/S_00181261.pdb
./../benchmark_test_data/1bm8/models/S_00059444.pdb
./../benchmark_test_data/1bm8/models/S_00102051.pdb
./../benchmark_test_data/1bm8/models/S_00145890.pdb
./../benchmark_test_data/1bm8/models/S_00168294.pdb
./../benchmark_test_data/1bm8/models/S_00086300.pdb
./../benchmark_test_data/1bm8/models/S_00152350.pdb
./../benchmark_test_data/1bm8/models/S_00039224.pdb
./../benchmark_test_data/1bm8/models/S_00053432.pdb
./../benchmark_test_data/1bm8/models/S_00164190.pdb
./../benchmark_test_data/1bm8/models/S_00169450.pdb
./../benchmark_test_data/1bm8/models/S_00004185.pdb
./../benchmark_test_data/1bm8/models/S_00121046.pdb
./../benchmark_test_data/1bm8/models/S_00192192.pdb
./../benchmark_test_data/1bm8/models/S_00146636.pdb
./../benchmark_test_data/1bm8/models/S_00132151.pdb
./../benchmark_test_data/1bm8/models/S_00107211.pdb
./../benchmark_test_data/1bm8/models/S_00095913.pdb
./../benchmark_test_data/1bm8/models/S_00066952.pdb
./../benchmark_test_data/1bm8/models/S_00170743.pdb
./../benchmark_test_data/1bm8/models/S_00031303.pdb
./../benchmark_test_data/1bm8/models/S_00070761.pdb
./../benchmark_test_data/1bm8/models/S_00121844.pdb
./../benchmark_test_data/1bm8/models/S_00142303.pdb
./../benchmark_test_data/1bm8/models/S_00154285.pdb
./../benchmark_test_data/1bm8/models/S_00040187.pdb
./../benchmark_test_data/1bm8/models/S_00024313.pdb
./../benchmark_test_data/1bm8/models/S_00008918.pdb
./../benchmark_test_data/1bm8/models/S_00107216.pdb
./../benchmark_test_data/1bm8/models/S_00099397.pdb
./../benchmark_test_data/1bm8/models/S_00166997.pdb
./../benchmark_test_data/1bm8/models/S_00098335.pdb
./../benchmark_test_data/1bm8/models/S_00006284.pdb
./../benchmark_test_data/1bm8/models/S_00120752.pdb
./../benchmark_test_data/1bm8/models/S_00137119.pdb
./../benchmark_test_data/1bm8/models/S_00097449.pdb
./../benchmark_test_data/1bm8/models/S_00179421.pdb
./../benchmark_test_data/1bm8/models/S_00108303.pdb
./../benchmark_test_data/1bm8/models/S_00078435.pdb
./../benchmark_test_data/1bm8/models/S_00005673.pdb
./../benchmark_test_data/1bm8/models/S_00006992.pdb
./../benchmark_test_data/1bm8/models/S_00164778.pdb
./../benchmark_test_data/1bm8/models/S_00097090.pdb
./../benchmark_test_data/1bm8/models/S_00063906.pdb
./../benchmark_test_data/1bm8/models/S_00052473.pdb
./../benchmark_test_data/1bm8/models/S_00054626.pdb
./../benchmark_test_data/1bm8/models/S_00029664.pdb
./../benchmark_test_data/1bm8/models/S_00139873.pdb
./../benchmark_test_data/1bm8/models/S_00089138.pdb
./../benchmark_test_data/1bm8/models/S_00014679.pdb
./../benchmark_test_data/1bm8/models/S_00096192.pdb
./../benchmark_test_data/1bm8/models/S_00187804.pdb
./../benchmark_test_data/1bm8/models/S_00102388.pdb
./../benchmark_test_data/1bm8/models/S_00190408.pdb
./../benchmark_test_data/1bm8/models/S_00172319.pdb
./../benchmark_test_data/1bm8/models/S_00124210.pdb
./../benchmark_test_data/1bm8/models/S_00079661.pdb
./../benchmark_test_data/1bm8/models/S_00161893.pdb
./../benchmark_test_data/1bm8/models/S_00037699.pdb
./../benchmark_test_data/1bm8/models/S_00123352.pdb
./../benchmark_test_data/1bm8/models/S_00180878.pdb
./../benchmark_test_data/1bm8/models/S_00053975.pdb
./../benchmark_test_data/1bm8/models/S_00043150.pdb
./../benchmark_test_data/1bm8/models/S_00138875.pdb
./../benchmark_test_data/1bm8/models/S_00132665.pdb
./../benchmark_test_data/1bm8/models/S_00163975.pdb
./../benchmark_test_data/1bm8/models/S_00022349.pdb
./../benchmark_test_data/1bm8/models/S_00050135.pdb
./../benchmark_test_data/1bm8/models/S_00011862.pdb
./../benchmark_test_data/1bm8/models/S_00165746.pdb
./../benchmark_test_data/1bm8/models/S_00062768.pdb
./../benchmark_test_data/1bm8/models/S_00130028.pdb
./../benchmark_test_data/1bm8/models/S_00045548.pdb
./../benchmark_test_data/1bm8/models/S_00134917.pdb
./../benchmark_test_data/1bm8/models/S_00096957.pdb
./../benchmark_test_data/1bm8/models/S_00116099.pdb
./../benchmark_test_data/1bm8/models/S_00135411.pdb
./../benchmark_test_data/1bm8/models/S_00185520.pdb
./../benchmark_test_data/1bm8/models/S_00073484.pdb
./../benchmark_test_data/1bm8/models/S_00089688.pdb
./../benchmark_test_data/1bm8/models/S_00059119.pdb
./../benchmark_test_data/1bm8/models/S_00147106.pdb
./../benchmark_test_data/1bm8/models/S_00127717.pdb
./../benchmark_test_data/1bm8/models/S_00098548.pdb
./../benchmark_test_data/1bm8/models/S_00161240.pdb
./../benchmark_test_data/1bm8/models/S_00042479.pdb
./../benchmark_test_data/1bm8/models/S_00118801.pdb
./../benchmark_test_data/1bm8/models/S_00031457.pdb
./../benchmark_test_data/1bm8/models/S_00119102.pdb
./../benchmark_test_data/1bm8/models/S_00145311.pdb
./../benchmark_test_data/1bm8/models/S_00003856.pdb
./../benchmark_test_data/1bm8/models/S_00191058.pdb
./../benchmark_test_data/1bm8/models/S_00193267.pdb
./../benchmark_test_data/1bm8/models/S_00164305.pdb
./../benchmark_test_data/1bm8/models/S_00087658.pdb
./../benchmark_test_data/1bm8/models/S_00131309.pdb
./../benchmark_test_data/1bm8/models/S_00136632.pdb
./../benchmark_test_data/1bm8/models/S_00138078.pdb
./../benchmark_test_data/1bm8/models/S_00068105.pdb
./../benchmark_test_data/1bm8/models/S_00130904.pdb
./../benchmark_test_data/1bm8/models/S_00199962.pdb
./../benchmark_test_data/1bm8/models/S_00190703.pdb
./../benchmark_test_data/1bm8/models/S_00043357.pdb
./../benchmark_test_data/1bm8/models/S_00059964.pdb
./../benchmark_test_data/1bm8/models/S_00039701.pdb
./../benchmark_test_data/1bm8/models/S_00063772.pdb
./../benchmark_test_data/1bm8/models/S_00148050.pdb
./../benchmark_test_data/1bm8/models/S_00149504.pdb
./../benchmark_test_data/1bm8/models/S_00150023.pdb
./../benchmark_test_data/1bm8/models/S_00080748.pdb
./../benchmark_test_data/1bm8/models/S_00025394.pdb
./../benchmark_test_data/1bm8/models/S_00137185.pdb
./../benchmark_test_data/1bm8/models/S_00019163.pdb
./../benchmark_test_data/1bm8/models/S_00166176.pdb
./../benchmark_test_data/1bm8/models/S_00044306.pdb
./../benchmark_test_data/1bm8/models/S_00148615.pdb
./../benchmark_test_data/1bm8/models/S_00123483.pdb
./../benchmark_test_data/1bm8/models/S_00073138.pdb
./../benchmark_test_data/1bm8/models/S_00016136.pdb
./../benchmark_test_data/1bm8/models/S_00158952.pdb
./../benchmark_test_data/1bm8/models/S_00173914.pdb
./../benchmark_test_data/1bm8/models/S_00016963.pdb
./../benchmark_test_data/1bm8/models/S_00022756.pdb
./../benchmark_test_data/1bm8/models/S_00038863.pdb
./../benchmark_test_data/1bm8/models/S_00056503.pdb
./../benchmark_test_data/1bm8/models/S_00170273.pdb
./../benchmark_test_data/1bm8/models/S_00161860.pdb
./../benchmark_test_data/1bm8/models/S_00138516.pdb
./../benchmark_test_data/1bm8/models/S_00000874.pdb
./../benchmark_test_data/1bm8/models/S_00157576.pdb
./../benchmark_test_data/1bm8/models/S_00156617.pdb
./../benchmark_test_data/1bm8/models/S_00105080.pdb
./../benchmark_test_data/1bm8/models/S_00120467.pdb
./../benchmark_test_data/1bm8/models/S_00147497.pdb
./../benchmark_test_data/1bm8/models/S_00061879.pdb
./../benchmark_test_data/1bm8/models/S_00153263.pdb
./../benchmark_test_data/1bm8/models/S_00021831.pdb
./../benchmark_test_data/1bm8/models/S_00007109.pdb
./../benchmark_test_data/1bm8/models/S_00096500.pdb
./../benchmark_test_data/1bm8/models/S_00000141.pdb
./../benchmark_test_data/1bm8/models/S_00078412.pdb
./../benchmark_test_data/1bm8/models/S_00101457.pdb
./../benchmark_test_data/1bm8/models/S_00045281.pdb
./../benchmark_test_data/1bm8/models/S_00102567.pdb
./../benchmark_test_data/1bm8/models/S_00021202.pdb
./../benchmark_test_data/1bm8/models/S_00148821.pdb
./../benchmark_test_data/1bm8/models/S_00143447.pdb
./../benchmark_test_data/1bm8/models/S_00088463.pdb
./../benchmark_test_data/1bm8/models/S_00056536.pdb
./../benchmark_test_data/1bm8/models/S_00018014.pdb
./../benchmark_test_data/1bm8/models/S_00103180.pdb
./../benchmark_test_data/1bm8/models/S_00181001.pdb
./../benchmark_test_data/1bm8/models/S_00021944.pdb
./../benchmark_test_data/1bm8/models/S_00184480.pdb
./../benchmark_test_data/1bm8/models/S_00105875.pdb
./../benchmark_test_data/1bm8/models/S_00144523.pdb
./../benchmark_test_data/1bm8/models/S_00174001.pdb
./../benchmark_test_data/1bm8/models/S_00091114.pdb
./../benchmark_test_data/1bm8/models/S_00020567.pdb
./../benchmark_test_data/1bm8/models/S_00097152.pdb
./../benchmark_test_data/1bm8/models/S_00009554.pdb
./../benchmark_test_data/1bm8/models/S_00055004.pdb
./../benchmark_test_data/1bm8/models/S_00192186.pdb
./../benchmark_test_data/1bm8/models/S_00154641.pdb
./../benchmark_test_data/1bm8/models/S_00037782.pdb
./../benchmark_test_data/1bm8/models/S_00083244.pdb
./../benchmark_test_data/1bm8/models/S_00087633.pdb
./../benchmark_test_data/1bm8/models/S_00016827.pdb
./../benchmark_test_data/1bm8/models/S_00091986.pdb
./../benchmark_test_data/1bm8/models/S_00196464.pdb
./../benchmark_test_data/1bm8/models/S_00078208.pdb
./../benchmark_test_data/1bm8/models/S_00110942.pdb
./../benchmark_test_data/1bm8/models/S_00157259.pdb
./../benchmark_test_data/1bm8/models/S_00056781.pdb
./../benchmark_test_data/1bm8/models/S_00077633.pdb
./../benchmark_test_data/1bm8/models/S_00120464.pdb
./../benchmark_test_data/1bm8/models/S_00079187.pdb
./../benchmark_test_data/1bm8/models/S_00134765.pdb
./../benchmark_test_data/1bm8/models/S_00147044.pdb
./../benchmark_test_data/1bm8/models/S_00090603.pdb
./../benchmark_test_data/1bm8/models/S_00047675.pdb
./../benchmark_test_data/1bm8/models/S_00182704.pdb
./../benchmark_test_data/1bm8/models/S_00112661.pdb
./../benchmark_test_data/1bm8/models/S_00027626.pdb
./../benchmark_test_data/1bm8/models/S_00197880.pdb
./../benchmark_test_data/1bm8/models/S_00098386.pdb
./../benchmark_test_data/1bm8/models/S_00136581.pdb
./../benchmark_test_data/1bm8/models/S_00005835.pdb
./../benchmark_test_data/1bm8/models/S_00142099.pdb
./../benchmark_test_data/1bm8/models/S_00161847.pdb
./../benchmark_test_data/1bm8/models/S_00057548.pdb
./../benchmark_test_data/1bm8/models/S_00131021.pdb
./../benchmark_test_data/1bm8/models/S_00145762.pdb
./../benchmark_test_data/1bm8/models/S_00147069.pdb
./../benchmark_test_data/1bm8/models/S_00162459.pdb
./../benchmark_test_data/1bm8/models/S_00081044.pdb
./../benchmark_test_data/1bm8/models/S_00125521.pdb
./../benchmark_test_data/1bm8/models/S_00127609.pdb
./../benchmark_test_data/1bm8/models/S_00081067.pdb
./../benchmark_test_data/1bm8/models/S_00107155.pdb
./../benchmark_test_data/1bm8/models/S_00191401.pdb
./../benchmark_test_data/1bm8/models/S_00186696.pdb
./../benchmark_test_data/1bm8/models/S_00196121.pdb
./../benchmark_test_data/1bm8/models/S_00148580.pdb
./../benchmark_test_data/1bm8/models/S_00162371.pdb
./../benchmark_test_data/1bm8/models/S_00192087.pdb
./../benchmark_test_data/1bm8/models/S_00034784.pdb
./../benchmark_test_data/1bm8/models/S_00058157.pdb
./../benchmark_test_data/1bm8/models/S_00020162.pdb
./../benchmark_test_data/1bm8/models/S_00148077.pdb
./../benchmark_test_data/1bm8/models/S_00002435.pdb
./../benchmark_test_data/1bm8/models/S_00055948.pdb
./../benchmark_test_data/1bm8/models/S_00093083.pdb
./../benchmark_test_data/1bm8/models/S_00019729.pdb
./../benchmark_test_data/1bm8/models/S_00173465.pdb
./../benchmark_test_data/1bm8/models/S_00179570.pdb
./../benchmark_test_data/1bm8/models/S_00021299.pdb
./../benchmark_test_data/1bm8/models/S_00011884.pdb
./../benchmark_test_data/1bm8/models/S_00135866.pdb
./../benchmark_test_data/1bm8/models/S_00180347.pdb
./../benchmark_test_data/1bm8/models/S_00099306.pdb
./../benchmark_test_data/1bm8/models/S_00124915.pdb
./../benchmark_test_data/1bm8/models/S_00161305.pdb
./../benchmark_test_data/1bm8/models/S_00120862.pdb
./../benchmark_test_data/1bm8/models/S_00192109.pdb
./../benchmark_test_data/1bm8/models/S_00066058.pdb
./../benchmark_test_data/1bm8/models/S_00139184.pdb
./../benchmark_test_data/1bm8/models/S_00028496.pdb
./../benchmark_test_data/1bm8/models/S_00073867.pdb
./../benchmark_test_data/1bm8/models/S_00010441.pdb
./../benchmark_test_data/1bm8/models/S_00191870.pdb
./../benchmark_test_data/1bm8/models/S_00105101.pdb
./../benchmark_test_data/1bm8/models/S_00125239.pdb
./../benchmark_test_data/1bm8/models/S_00135272.pdb
./../benchmark_test_data/1bm8/models/S_00180655.pdb
./../benchmark_test_data/1bm8/models/S_00060207.pdb
./../benchmark_test_data/1bm8/models/S_00197369.pdb
./../benchmark_test_data/1bm8/models/S_00181038.pdb
./../benchmark_test_data/1bm8/models/S_00094038.pdb
./../benchmark_test_data/1bm8/models/S_00044293.pdb
./../benchmark_test_data/1bm8/models/S_00198480.pdb
./../benchmark_test_data/1bm8/models/S_00147323.pdb
./../benchmark_test_data/1bm8/models/S_00088322.pdb
./../benchmark_test_data/1bm8/models/S_00166668.pdb
./../benchmark_test_data/1bm8/models/S_00029591.pdb
./../benchmark_test_data/1bm8/models/S_00070695.pdb
./../benchmark_test_data/1bm8/models/S_00198544.pdb
./../benchmark_test_data/1bm8/models/S_00181746.pdb
./../benchmark_test_data/1bm8/models/S_00032798.pdb
./../benchmark_test_data/1bm8/models/S_00109623.pdb
./../benchmark_test_data/1bm8/models/S_00175523.pdb
./../benchmark_test_data/1bm8/models/S_00141786.pdb
./../benchmark_test_data/1bm8/models/S_00110992.pdb
./../benchmark_test_data/1bm8/models/S_00061885.pdb
./../benchmark_test_data/1bm8/models/S_00074628.pdb
./../benchmark_test_data/1bm8/models/S_00187968.pdb
./../benchmark_test_data/1bm8/models/S_00148682.pdb
./../benchmark_test_data/1bm8/models/S_00083700.pdb
./../benchmark_test_data/1bm8/models/S_00076694.pdb
./../benchmark_test_data/1bm8/models/S_00065940.pdb
./../benchmark_test_data/1bm8/models/S_00055096.pdb
./../benchmark_test_data/1bm8/models/S_00032267.pdb
./../benchmark_test_data/1bm8/models/S_00172473.pdb
./../benchmark_test_data/1bm8/models/S_00075541.pdb
./../benchmark_test_data/1bm8/models/S_00034715.pdb
./../benchmark_test_data/1bm8/models/S_00084954.pdb
./../benchmark_test_data/1bm8/models/S_00153967.pdb
./../benchmark_test_data/1bm8/models/S_00034416.pdb
./../benchmark_test_data/1bm8/models/S_00130210.pdb
./../benchmark_test_data/1bm8/models/S_00012334.pdb
./../benchmark_test_data/1bm8/models/S_00172544.pdb
./../benchmark_test_data/1bm8/models/S_00006281.pdb
./../benchmark_test_data/1bm8/models/S_00014594.pdb
./../benchmark_test_data/1bm8/models/S_00144338.pdb
./../benchmark_test_data/1bm8/models/S_00019892.pdb
./../benchmark_test_data/1bm8/models/S_00149213.pdb
./../benchmark_test_data/1bm8/models/S_00169325.pdb
./../benchmark_test_data/1bm8/models/S_00021037.pdb
./../benchmark_test_data/1bm8/models/S_00155987.pdb
./../benchmark_test_data/1bm8/models/S_00058012.pdb
./../benchmark_test_data/1bm8/models/S_00194992.pdb
./../benchmark_test_data/1bm8/models/S_00123157.pdb
./../benchmark_test_data/1bm8/models/S_00153341.pdb
./../benchmark_test_data/1bm8/models/S_00182775.pdb
./../benchmark_test_data/1bm8/models/S_00000319.pdb
./../benchmark_test_data/1bm8/models/S_00143231.pdb
./../benchmark_test_data/1bm8/models/S_00011965.pdb
./../benchmark_test_data/1bm8/models/S_00188453.pdb
./../benchmark_test_data/1bm8/models/S_00107457.pdb
./../benchmark_test_data/1bm8/models/S_00187508.pdb
./../benchmark_test_data/1bm8/models/S_00123563.pdb
./../benchmark_test_data/1bm8/models/S_00056855.pdb
./../benchmark_test_data/1bm8/models/S_00090382.pdb
./../benchmark_test_data/1bm8/models/S_00104453.pdb
./../benchmark_test_data/1bm8/models/S_00059509.pdb
./../benchmark_test_data/1bm8/models/S_00155702.pdb
./../benchmark_test_data/1bm8/models/S_00018790.pdb
./../benchmark_test_data/1bm8/models/S_00102696.pdb
./../benchmark_test_data/1bm8/models/S_00062518.pdb
./../benchmark_test_data/1bm8/models/S_00124516.pdb
./../benchmark_test_data/1bm8/models/S_00151125.pdb
./../benchmark_test_data/1bm8/models/S_00087236.pdb
./../benchmark_test_data/1bm8/models/S_00189964.pdb
./../benchmark_test_data/1bm8/models/S_00127638.pdb
./../benchmark_test_data/1bm8/models/S_00074921.pdb
./../benchmark_test_data/1bm8/models/S_00125255.pdb
./../benchmark_test_data/1bm8/models/S_00028565.pdb
./../benchmark_test_data/1bm8/models/S_00087308.pdb
./../benchmark_test_data/1bm8/models/S_00072354.pdb
./../benchmark_test_data/1bm8/models/S_00153297.pdb
./../benchmark_test_data/1bm8/models/S_00054798.pdb
./../benchmark_test_data/1bm8/models/S_00179446.pdb
./../benchmark_test_data/1bm8/models/S_00008909.pdb
./../benchmark_test_data/1bm8/models/S_00034245.pdb
./../benchmark_test_data/1bm8/models/S_00181441.pdb
./../benchmark_test_data/1bm8/models/S_00138086.pdb
./../benchmark_test_data/1bm8/models/S_00064959.pdb
./../benchmark_test_data/1bm8/models/S_00081693.pdb
./../benchmark_test_data/1bm8/models/S_00031855.pdb
./../benchmark_test_data/1bm8/models/S_00076739.pdb
./../benchmark_test_data/1bm8/models/S_00090467.pdb
./../benchmark_test_data/1bm8/models/S_00112833.pdb
./../benchmark_test_data/1bm8/models/S_00110819.pdb
./../benchmark_test_data/1bm8/models/S_00052852.pdb
./../benchmark_test_data/1bm8/models/S_00115196.pdb
./../benchmark_test_data/1bm8/models/S_00010302.pdb
./../benchmark_test_data/1bm8/models/S_00183715.pdb
./../benchmark_test_data/1bm8/models/S_00084025.pdb
./../benchmark_test_data/1bm8/models/S_00140505.pdb
./../benchmark_test_data/1bm8/models/S_00159421.pdb
./../benchmark_test_data/1bm8/models/S_00144252.pdb
./../benchmark_test_data/1bm8/models/S_00041062.pdb
./../benchmark_test_data/1bm8/models/S_00147624.pdb
./../benchmark_test_data/1bm8/models/S_00193518.pdb
./../benchmark_test_data/1bm8/models/S_00018199.pdb
./../benchmark_test_data/1bm8/models/S_00002456.pdb
./../benchmark_test_data/1bm8/models/S_00197967.pdb
./../benchmark_test_data/1bm8/models/S_00064178.pdb
./../benchmark_test_data/1bm8/models/S_00078702.pdb
./../benchmark_test_data/1bm8/models/S_00166419.pdb
./../benchmark_test_data/1bm8/models/S_00147700.pdb
./../benchmark_test_data/1bm8/models/S_00060564.pdb
./../benchmark_test_data/1bm8/models/S_00005046.pdb
./../benchmark_test_data/1bm8/models/S_00193069.pdb
./../benchmark_test_data/1bm8/models/S_00156442.pdb
./../benchmark_test_data/1bm8/models/S_00173557.pdb
./../benchmark_test_data/1bm8/models/S_00155967.pdb
./../benchmark_test_data/1bm8/models/S_00048782.pdb
./../benchmark_test_data/1bm8/models/S_00127018.pdb
./../benchmark_test_data/1bm8/models/S_00042423.pdb
./../benchmark_test_data/1bm8/models/S_00146380.pdb
./../benchmark_test_data/1bm8/models/S_00179997.pdb
./../benchmark_test_data/1bm8/models/S_00167359.pdb
./../benchmark_test_data/1bm8/models/S_00136261.pdb
./../benchmark_test_data/1bm8/models/S_00079592.pdb
./../benchmark_test_data/1bm8/models/S_00177749.pdb
./../benchmark_test_data/1bm8/models/S_00026932.pdb
./../benchmark_test_data/1bm8/models/S_00144327.pdb
./../benchmark_test_data/1bm8/models/S_00098977.pdb
./../benchmark_test_data/1bm8/models/S_00113182.pdb
./../benchmark_test_data/1bm8/models/S_00123259.pdb
./../benchmark_test_data/1bm8/models/S_00149530.pdb
./../benchmark_test_data/1bm8/models/S_00135827.pdb
./../benchmark_test_data/1bm8/models/S_00059007.pdb
./../benchmark_test_data/1bm8/models/S_00099770.pdb
./../benchmark_test_data/1bm8/models/S_00187064.pdb
./../benchmark_test_data/1bm8/models/S_00036541.pdb
./../benchmark_test_data/1bm8/models/S_00166063.pdb
./../benchmark_test_data/1bm8/models/S_00005743.pdb
./../benchmark_test_data/1bm8/models/S_00035811.pdb
./../benchmark_test_data/1bm8/models/S_00021669.pdb
./../benchmark_test_data/1bm8/models/S_00102920.pdb
./../benchmark_test_data/1bm8/models/S_00006810.pdb
./../benchmark_test_data/1bm8/models/S_00110068.pdb
./../benchmark_test_data/1bm8/models/S_00128655.pdb
./../benchmark_test_data/1bm8/models/S_00194554.pdb
./../benchmark_test_data/1bm8/models/S_00002772.pdb
./../benchmark_test_data/1bm8/models/S_00015656.pdb
./../benchmark_test_data/1bm8/models/S_00100136.pdb
./../benchmark_test_data/1bm8/models/S_00119831.pdb
./../benchmark_test_data/1bm8/models/S_00120943.pdb
./../benchmark_test_data/1bm8/models/S_00048040.pdb
./../benchmark_test_data/1bm8/models/S_00189481.pdb
./../benchmark_test_data/1bm8/models/S_00167619.pdb
./../benchmark_test_data/1bm8/models/S_00025287.pdb
./../benchmark_test_data/1bm8/models/S_00106033.pdb
./../benchmark_test_data/1bm8/models/S_00067035.pdb
./../benchmark_test_data/1bm8/models/S_00065703.pdb
./../benchmark_test_data/1bm8/models/S_00141215.pdb
./../benchmark_test_data/1bm8/models/S_00167363.pdb
./../benchmark_test_data/1bm8/models/S_00133991.pdb
./../benchmark_test_data/1bm8/models/S_00074544.pdb
./../benchmark_test_data/1bm8/models/S_00063218.pdb
./../benchmark_test_data/1bm8/models/S_00191605.pdb
./../benchmark_test_data/1bm8/models/S_00133060.pdb
./../benchmark_test_data/1bm8/models/S_00072209.pdb
./../benchmark_test_data/1bm8/models/S_00073639.pdb
./../benchmark_test_data/1bm8/models/S_00078859.pdb
./../benchmark_test_data/1bm8/models/S_00051855.pdb
./../benchmark_test_data/1bm8/models/S_00171510.pdb
./../benchmark_test_data/1bm8/models/S_00119071.pdb
./../benchmark_test_data/1bm8/models/S_00013028.pdb
./../benchmark_test_data/1bm8/models/S_00075538.pdb
./../benchmark_test_data/1bm8/models/S_00007377.pdb
./../benchmark_test_data/1bm8/models/S_00144842.pdb
./../benchmark_test_data/1bm8/models/S_00159256.pdb
./../benchmark_test_data/1bm8/models/S_00183242.pdb
./../benchmark_test_data/1bm8/models/S_00188462.pdb
./../benchmark_test_data/1bm8/models/S_00155584.pdb
./../benchmark_test_data/1bm8/models/S_00117644.pdb
./../benchmark_test_data/1bm8/models/S_00050331.pdb
./../benchmark_test_data/1bm8/models/S_00169184.pdb
./../benchmark_test_data/1bm8/models/S_00104979.pdb
./../benchmark_test_data/1bm8/models/S_00122080.pdb
./../benchmark_test_data/1bm8/models/S_00014527.pdb
./../benchmark_test_data/1bm8/models/S_00036609.pdb
./../benchmark_test_data/1bm8/models/S_00112595.pdb
./../benchmark_test_data/1bm8/models/S_00124117.pdb
./../benchmark_test_data/1bm8/models/S_00181144.pdb
./../benchmark_test_data/1bm8/models/S_00050129.pdb
./../benchmark_test_data/1bm8/models/S_00156895.pdb
./../benchmark_test_data/1bm8/models/S_00003058.pdb
./../benchmark_test_data/1bm8/models/S_00072708.pdb
./../benchmark_test_data/1bm8/models/S_00123128.pdb
./../benchmark_test_data/1bm8/models/S_00178533.pdb
./../benchmark_test_data/1bm8/models/S_00060777.pdb
./../benchmark_test_data/1bm8/models/S_00117150.pdb
./../benchmark_test_data/1bm8/models/S_00031557.pdb
./../benchmark_test_data/1bm8/models/S_00053725.pdb
./../benchmark_test_data/1bm8/models/S_00108626.pdb
./../benchmark_test_data/1bm8/models/S_00027327.pdb
./../benchmark_test_data/1bm8/models/S_00101098.pdb
./../benchmark_test_data/1bm8/models/S_00137229.pdb
./../benchmark_test_data/1bm8/models/S_00170334.pdb
./../benchmark_test_data/1bm8/models/S_00145829.pdb
./../benchmark_test_data/1bm8/models/S_00100527.pdb
./../benchmark_test_data/1bm8/models/S_00133827.pdb
./../benchmark_test_data/1bm8/models/S_00032938.pdb
./../benchmark_test_data/1bm8/models/S_00197739.pdb
./../benchmark_test_data/1bm8/models/S_00161576.pdb
./../benchmark_test_data/1bm8/models/S_00068783.pdb
./../benchmark_test_data/1bm8/models/S_00174165.pdb
./../benchmark_test_data/1bm8/models/S_00034149.pdb
./../benchmark_test_data/1bm8/models/S_00037110.pdb
./../benchmark_test_data/1bm8/models/S_00016175.pdb
./../benchmark_test_data/1bm8/models/S_00117945.pdb
./../benchmark_test_data/1bm8/models/S_00115658.pdb
./../benchmark_test_data/1bm8/models/S_00185099.pdb
./../benchmark_test_data/1bm8/models/S_00120533.pdb
./../benchmark_test_data/1bm8/models/S_00193379.pdb
./../benchmark_test_data/1bm8/models/S_00058555.pdb
./../benchmark_test_data/1bm8/models/S_00071684.pdb
./../benchmark_test_data/1bm8/models/S_00192110.pdb
./../benchmark_test_data/1bm8/models/S_00155609.pdb
./../benchmark_test_data/1bm8/models/S_00044163.pdb
./../benchmark_test_data/1bm8/models/S_00062427.pdb
./../benchmark_test_data/1bm8/models/S_00113164.pdb
./../benchmark_test_data/1bm8/models/S_00168634.pdb
./../benchmark_test_data/1bm8/models/S_00086372.pdb
./../benchmark_test_data/1bm8/models/S_00038309.pdb
./../benchmark_test_data/1bm8/models/S_00098086.pdb
./../benchmark_test_data/1bm8/models/S_00017994.pdb
./../benchmark_test_data/1bm8/models/S_00199053.pdb
./../benchmark_test_data/1bm8/models/S_00123195.pdb
./../benchmark_test_data/1bm8/models/S_00014595.pdb
./../benchmark_test_data/1bm8/models/S_00178017.pdb
./../benchmark_test_data/1bm8/models/S_00015455.pdb
./../benchmark_test_data/1bm8/models/S_00132718.pdb
./../benchmark_test_data/1bm8/models/S_00166321.pdb
./../benchmark_test_data/1bm8/models/S_00165041.pdb
./../benchmark_test_data/1bm8/models/S_00106569.pdb
./../benchmark_test_data/1bm8/models/S_00173344.pdb
./../benchmark_test_data/1bm8/models/S_00198763.pdb
./../benchmark_test_data/1bm8/models/S_00198991.pdb
./../benchmark_test_data/1bm8/models/S_00021321.pdb
./../benchmark_test_data/1bm8/models/S_00151656.pdb
./../benchmark_test_data/1bm8/models/S_00146746.pdb
./../benchmark_test_data/1bm8/models/S_00117979.pdb
./../benchmark_test_data/1bm8/models/S_00074015.pdb
./../benchmark_test_data/1bm8/models/S_00093432.pdb
./../benchmark_test_data/1bm8/models/S_00185954.pdb
./../benchmark_test_data/1bm8/models/S_00122394.pdb
./../benchmark_test_data/1bm8/models/S_00135393.pdb
./../benchmark_test_data/1bm8/models/S_00037377.pdb
./../benchmark_test_data/1bm8/models/S_00175077.pdb
./../benchmark_test_data/1bm8/models/S_00154709.pdb
./../benchmark_test_data/1bm8/models/S_00034403.pdb
./../benchmark_test_data/1bm8/models/S_00070991.pdb
./../benchmark_test_data/1bm8/models/S_00047895.pdb
./../benchmark_test_data/1bm8/models/S_00005683.pdb
./../benchmark_test_data/1bm8/models/S_00091896.pdb
./../benchmark_test_data/1bm8/models/S_00121419.pdb
./../benchmark_test_data/1bm8/models/S_00066363.pdb
./../benchmark_test_data/1bm8/models/S_00148297.pdb
./../benchmark_test_data/1bm8/models/S_00041389.pdb
./../benchmark_test_data/1bm8/models/S_00045859.pdb
./../benchmark_test_data/1bm8/models/S_00175611.pdb
./../benchmark_test_data/1bm8/models/S_00045644.pdb
./../benchmark_test_data/1bm8/models/S_00014169.pdb
./../benchmark_test_data/1bm8/models/S_00067489.pdb
./../benchmark_test_data/1bm8/models/S_00086925.pdb
./../benchmark_test_data/1bm8/models/S_00010279.pdb
./../benchmark_test_data/1bm8/models/S_00166108.pdb
./../benchmark_test_data/1bm8/models/S_00115951.pdb
./../benchmark_test_data/1bm8/models/S_00194690.pdb
./../benchmark_test_data/1bm8/models/S_00116411.pdb
./../benchmark_test_data/1bm8/models/S_00183225.pdb
./../benchmark_test_data/1bm8/models/S_00127988.pdb
./../benchmark_test_data/1bm8/models/S_00116361.pdb
./../benchmark_test_data/1bm8/models/S_00055101.pdb
./../benchmark_test_data/1bm8/models/S_00186689.pdb
./../benchmark_test_data/1bm8/models/S_00033501.pdb
./../benchmark_test_data/1bm8/models/S_00188850.pdb
./../benchmark_test_data/1bm8/models/S_00092931.pdb
./../benchmark_test_data/1bm8/models/S_00068952.pdb
./../benchmark_test_data/1bm8/models/S_00046114.pdb
./../benchmark_test_data/1bm8/models/S_00063982.pdb
./../benchmark_test_data/1bm8/models/S_00025917.pdb
./../benchmark_test_data/1bm8/models/S_00066844.pdb
./../benchmark_test_data/1bm8/models/S_00178228.pdb
./../benchmark_test_data/1bm8/models/S_00172174.pdb
./../benchmark_test_data/1bm8/models/S_00093114.pdb
./../benchmark_test_data/1bm8/models/S_00131834.pdb
./../benchmark_test_data/1bm8/models/S_00070144.pdb
./../benchmark_test_data/1bm8/models/S_00142594.pdb
./../benchmark_test_data/1bm8/models/S_00052523.pdb
./../benchmark_test_data/1bm8/models/S_00001693.pdb
./../benchmark_test_data/1bm8/models/S_00148326.pdb
./../benchmark_test_data/1bm8/models/S_00088369.pdb
./../benchmark_test_data/1bm8/models/S_00108601.pdb
./../benchmark_test_data/1bm8/models/S_00073651.pdb
./../benchmark_test_data/1bm8/models/S_00063059.pdb
./../benchmark_test_data/1bm8/models/S_00141498.pdb
./../benchmark_test_data/1bm8/models/S_00156186.pdb
./../benchmark_test_data/1bm8/models/S_00137726.pdb
./../benchmark_test_data/1bm8/models/S_00050049.pdb
./../benchmark_test_data/1bm8/models/S_00158863.pdb
./../benchmark_test_data/1bm8/models/S_00042229.pdb
./../benchmark_test_data/1bm8/models/S_00123808.pdb
./../benchmark_test_data/1bm8/models/S_00001742.pdb
./../benchmark_test_data/1bm8/models/S_00132257.pdb
./../benchmark_test_data/1bm8/models/S_00153301.pdb
./../benchmark_test_data/1bm8/models/S_00093510.pdb
./../benchmark_test_data/1bm8/models/S_00139883.pdb
./../benchmark_test_data/1bm8/models/S_00170011.pdb
./../benchmark_test_data/1bm8/models/S_00037078.pdb
./../benchmark_test_data/1bm8/models/S_00057702.pdb
./../benchmark_test_data/1bm8/models/S_00005307.pdb
./../benchmark_test_data/1bm8/models/S_00180873.pdb
./../benchmark_test_data/1bm8/models/S_00121226.pdb
./../benchmark_test_data/1bm8/models/S_00036699.pdb
./../benchmark_test_data/1bm8/models/S_00026376.pdb
./../benchmark_test_data/1bm8/models/S_00138242.pdb
./../benchmark_test_data/1bm8/models/S_00148891.pdb
./../benchmark_test_data/1bm8/models/S_00191966.pdb
./../benchmark_test_data/1bm8/models/S_00097509.pdb
./../benchmark_test_data/1bm8/models/S_00174033.pdb
./../benchmark_test_data/1bm8/models/S_00187051.pdb
./../benchmark_test_data/1bm8/models/S_00155207.pdb
./../benchmark_test_data/1bm8/models/S_00185313.pdb
./../benchmark_test_data/1bm8/models/S_00047098.pdb
./../benchmark_test_data/1bm8/models/S_00024687.pdb
./../benchmark_test_data/1bm8/models/S_00012406.pdb
./../benchmark_test_data/1bm8/models/S_00147921.pdb
./../benchmark_test_data/1bm8/models/S_00089205.pdb
./../benchmark_test_data/1bm8/models/S_00160275.pdb
./../benchmark_test_data/1bm8/models/S_00052734.pdb
./../benchmark_test_data/1bm8/models/S_00037231.pdb
./../benchmark_test_data/1bm8/models/S_00170789.pdb
./../benchmark_test_data/1bm8/models/S_00181654.pdb
./../benchmark_test_data/1bm8/models/S_00175889.pdb
./../benchmark_test_data/1bm8/models/S_00082569.pdb
./../benchmark_test_data/1bm8/models/S_00058796.pdb
./../benchmark_test_data/1bm8/models/S_00108103.pdb
./../benchmark_test_data/1bm8/models/S_00053836.pdb
./../benchmark_test_data/1bm8/models/S_00049006.pdb
./../benchmark_test_data/1bm8/models/S_00032831.pdb
./../benchmark_test_data/1bm8/models/S_00073957.pdb
./../benchmark_test_data/1bm8/models/S_00048695.pdb
./../benchmark_test_data/1bm8/models/S_00144263.pdb
./../benchmark_test_data/1bm8/models/S_00106151.pdb
./../benchmark_test_data/1bm8/models/S_00117763.pdb
./../benchmark_test_data/1bm8/models/S_00106600.pdb
./../benchmark_test_data/1bm8/models/S_00142680.pdb
./../benchmark_test_data/1bm8/models/S_00134740.pdb
./../benchmark_test_data/1bm8/models/S_00077151.pdb
./../benchmark_test_data/1bm8/models/S_00132192.pdb
./../benchmark_test_data/1bm8/models/S_00129231.pdb
./../benchmark_test_data/1bm8/models/S_00040218.pdb
./../benchmark_test_data/1bm8/models/S_00128541.pdb
./../benchmark_test_data/1bm8/models/S_00143780.pdb
./../benchmark_test_data/1bm8/models/S_00075385.pdb
./../benchmark_test_data/1bm8/models/S_00153162.pdb
./../benchmark_test_data/1bm8/models/S_00097437.pdb
./../benchmark_test_data/1bm8/models/S_00144182.pdb
./../benchmark_test_data/1bm8/models/S_00095728.pdb
./../benchmark_test_data/1bm8/models/S_00097092.pdb
./../benchmark_test_data/1bm8/models/S_00155330.pdb
./../benchmark_test_data/1bm8/models/S_00110865.pdb
./../benchmark_test_data/1bm8/models/S_00002314.pdb
./../benchmark_test_data/1bm8/models/S_00057648.pdb
./../benchmark_test_data/1bm8/models/S_00161820.pdb
./../benchmark_test_data/1bm8/models/S_00115925.pdb
./../benchmark_test_data/1bm8/models/S_00097493.pdb
./../benchmark_test_data/1bm8/models/S_00183501.pdb
./../benchmark_test_data/1bm8/models/S_00011591.pdb
./../benchmark_test_data/1bm8/models/S_00094627.pdb
./../benchmark_test_data/1bm8/models/S_00133915.pdb
./../benchmark_test_data/1bm8/models/S_00061826.pdb
./../benchmark_test_data/1bm8/models/S_00143469.pdb
./../benchmark_test_data/1bm8/models/S_00143721.pdb
./../benchmark_test_data/1bm8/models/S_00050903.pdb
./../benchmark_test_data/1bm8/models/S_00187043.pdb
./../benchmark_test_data/1bm8/models/S_00171506.pdb
./../benchmark_test_data/1bm8/models/S_00175102.pdb
./../benchmark_test_data/1bm8/models/S_00133666.pdb
./../benchmark_test_data/1bm8/models/S_00009239.pdb
./../benchmark_test_data/1bm8/models/S_00155232.pdb
./../benchmark_test_data/1bm8/models/S_00199328.pdb
./../benchmark_test_data/1bm8/models/S_00085835.pdb
./../benchmark_test_data/1bm8/models/S_00146012.pdb
./../benchmark_test_data/1bm8/models/S_00149706.pdb
./../benchmark_test_data/1bm8/models/S_00149263.pdb
./../benchmark_test_data/1bm8/models/S_00007704.pdb
./../benchmark_test_data/1bm8/models/S_00027172.pdb
./../benchmark_test_data/1bm8/models/S_00128296.pdb
./../benchmark_test_data/1bm8/models/S_00103811.pdb
./../benchmark_test_data/1bm8/models/S_00147244.pdb
./../benchmark_test_data/1bm8/models/S_00037756.pdb
./../benchmark_test_data/1bm8/models/S_00198646.pdb
./../benchmark_test_data/1bm8/models/S_00095792.pdb
./../benchmark_test_data/1bm8/models/S_00195964.pdb
./../benchmark_test_data/1bm8/models/S_00182628.pdb
./../benchmark_test_data/1bm8/models/S_00047621.pdb
./../benchmark_test_data/1bm8/models/S_00021033.pdb
./../benchmark_test_data/1bm8/models/S_00125902.pdb
./../benchmark_test_data/1bm8/models/S_00068373.pdb
./../benchmark_test_data/1bm8/models/S_00062002.pdb
./../benchmark_test_data/1bm8/models/S_00083271.pdb
./../benchmark_test_data/1bm8/models/S_00037409.pdb
./../benchmark_test_data/1bm8/models/S_00081809.pdb
./../benchmark_test_data/1bm8/models/S_00036351.pdb
./../benchmark_test_data/1bm8/models/S_00189439.pdb
./../benchmark_test_data/1bm8/models/S_00124846.pdb
./../benchmark_test_data/1bm8/models/S_00116191.pdb
./../benchmark_test_data/1bm8/models/S_00015877.pdb
./../benchmark_test_data/1bm8/models/S_00129677.pdb
./../benchmark_test_data/1bm8/models/S_00173865.pdb
./../benchmark_test_data/1bm8/models/S_00195550.pdb
./../benchmark_test_data/1bm8/models/S_00105425.pdb
./../benchmark_test_data/1bm8/models/S_00070365.pdb
./../benchmark_test_data/1bm8/models/S_00104061.pdb
./../benchmark_test_data/1bm8/models/S_00195396.pdb
./../benchmark_test_data/1bm8/models/S_00074136.pdb
./../benchmark_test_data/1bm8/models/S_00119252.pdb
./../benchmark_test_data/1bm8/models/S_00046084.pdb
./../benchmark_test_data/1bm8/models/S_00144543.pdb
./../benchmark_test_data/1bm8/models/S_00111340.pdb
./../benchmark_test_data/1bm8/models/S_00110022.pdb
./../benchmark_test_data/1bm8/models/S_00148706.pdb
./../benchmark_test_data/1bm8/models/S_00083901.pdb
./../benchmark_test_data/1bm8/models/S_00149601.pdb
./../benchmark_test_data/1bm8/models/S_00083724.pdb
./../benchmark_test_data/1bm8/models/S_00138117.pdb
./../benchmark_test_data/1bm8/models/S_00161904.pdb
./../benchmark_test_data/1bm8/models/S_00002990.pdb
./../benchmark_test_data/1bm8/models/S_00104201.pdb
./../benchmark_test_data/1bm8/models/S_00000156.pdb
./../benchmark_test_data/1bm8/models/S_00115631.pdb
./../benchmark_test_data/1bm8/models/S_00142871.pdb
./../benchmark_test_data/1bm8/models/S_00067147.pdb
./../benchmark_test_data/1bm8/models/S_00073023.pdb
./../benchmark_test_data/1bm8/models/S_00164478.pdb
./../benchmark_test_data/1bm8/models/S_00143863.pdb
./../benchmark_test_data/1bm8/models/S_00161213.pdb
./../benchmark_test_data/1bm8/models/S_00037184.pdb
./../benchmark_test_data/1bm8/models/S_00166762.pdb
./../benchmark_test_data/1bm8/models/S_00014029.pdb
./../benchmark_test_data/1bm8/models/S_00094890.pdb
./../benchmark_test_data/1bm8/models/S_00001110.pdb
./../benchmark_test_data/1bm8/models/S_00069598.pdb
./../benchmark_test_data/1bm8/models/S_00071606.pdb
./../benchmark_test_data/1bm8/models/S_00016340.pdb
./../benchmark_test_data/1bm8/models/S_00145004.pdb
./../benchmark_test_data/1bm8/models/S_00172303.pdb
./../benchmark_test_data/1bm8/models/S_00161504.pdb
./../benchmark_test_data/1bm8/models/S_00050569.pdb
./../benchmark_test_data/1bm8/models/S_00156385.pdb
./../benchmark_test_data/1bm8/models/S_00030581.pdb
./../benchmark_test_data/1bm8/models/S_00080654.pdb
./../benchmark_test_data/1bm8/models/S_00069174.pdb
./../benchmark_test_data/1bm8/models/S_00136047.pdb
./../benchmark_test_data/1bm8/models/S_00053994.pdb
./../benchmark_test_data/1bm8/models/S_00074013.pdb
./../benchmark_test_data/1bm8/models/S_00106270.pdb
./../benchmark_test_data/1bm8/models/S_00123633.pdb
./../benchmark_test_data/1bm8/models/S_00189217.pdb
./../benchmark_test_data/1bm8/models/S_00078301.pdb
./../benchmark_test_data/1bm8/models/S_00099039.pdb
./../benchmark_test_data/1bm8/models/S_00065244.pdb
./../benchmark_test_data/1bm8/models/S_00027915.pdb
./../benchmark_test_data/1bm8/models/S_00058546.pdb
./../benchmark_test_data/1bm8/models/S_00141282.pdb
./../benchmark_test_data/1bm8/models/S_00152939.pdb
./../benchmark_test_data/1bm8/models/S_00157813.pdb
./../benchmark_test_data/1bm8/models/S_00132483.pdb
./../benchmark_test_data/1bm8/models/S_00010566.pdb
./../benchmark_test_data/1bm8/models/S_00124172.pdb
./../benchmark_test_data/1bm8/models/S_00125847.pdb
./../benchmark_test_data/1bm8/models/S_00167766.pdb
./../benchmark_test_data/1bm8/models/S_00048523.pdb
./../benchmark_test_data/1bm8/models/S_00131235.pdb
./../benchmark_test_data/1bm8/models/S_00086224.pdb
./../benchmark_test_data/1bm8/models/S_00004269.pdb
./../benchmark_test_data/1bm8/models/S_00039397.pdb
./../benchmark_test_data/1bm8/models/S_00117360.pdb
./../benchmark_test_data/1bm8/models/S_00189279.pdb
./../benchmark_test_data/1bm8/models/S_00098617.pdb
./../benchmark_test_data/1bm8/models/S_00140389.pdb
./../benchmark_test_data/1bm8/models/S_00116867.pdb
./../benchmark_test_data/1bm8/models/S_00104750.pdb
./../benchmark_test_data/1bm8/models/S_00135164.pdb
./../benchmark_test_data/1bm8/models/S_00129650.pdb
./../benchmark_test_data/1bm8/models/S_00028596.pdb
./../benchmark_test_data/1bm8/models/S_00105712.pdb
./../benchmark_test_data/1bm8/models/S_00149224.pdb
./../benchmark_test_data/1bm8/models/S_00065583.pdb
./../benchmark_test_data/1bm8/models/S_00134877.pdb
./../benchmark_test_data/1bm8/models/S_00182931.pdb
./../benchmark_test_data/1bm8/models/S_00189324.pdb
./../benchmark_test_data/1bm8/models/S_00006880.pdb
./../benchmark_test_data/1bm8/models/S_00102622.pdb
./../benchmark_test_data/1bm8/models/S_00119318.pdb
./../benchmark_test_data/1bm8/models/S_00089612.pdb
./../benchmark_test_data/1bm8/models/S_00076579.pdb
./../benchmark_test_data/1bm8/models/S_00188303.pdb
./../benchmark_test_data/1bm8/models/S_00084761.pdb
./../benchmark_test_data/1bm8/models/S_00007226.pdb
./../benchmark_test_data/1bm8/models/S_00092042.pdb
./../benchmark_test_data/1bm8/models/S_00011021.pdb
./../benchmark_test_data/1bm8/models/S_00139455.pdb
./../benchmark_test_data/1bm8/models/S_00087004.pdb
./../benchmark_test_data/1bm8/models/S_00018391.pdb
./../benchmark_test_data/1bm8/models/S_00178301.pdb
./../benchmark_test_data/1bm8/models/S_00185992.pdb
./../benchmark_test_data/1bm8/models/S_00089882.pdb
./../benchmark_test_data/1bm8/models/S_00188757.pdb
./../benchmark_test_data/1bm8/models/S_00193612.pdb
./../benchmark_test_data/1bm8/models/S_00149502.pdb
./../benchmark_test_data/1bm8/models/S_00195671.pdb
./../benchmark_test_data/1bm8/models/S_00193615.pdb
./../benchmark_test_data/1bm8/models/S_00089058.pdb
./../benchmark_test_data/1bm8/models/S_00165567.pdb
./../benchmark_test_data/1bm8/models/S_00144161.pdb
./../benchmark_test_data/1bm8/models/S_00180608.pdb
./../benchmark_test_data/1bm8/models/S_00113065.pdb
./../benchmark_test_data/1bm8/models/S_00057788.pdb
./../benchmark_test_data/1bm8/models/S_00095174.pdb
./../benchmark_test_data/1bm8/models/S_00006359.pdb
./../benchmark_test_data/1bm8/models/S_00043563.pdb
./../benchmark_test_data/1bm8/models/S_00004976.pdb
./../benchmark_test_data/1bm8/models/S_00051754.pdb
./../benchmark_test_data/1bm8/models/S_00023701.pdb
./../benchmark_test_data/1bm8/models/S_00047528.pdb
./../benchmark_test_data/1bm8/models/S_00092254.pdb
./../benchmark_test_data/1bm8/models/S_00022057.pdb
./../benchmark_test_data/1bm8/models/S_00088975.pdb
./../benchmark_test_data/1bm8/models/S_00049590.pdb
./../benchmark_test_data/1bm8/models/S_00189468.pdb
./../benchmark_test_data/1bm8/models/S_00079189.pdb
./../benchmark_test_data/1bm8/models/S_00186835.pdb
./../benchmark_test_data/1bm8/models/S_00101268.pdb
./../benchmark_test_data/1bm8/models/S_00031616.pdb
./../benchmark_test_data/1bm8/models/S_00157968.pdb
./../benchmark_test_data/1bm8/models/S_00097139.pdb
./../benchmark_test_data/1bm8/models/S_00112434.pdb
./../benchmark_test_data/1bm8/models/S_00158208.pdb
./../benchmark_test_data/1bm8/models/S_00189260.pdb
./../benchmark_test_data/1bm8/models/S_00174511.pdb
./../benchmark_test_data/1bm8/models/S_00082458.pdb
./../benchmark_test_data/1bm8/models/S_00151461.pdb
./../benchmark_test_data/1bm8/models/S_00019875.pdb
./../benchmark_test_data/1bm8/models/S_00121838.pdb
./../benchmark_test_data/1bm8/models/S_00158789.pdb
./../benchmark_test_data/1bm8/models/S_00112904.pdb
./../benchmark_test_data/1bm8/models/S_00159910.pdb
./../benchmark_test_data/1bm8/models/S_00080005.pdb
./../benchmark_test_data/1bm8/models/S_00103661.pdb
./../benchmark_test_data/1bm8/models/S_00136422.pdb
./../benchmark_test_data/1bm8/models/S_00114302.pdb
./../benchmark_test_data/1bm8/models/S_00056269.pdb
./../benchmark_test_data/1bm8/models/S_00175860.pdb
./../benchmark_test_data/1bm8/models/S_00034579.pdb
./../benchmark_test_data/1bm8/models/S_00088929.pdb
./../benchmark_test_data/1bm8/models/S_00048923.pdb
./../benchmark_test_data/1bm8/models/S_00012413.pdb
./../benchmark_test_data/1bm8/models/S_00034598.pdb
./../benchmark_test_data/1bm8/models/S_00164304.pdb
./../benchmark_test_data/1bm8/models/S_00053055.pdb
./../benchmark_test_data/1bm8/models/S_00035056.pdb
./../benchmark_test_data/1bm8/models/S_00152599.pdb
./../benchmark_test_data/1bm8/models/S_00115682.pdb
./../benchmark_test_data/1bm8/models/S_00131677.pdb
./../benchmark_test_data/1bm8/models/S_00174111.pdb
./../benchmark_test_data/1bm8/models/S_00130510.pdb
./../benchmark_test_data/1bm8/models/S_00112107.pdb
./../benchmark_test_data/1bm8/models/S_00107821.pdb
./../benchmark_test_data/1bm8/models/S_00154736.pdb
./../benchmark_test_data/1bm8/models/S_00194121.pdb
./../benchmark_test_data/1bm8/models/S_00071773.pdb
./../benchmark_test_data/1bm8/models/S_00010481.pdb
./../benchmark_test_data/1bm8/models/S_00045945.pdb
./../benchmark_test_data/1bm8/models/S_00117959.pdb
./../benchmark_test_data/1bm8/models/S_00165892.pdb
./../benchmark_test_data/1bm8/models/S_00198231.pdb
./../benchmark_test_data/1bm8/models/S_00027516.pdb
./../benchmark_test_data/1bm8/models/S_00133342.pdb
./../benchmark_test_data/1bm8/models/S_00000405.pdb
./../benchmark_test_data/1bm8/models/S_00096310.pdb
./../benchmark_test_data/1bm8/models/S_00138560.pdb
./../benchmark_test_data/1bm8/models/S_00181506.pdb
./../benchmark_test_data/1bm8/models/S_00022064.pdb
./../benchmark_test_data/1bm8/models/S_00011952.pdb
./../benchmark_test_data/1bm8/models/S_00050285.pdb
./../benchmark_test_data/1bm8/models/S_00064035.pdb
./../benchmark_test_data/1bm8/models/S_00044372.pdb
./../benchmark_test_data/1bm8/models/S_00175057.pdb
./../benchmark_test_data/1bm8/models/S_00162000.pdb
./../benchmark_test_data/1bm8/models/S_00148350.pdb
./../benchmark_test_data/1bm8/models/S_00016020.pdb
./../benchmark_test_data/1bm8/models/S_00037881.pdb
./../benchmark_test_data/1bm8/models/S_00030622.pdb
./../benchmark_test_data/1bm8/models/S_00025260.pdb
./../benchmark_test_data/1bm8/models/S_00172311.pdb
./../benchmark_test_data/1bm8/models/S_00086769.pdb
./../benchmark_test_data/1bm8/models/S_00170631.pdb
./../benchmark_test_data/1bm8/models/S_00186965.pdb
./../benchmark_test_data/1bm8/models/S_00104781.pdb
./../benchmark_test_data/1bm8/models/S_00130492.pdb
./../benchmark_test_data/1bm8/models/S_00135477.pdb
./../benchmark_test_data/1bm8/models/S_00122977.pdb
./../benchmark_test_data/1bm8/models/S_00190606.pdb
./../benchmark_test_data/1bm8/models/S_00053769.pdb
./../benchmark_test_data/1bm8/models/S_00141634.pdb
./../benchmark_test_data/1bm8/models/S_00149153.pdb
./../benchmark_test_data/1bm8/models/S_00016393.pdb
./../benchmark_test_data/1bm8/models/S_00019139.pdb
./../benchmark_test_data/1bm8/models/S_00076120.pdb
./../benchmark_test_data/1bm8/models/S_00124771.pdb
./../benchmark_test_data/1bm8/models/S_00025017.pdb
./../benchmark_test_data/1bm8/models/S_00049108.pdb
./../benchmark_test_data/1bm8/models/S_00176604.pdb
./../benchmark_test_data/1bm8/models/S_00073203.pdb
./../benchmark_test_data/1bm8/models/S_00151766.pdb
./../benchmark_test_data/1bm8/models/S_00027352.pdb
./../benchmark_test_data/1bm8/models/S_00089207.pdb
./../benchmark_test_data/1bm8/models/S_00156957.pdb
./../benchmark_test_data/1bm8/models/S_00135757.pdb
./../benchmark_test_data/1bm8/models/S_00156508.pdb
./../benchmark_test_data/1bm8/models/S_00168852.pdb
./../benchmark_test_data/1bm8/models/S_00196119.pdb
./../benchmark_test_data/1bm8/models/S_00196813.pdb
./../benchmark_test_data/1bm8/models/S_00148805.pdb
./../benchmark_test_data/1bm8/models/S_00107191.pdb
./../benchmark_test_data/1bm8/models/S_00146935.pdb
./../benchmark_test_data/1bm8/models/S_00101084.pdb
./../benchmark_test_data/1bm8/models/S_00033311.pdb
./../benchmark_test_data/1bm8/models/S_00030477.pdb
./../benchmark_test_data/1bm8/models/S_00008858.pdb
./../benchmark_test_data/1bm8/models/S_00197714.pdb
./../benchmark_test_data/1bm8/models/S_00025450.pdb
./../benchmark_test_data/1bm8/models/S_00103219.pdb
./../benchmark_test_data/1bm8/models/S_00026858.pdb
./../benchmark_test_data/1bm8/models/S_00134118.pdb
./../benchmark_test_data/1bm8/models/S_00129006.pdb
./../benchmark_test_data/1bm8/models/S_00138490.pdb
./../benchmark_test_data/1bm8/models/S_00048485.pdb
./../benchmark_test_data/1bm8/models/S_00188817.pdb
./../benchmark_test_data/1bm8/models/S_00008487.pdb
./../benchmark_test_data/1bm8/models/S_00029681.pdb
./../benchmark_test_data/1bm8/models/S_00020263.pdb
./../benchmark_test_data/1bm8/models/S_00063515.pdb
./../benchmark_test_data/1bm8/models/S_00173938.pdb
./../benchmark_test_data/1bm8/models/S_00042082.pdb
./../benchmark_test_data/1bm8/models/S_00155945.pdb
./../benchmark_test_data/1bm8/models/S_00044295.pdb
./../benchmark_test_data/1bm8/models/S_00126327.pdb
./../benchmark_test_data/1bm8/models/S_00024135.pdb
./../benchmark_test_data/1bm8/models/S_00165638.pdb
./../benchmark_test_data/1bm8/models/S_00158439.pdb
./../benchmark_test_data/1bm8/models/S_00125700.pdb
./../benchmark_test_data/1bm8/models/S_00145965.pdb
