./../benchmark_test_data/1bm8/apmds/S_00000141.dat
./../benchmark_test_data/1bm8/apmds/S_00000156.dat
./../benchmark_test_data/1bm8/apmds/S_00000255.dat
./../benchmark_test_data/1bm8/apmds/S_00000319.dat
./../benchmark_test_data/1bm8/apmds/S_00000405.dat
./../benchmark_test_data/1bm8/apmds/S_00000482.dat
./../benchmark_test_data/1bm8/apmds/S_00000874.dat
./../benchmark_test_data/1bm8/apmds/S_00001110.dat
./../benchmark_test_data/1bm8/apmds/S_00001693.dat
./../benchmark_test_data/1bm8/apmds/S_00001708.dat
./../benchmark_test_data/1bm8/apmds/S_00001742.dat
./../benchmark_test_data/1bm8/apmds/S_00002314.dat
./../benchmark_test_data/1bm8/apmds/S_00002435.dat
./../benchmark_test_data/1bm8/apmds/S_00002456.dat
./../benchmark_test_data/1bm8/apmds/S_00002772.dat
./../benchmark_test_data/1bm8/apmds/S_00002990.dat
./../benchmark_test_data/1bm8/apmds/S_00003058.dat
./../benchmark_test_data/1bm8/apmds/S_00003665.dat
./../benchmark_test_data/1bm8/apmds/S_00003856.dat
./../benchmark_test_data/1bm8/apmds/S_00004185.dat
./../benchmark_test_data/1bm8/apmds/S_00004269.dat
./../benchmark_test_data/1bm8/apmds/S_00004567.dat
./../benchmark_test_data/1bm8/apmds/S_00004976.dat
./../benchmark_test_data/1bm8/apmds/S_00005046.dat
./../benchmark_test_data/1bm8/apmds/S_00005307.dat
./../benchmark_test_data/1bm8/apmds/S_00005673.dat
./../benchmark_test_data/1bm8/apmds/S_00005683.dat
./../benchmark_test_data/1bm8/apmds/S_00005743.dat
./../benchmark_test_data/1bm8/apmds/S_00005835.dat
./../benchmark_test_data/1bm8/apmds/S_00006281.dat
./../benchmark_test_data/1bm8/apmds/S_00006284.dat
./../benchmark_test_data/1bm8/apmds/S_00006359.dat
./../benchmark_test_data/1bm8/apmds/S_00006810.dat
./../benchmark_test_data/1bm8/apmds/S_00006880.dat
./../benchmark_test_data/1bm8/apmds/S_00006992.dat
./../benchmark_test_data/1bm8/apmds/S_00007109.dat
./../benchmark_test_data/1bm8/apmds/S_00007226.dat
./../benchmark_test_data/1bm8/apmds/S_00007377.dat
./../benchmark_test_data/1bm8/apmds/S_00007704.dat
./../benchmark_test_data/1bm8/apmds/S_00007898.dat
./../benchmark_test_data/1bm8/apmds/S_00008487.dat
./../benchmark_test_data/1bm8/apmds/S_00008858.dat
./../benchmark_test_data/1bm8/apmds/S_00008909.dat
./../benchmark_test_data/1bm8/apmds/S_00008918.dat
./../benchmark_test_data/1bm8/apmds/S_00008931.dat
./../benchmark_test_data/1bm8/apmds/S_00009239.dat
./../benchmark_test_data/1bm8/apmds/S_00009554.dat
./../benchmark_test_data/1bm8/apmds/S_00010279.dat
./../benchmark_test_data/1bm8/apmds/S_00010302.dat
./../benchmark_test_data/1bm8/apmds/S_00010441.dat
./../benchmark_test_data/1bm8/apmds/S_00010481.dat
./../benchmark_test_data/1bm8/apmds/S_00010566.dat
./../benchmark_test_data/1bm8/apmds/S_00011021.dat
./../benchmark_test_data/1bm8/apmds/S_00011591.dat
./../benchmark_test_data/1bm8/apmds/S_00011683.dat
./../benchmark_test_data/1bm8/apmds/S_00011862.dat
./../benchmark_test_data/1bm8/apmds/S_00011884.dat
./../benchmark_test_data/1bm8/apmds/S_00011952.dat
./../benchmark_test_data/1bm8/apmds/S_00011965.dat
./../benchmark_test_data/1bm8/apmds/S_00012334.dat
./../benchmark_test_data/1bm8/apmds/S_00012406.dat
./../benchmark_test_data/1bm8/apmds/S_00012413.dat
./../benchmark_test_data/1bm8/apmds/S_00013028.dat
./../benchmark_test_data/1bm8/apmds/S_00014029.dat
./../benchmark_test_data/1bm8/apmds/S_00014169.dat
./../benchmark_test_data/1bm8/apmds/S_00014527.dat
./../benchmark_test_data/1bm8/apmds/S_00014594.dat
./../benchmark_test_data/1bm8/apmds/S_00014595.dat
./../benchmark_test_data/1bm8/apmds/S_00014679.dat
./../benchmark_test_data/1bm8/apmds/S_00015455.dat
./../benchmark_test_data/1bm8/apmds/S_00015656.dat
./../benchmark_test_data/1bm8/apmds/S_00015877.dat
./../benchmark_test_data/1bm8/apmds/S_00016020.dat
./../benchmark_test_data/1bm8/apmds/S_00016136.dat
./../benchmark_test_data/1bm8/apmds/S_00016175.dat
./../benchmark_test_data/1bm8/apmds/S_00016340.dat
./../benchmark_test_data/1bm8/apmds/S_00016386.dat
./../benchmark_test_data/1bm8/apmds/S_00016393.dat
./../benchmark_test_data/1bm8/apmds/S_00016827.dat
./../benchmark_test_data/1bm8/apmds/S_00016963.dat
./../benchmark_test_data/1bm8/apmds/S_00017994.dat
./../benchmark_test_data/1bm8/apmds/S_00018014.dat
./../benchmark_test_data/1bm8/apmds/S_00018199.dat
./../benchmark_test_data/1bm8/apmds/S_00018391.dat
./../benchmark_test_data/1bm8/apmds/S_00018790.dat
./../benchmark_test_data/1bm8/apmds/S_00019139.dat
./../benchmark_test_data/1bm8/apmds/S_00019163.dat
./../benchmark_test_data/1bm8/apmds/S_00019729.dat
./../benchmark_test_data/1bm8/apmds/S_00019875.dat
./../benchmark_test_data/1bm8/apmds/S_00019892.dat
./../benchmark_test_data/1bm8/apmds/S_00020162.dat
./../benchmark_test_data/1bm8/apmds/S_00020263.dat
./../benchmark_test_data/1bm8/apmds/S_00020567.dat
./../benchmark_test_data/1bm8/apmds/S_00021033.dat
./../benchmark_test_data/1bm8/apmds/S_00021037.dat
./../benchmark_test_data/1bm8/apmds/S_00021202.dat
./../benchmark_test_data/1bm8/apmds/S_00021299.dat
./../benchmark_test_data/1bm8/apmds/S_00021321.dat
./../benchmark_test_data/1bm8/apmds/S_00021669.dat
./../benchmark_test_data/1bm8/apmds/S_00021831.dat
./../benchmark_test_data/1bm8/apmds/S_00021944.dat
./../benchmark_test_data/1bm8/apmds/S_00022057.dat
./../benchmark_test_data/1bm8/apmds/S_00022064.dat
./../benchmark_test_data/1bm8/apmds/S_00022349.dat
./../benchmark_test_data/1bm8/apmds/S_00022566.dat
./../benchmark_test_data/1bm8/apmds/S_00022756.dat
./../benchmark_test_data/1bm8/apmds/S_00023701.dat
./../benchmark_test_data/1bm8/apmds/S_00024135.dat
./../benchmark_test_data/1bm8/apmds/S_00024313.dat
./../benchmark_test_data/1bm8/apmds/S_00024687.dat
./../benchmark_test_data/1bm8/apmds/S_00025017.dat
./../benchmark_test_data/1bm8/apmds/S_00025260.dat
./../benchmark_test_data/1bm8/apmds/S_00025287.dat
./../benchmark_test_data/1bm8/apmds/S_00025394.dat
./../benchmark_test_data/1bm8/apmds/S_00025450.dat
./../benchmark_test_data/1bm8/apmds/S_00025917.dat
./../benchmark_test_data/1bm8/apmds/S_00026376.dat
./../benchmark_test_data/1bm8/apmds/S_00026858.dat
./../benchmark_test_data/1bm8/apmds/S_00026861.dat
./../benchmark_test_data/1bm8/apmds/S_00026932.dat
./../benchmark_test_data/1bm8/apmds/S_00027172.dat
./../benchmark_test_data/1bm8/apmds/S_00027327.dat
./../benchmark_test_data/1bm8/apmds/S_00027352.dat
./../benchmark_test_data/1bm8/apmds/S_00027516.dat
./../benchmark_test_data/1bm8/apmds/S_00027626.dat
./../benchmark_test_data/1bm8/apmds/S_00027915.dat
./../benchmark_test_data/1bm8/apmds/S_00028496.dat
./../benchmark_test_data/1bm8/apmds/S_00028565.dat
./../benchmark_test_data/1bm8/apmds/S_00028596.dat
./../benchmark_test_data/1bm8/apmds/S_00029591.dat
./../benchmark_test_data/1bm8/apmds/S_00029664.dat
./../benchmark_test_data/1bm8/apmds/S_00029681.dat
./../benchmark_test_data/1bm8/apmds/S_00030477.dat
./../benchmark_test_data/1bm8/apmds/S_00030581.dat
./../benchmark_test_data/1bm8/apmds/S_00030622.dat
./../benchmark_test_data/1bm8/apmds/S_00030659.dat
./../benchmark_test_data/1bm8/apmds/S_00031303.dat
./../benchmark_test_data/1bm8/apmds/S_00031457.dat
./../benchmark_test_data/1bm8/apmds/S_00031557.dat
./../benchmark_test_data/1bm8/apmds/S_00031616.dat
./../benchmark_test_data/1bm8/apmds/S_00031855.dat
./../benchmark_test_data/1bm8/apmds/S_00032267.dat
./../benchmark_test_data/1bm8/apmds/S_00032798.dat
./../benchmark_test_data/1bm8/apmds/S_00032831.dat
./../benchmark_test_data/1bm8/apmds/S_00032938.dat
./../benchmark_test_data/1bm8/apmds/S_00033311.dat
./../benchmark_test_data/1bm8/apmds/S_00033501.dat
./../benchmark_test_data/1bm8/apmds/S_00033791.dat
./../benchmark_test_data/1bm8/apmds/S_00034149.dat
./../benchmark_test_data/1bm8/apmds/S_00034245.dat
./../benchmark_test_data/1bm8/apmds/S_00034403.dat
./../benchmark_test_data/1bm8/apmds/S_00034416.dat
./../benchmark_test_data/1bm8/apmds/S_00034579.dat
./../benchmark_test_data/1bm8/apmds/S_00034598.dat
./../benchmark_test_data/1bm8/apmds/S_00034617.dat
./../benchmark_test_data/1bm8/apmds/S_00034715.dat
./../benchmark_test_data/1bm8/apmds/S_00034784.dat
./../benchmark_test_data/1bm8/apmds/S_00035056.dat
./../benchmark_test_data/1bm8/apmds/S_00035670.dat
./../benchmark_test_data/1bm8/apmds/S_00035811.dat
./../benchmark_test_data/1bm8/apmds/S_00036351.dat
./../benchmark_test_data/1bm8/apmds/S_00036541.dat
./../benchmark_test_data/1bm8/apmds/S_00036609.dat
./../benchmark_test_data/1bm8/apmds/S_00036699.dat
./../benchmark_test_data/1bm8/apmds/S_00037078.dat
./../benchmark_test_data/1bm8/apmds/S_00037110.dat
./../benchmark_test_data/1bm8/apmds/S_00037184.dat
./../benchmark_test_data/1bm8/apmds/S_00037231.dat
./../benchmark_test_data/1bm8/apmds/S_00037377.dat
./../benchmark_test_data/1bm8/apmds/S_00037409.dat
./../benchmark_test_data/1bm8/apmds/S_00037699.dat
./../benchmark_test_data/1bm8/apmds/S_00037756.dat
./../benchmark_test_data/1bm8/apmds/S_00037782.dat
./../benchmark_test_data/1bm8/apmds/S_00037881.dat
./../benchmark_test_data/1bm8/apmds/S_00038309.dat
./../benchmark_test_data/1bm8/apmds/S_00038863.dat
./../benchmark_test_data/1bm8/apmds/S_00039224.dat
./../benchmark_test_data/1bm8/apmds/S_00039397.dat
./../benchmark_test_data/1bm8/apmds/S_00039502.dat
./../benchmark_test_data/1bm8/apmds/S_00039701.dat
./../benchmark_test_data/1bm8/apmds/S_00040187.dat
./../benchmark_test_data/1bm8/apmds/S_00040218.dat
./../benchmark_test_data/1bm8/apmds/S_00040629.dat
./../benchmark_test_data/1bm8/apmds/S_00041062.dat
./../benchmark_test_data/1bm8/apmds/S_00041389.dat
./../benchmark_test_data/1bm8/apmds/S_00042082.dat
./../benchmark_test_data/1bm8/apmds/S_00042112.dat
./../benchmark_test_data/1bm8/apmds/S_00042229.dat
./../benchmark_test_data/1bm8/apmds/S_00042423.dat
./../benchmark_test_data/1bm8/apmds/S_00042479.dat
./../benchmark_test_data/1bm8/apmds/S_00043150.dat
./../benchmark_test_data/1bm8/apmds/S_00043357.dat
./../benchmark_test_data/1bm8/apmds/S_00043563.dat
./../benchmark_test_data/1bm8/apmds/S_00044163.dat
./../benchmark_test_data/1bm8/apmds/S_00044293.dat
./../benchmark_test_data/1bm8/apmds/S_00044295.dat
./../benchmark_test_data/1bm8/apmds/S_00044306.dat
./../benchmark_test_data/1bm8/apmds/S_00044372.dat
./../benchmark_test_data/1bm8/apmds/S_00044644.dat
./../benchmark_test_data/1bm8/apmds/S_00044918.dat
./../benchmark_test_data/1bm8/apmds/S_00045281.dat
./../benchmark_test_data/1bm8/apmds/S_00045548.dat
./../benchmark_test_data/1bm8/apmds/S_00045644.dat
./../benchmark_test_data/1bm8/apmds/S_00045859.dat
./../benchmark_test_data/1bm8/apmds/S_00045945.dat
./../benchmark_test_data/1bm8/apmds/S_00046084.dat
./../benchmark_test_data/1bm8/apmds/S_00046114.dat
./../benchmark_test_data/1bm8/apmds/S_00047098.dat
./../benchmark_test_data/1bm8/apmds/S_00047103.dat
./../benchmark_test_data/1bm8/apmds/S_00047528.dat
./../benchmark_test_data/1bm8/apmds/S_00047621.dat
./../benchmark_test_data/1bm8/apmds/S_00047675.dat
./../benchmark_test_data/1bm8/apmds/S_00047860.dat
./../benchmark_test_data/1bm8/apmds/S_00047895.dat
./../benchmark_test_data/1bm8/apmds/S_00048040.dat
./../benchmark_test_data/1bm8/apmds/S_00048485.dat
./../benchmark_test_data/1bm8/apmds/S_00048523.dat
./../benchmark_test_data/1bm8/apmds/S_00048695.dat
./../benchmark_test_data/1bm8/apmds/S_00048782.dat
./../benchmark_test_data/1bm8/apmds/S_00048923.dat
./../benchmark_test_data/1bm8/apmds/S_00049006.dat
./../benchmark_test_data/1bm8/apmds/S_00049108.dat
./../benchmark_test_data/1bm8/apmds/S_00049302.dat
./../benchmark_test_data/1bm8/apmds/S_00049419.dat
./../benchmark_test_data/1bm8/apmds/S_00049590.dat
./../benchmark_test_data/1bm8/apmds/S_00050049.dat
./../benchmark_test_data/1bm8/apmds/S_00050129.dat
./../benchmark_test_data/1bm8/apmds/S_00050135.dat
./../benchmark_test_data/1bm8/apmds/S_00050285.dat
./../benchmark_test_data/1bm8/apmds/S_00050331.dat
./../benchmark_test_data/1bm8/apmds/S_00050569.dat
./../benchmark_test_data/1bm8/apmds/S_00050784.dat
./../benchmark_test_data/1bm8/apmds/S_00050903.dat
./../benchmark_test_data/1bm8/apmds/S_00051051.dat
./../benchmark_test_data/1bm8/apmds/S_00051748.dat
./../benchmark_test_data/1bm8/apmds/S_00051754.dat
./../benchmark_test_data/1bm8/apmds/S_00051850.dat
./../benchmark_test_data/1bm8/apmds/S_00051855.dat
./../benchmark_test_data/1bm8/apmds/S_00052473.dat
./../benchmark_test_data/1bm8/apmds/S_00052523.dat
./../benchmark_test_data/1bm8/apmds/S_00052734.dat
./../benchmark_test_data/1bm8/apmds/S_00052852.dat
./../benchmark_test_data/1bm8/apmds/S_00053055.dat
./../benchmark_test_data/1bm8/apmds/S_00053348.dat
./../benchmark_test_data/1bm8/apmds/S_00053432.dat
./../benchmark_test_data/1bm8/apmds/S_00053662.dat
./../benchmark_test_data/1bm8/apmds/S_00053725.dat
./../benchmark_test_data/1bm8/apmds/S_00053769.dat
./../benchmark_test_data/1bm8/apmds/S_00053836.dat
./../benchmark_test_data/1bm8/apmds/S_00053975.dat
./../benchmark_test_data/1bm8/apmds/S_00053994.dat
./../benchmark_test_data/1bm8/apmds/S_00054418.dat
./../benchmark_test_data/1bm8/apmds/S_00054626.dat
./../benchmark_test_data/1bm8/apmds/S_00054798.dat
./../benchmark_test_data/1bm8/apmds/S_00055004.dat
./../benchmark_test_data/1bm8/apmds/S_00055096.dat
./../benchmark_test_data/1bm8/apmds/S_00055101.dat
./../benchmark_test_data/1bm8/apmds/S_00055787.dat
./../benchmark_test_data/1bm8/apmds/S_00055944.dat
./../benchmark_test_data/1bm8/apmds/S_00055948.dat
./../benchmark_test_data/1bm8/apmds/S_00056269.dat
./../benchmark_test_data/1bm8/apmds/S_00056495.dat
./../benchmark_test_data/1bm8/apmds/S_00056503.dat
./../benchmark_test_data/1bm8/apmds/S_00056536.dat
./../benchmark_test_data/1bm8/apmds/S_00056781.dat
./../benchmark_test_data/1bm8/apmds/S_00056855.dat
./../benchmark_test_data/1bm8/apmds/S_00056882.dat
./../benchmark_test_data/1bm8/apmds/S_00057548.dat
./../benchmark_test_data/1bm8/apmds/S_00057648.dat
./../benchmark_test_data/1bm8/apmds/S_00057702.dat
./../benchmark_test_data/1bm8/apmds/S_00057788.dat
./../benchmark_test_data/1bm8/apmds/S_00058012.dat
./../benchmark_test_data/1bm8/apmds/S_00058157.dat
./../benchmark_test_data/1bm8/apmds/S_00058546.dat
./../benchmark_test_data/1bm8/apmds/S_00058555.dat
./../benchmark_test_data/1bm8/apmds/S_00058777.dat
./../benchmark_test_data/1bm8/apmds/S_00058796.dat
./../benchmark_test_data/1bm8/apmds/S_00059007.dat
./../benchmark_test_data/1bm8/apmds/S_00059119.dat
./../benchmark_test_data/1bm8/apmds/S_00059444.dat
./../benchmark_test_data/1bm8/apmds/S_00059509.dat
./../benchmark_test_data/1bm8/apmds/S_00059964.dat
./../benchmark_test_data/1bm8/apmds/S_00060207.dat
./../benchmark_test_data/1bm8/apmds/S_00060564.dat
./../benchmark_test_data/1bm8/apmds/S_00060777.dat
./../benchmark_test_data/1bm8/apmds/S_00061826.dat
./../benchmark_test_data/1bm8/apmds/S_00061879.dat
./../benchmark_test_data/1bm8/apmds/S_00061885.dat
./../benchmark_test_data/1bm8/apmds/S_00062002.dat
./../benchmark_test_data/1bm8/apmds/S_00062427.dat
./../benchmark_test_data/1bm8/apmds/S_00062518.dat
./../benchmark_test_data/1bm8/apmds/S_00062768.dat
./../benchmark_test_data/1bm8/apmds/S_00063050.dat
./../benchmark_test_data/1bm8/apmds/S_00063059.dat
./../benchmark_test_data/1bm8/apmds/S_00063218.dat
./../benchmark_test_data/1bm8/apmds/S_00063515.dat
./../benchmark_test_data/1bm8/apmds/S_00063772.dat
./../benchmark_test_data/1bm8/apmds/S_00063906.dat
./../benchmark_test_data/1bm8/apmds/S_00063982.dat
./../benchmark_test_data/1bm8/apmds/S_00064035.dat
./../benchmark_test_data/1bm8/apmds/S_00064178.dat
./../benchmark_test_data/1bm8/apmds/S_00064959.dat
./../benchmark_test_data/1bm8/apmds/S_00065078.dat
./../benchmark_test_data/1bm8/apmds/S_00065244.dat
./../benchmark_test_data/1bm8/apmds/S_00065583.dat
./../benchmark_test_data/1bm8/apmds/S_00065703.dat
./../benchmark_test_data/1bm8/apmds/S_00065940.dat
./../benchmark_test_data/1bm8/apmds/S_00066058.dat
./../benchmark_test_data/1bm8/apmds/S_00066225.dat
./../benchmark_test_data/1bm8/apmds/S_00066363.dat
./../benchmark_test_data/1bm8/apmds/S_00066844.dat
./../benchmark_test_data/1bm8/apmds/S_00066952.dat
./../benchmark_test_data/1bm8/apmds/S_00067035.dat
./../benchmark_test_data/1bm8/apmds/S_00067147.dat
./../benchmark_test_data/1bm8/apmds/S_00067489.dat
./../benchmark_test_data/1bm8/apmds/S_00068105.dat
./../benchmark_test_data/1bm8/apmds/S_00068373.dat
./../benchmark_test_data/1bm8/apmds/S_00068783.dat
./../benchmark_test_data/1bm8/apmds/S_00068952.dat
./../benchmark_test_data/1bm8/apmds/S_00069174.dat
./../benchmark_test_data/1bm8/apmds/S_00069598.dat
./../benchmark_test_data/1bm8/apmds/S_00070144.dat
./../benchmark_test_data/1bm8/apmds/S_00070365.dat
./../benchmark_test_data/1bm8/apmds/S_00070507.dat
./../benchmark_test_data/1bm8/apmds/S_00070695.dat
./../benchmark_test_data/1bm8/apmds/S_00070761.dat
./../benchmark_test_data/1bm8/apmds/S_00070991.dat
./../benchmark_test_data/1bm8/apmds/S_00071606.dat
./../benchmark_test_data/1bm8/apmds/S_00071684.dat
./../benchmark_test_data/1bm8/apmds/S_00071773.dat
./../benchmark_test_data/1bm8/apmds/S_00072209.dat
./../benchmark_test_data/1bm8/apmds/S_00072354.dat
./../benchmark_test_data/1bm8/apmds/S_00072708.dat
./../benchmark_test_data/1bm8/apmds/S_00073023.dat
./../benchmark_test_data/1bm8/apmds/S_00073138.dat
./../benchmark_test_data/1bm8/apmds/S_00073203.dat
./../benchmark_test_data/1bm8/apmds/S_00073484.dat
./../benchmark_test_data/1bm8/apmds/S_00073639.dat
./../benchmark_test_data/1bm8/apmds/S_00073651.dat
./../benchmark_test_data/1bm8/apmds/S_00073867.dat
./../benchmark_test_data/1bm8/apmds/S_00073957.dat
./../benchmark_test_data/1bm8/apmds/S_00074013.dat
./../benchmark_test_data/1bm8/apmds/S_00074015.dat
./../benchmark_test_data/1bm8/apmds/S_00074136.dat
./../benchmark_test_data/1bm8/apmds/S_00074544.dat
./../benchmark_test_data/1bm8/apmds/S_00074628.dat
./../benchmark_test_data/1bm8/apmds/S_00074850.dat
./../benchmark_test_data/1bm8/apmds/S_00074921.dat
./../benchmark_test_data/1bm8/apmds/S_00075385.dat
./../benchmark_test_data/1bm8/apmds/S_00075538.dat
./../benchmark_test_data/1bm8/apmds/S_00075541.dat
./../benchmark_test_data/1bm8/apmds/S_00075570.dat
./../benchmark_test_data/1bm8/apmds/S_00076120.dat
./../benchmark_test_data/1bm8/apmds/S_00076495.dat
./../benchmark_test_data/1bm8/apmds/S_00076579.dat
./../benchmark_test_data/1bm8/apmds/S_00076694.dat
./../benchmark_test_data/1bm8/apmds/S_00076739.dat
./../benchmark_test_data/1bm8/apmds/S_00077151.dat
./../benchmark_test_data/1bm8/apmds/S_00077416.dat
./../benchmark_test_data/1bm8/apmds/S_00077633.dat
./../benchmark_test_data/1bm8/apmds/S_00078208.dat
./../benchmark_test_data/1bm8/apmds/S_00078301.dat
./../benchmark_test_data/1bm8/apmds/S_00078412.dat
./../benchmark_test_data/1bm8/apmds/S_00078435.dat
./../benchmark_test_data/1bm8/apmds/S_00078702.dat
./../benchmark_test_data/1bm8/apmds/S_00078859.dat
./../benchmark_test_data/1bm8/apmds/S_00078941.dat
./../benchmark_test_data/1bm8/apmds/S_00079187.dat
./../benchmark_test_data/1bm8/apmds/S_00079189.dat
./../benchmark_test_data/1bm8/apmds/S_00079208.dat
./../benchmark_test_data/1bm8/apmds/S_00079592.dat
./../benchmark_test_data/1bm8/apmds/S_00079661.dat
./../benchmark_test_data/1bm8/apmds/S_00079801.dat
./../benchmark_test_data/1bm8/apmds/S_00080005.dat
./../benchmark_test_data/1bm8/apmds/S_00080119.dat
./../benchmark_test_data/1bm8/apmds/S_00080654.dat
./../benchmark_test_data/1bm8/apmds/S_00080748.dat
./../benchmark_test_data/1bm8/apmds/S_00081044.dat
./../benchmark_test_data/1bm8/apmds/S_00081067.dat
./../benchmark_test_data/1bm8/apmds/S_00081693.dat
./../benchmark_test_data/1bm8/apmds/S_00081809.dat
./../benchmark_test_data/1bm8/apmds/S_00082002.dat
./../benchmark_test_data/1bm8/apmds/S_00082458.dat
./../benchmark_test_data/1bm8/apmds/S_00082569.dat
./../benchmark_test_data/1bm8/apmds/S_00083244.dat
./../benchmark_test_data/1bm8/apmds/S_00083271.dat
./../benchmark_test_data/1bm8/apmds/S_00083700.dat
./../benchmark_test_data/1bm8/apmds/S_00083724.dat
./../benchmark_test_data/1bm8/apmds/S_00083810.dat
./../benchmark_test_data/1bm8/apmds/S_00083901.dat
./../benchmark_test_data/1bm8/apmds/S_00084025.dat
./../benchmark_test_data/1bm8/apmds/S_00084761.dat
./../benchmark_test_data/1bm8/apmds/S_00084954.dat
./../benchmark_test_data/1bm8/apmds/S_00085229.dat
./../benchmark_test_data/1bm8/apmds/S_00085835.dat
./../benchmark_test_data/1bm8/apmds/S_00086224.dat
./../benchmark_test_data/1bm8/apmds/S_00086300.dat
./../benchmark_test_data/1bm8/apmds/S_00086372.dat
./../benchmark_test_data/1bm8/apmds/S_00086769.dat
./../benchmark_test_data/1bm8/apmds/S_00086925.dat
./../benchmark_test_data/1bm8/apmds/S_00087004.dat
./../benchmark_test_data/1bm8/apmds/S_00087072.dat
./../benchmark_test_data/1bm8/apmds/S_00087236.dat
./../benchmark_test_data/1bm8/apmds/S_00087308.dat
./../benchmark_test_data/1bm8/apmds/S_00087633.dat
./../benchmark_test_data/1bm8/apmds/S_00087658.dat
./../benchmark_test_data/1bm8/apmds/S_00088322.dat
./../benchmark_test_data/1bm8/apmds/S_00088369.dat
./../benchmark_test_data/1bm8/apmds/S_00088463.dat
./../benchmark_test_data/1bm8/apmds/S_00088929.dat
./../benchmark_test_data/1bm8/apmds/S_00088975.dat
./../benchmark_test_data/1bm8/apmds/S_00089058.dat
./../benchmark_test_data/1bm8/apmds/S_00089138.dat
./../benchmark_test_data/1bm8/apmds/S_00089205.dat
./../benchmark_test_data/1bm8/apmds/S_00089207.dat
./../benchmark_test_data/1bm8/apmds/S_00089339.dat
./../benchmark_test_data/1bm8/apmds/S_00089612.dat
./../benchmark_test_data/1bm8/apmds/S_00089688.dat
./../benchmark_test_data/1bm8/apmds/S_00089882.dat
./../benchmark_test_data/1bm8/apmds/S_00090382.dat
./../benchmark_test_data/1bm8/apmds/S_00090467.dat
./../benchmark_test_data/1bm8/apmds/S_00090603.dat
./../benchmark_test_data/1bm8/apmds/S_00091114.dat
./../benchmark_test_data/1bm8/apmds/S_00091896.dat
./../benchmark_test_data/1bm8/apmds/S_00091986.dat
./../benchmark_test_data/1bm8/apmds/S_00092042.dat
./../benchmark_test_data/1bm8/apmds/S_00092254.dat
./../benchmark_test_data/1bm8/apmds/S_00092931.dat
./../benchmark_test_data/1bm8/apmds/S_00093083.dat
./../benchmark_test_data/1bm8/apmds/S_00093114.dat
./../benchmark_test_data/1bm8/apmds/S_00093432.dat
./../benchmark_test_data/1bm8/apmds/S_00093510.dat
./../benchmark_test_data/1bm8/apmds/S_00093572.dat
./../benchmark_test_data/1bm8/apmds/S_00094038.dat
./../benchmark_test_data/1bm8/apmds/S_00094627.dat
./../benchmark_test_data/1bm8/apmds/S_00094644.dat
./../benchmark_test_data/1bm8/apmds/S_00094890.dat
./../benchmark_test_data/1bm8/apmds/S_00095174.dat
./../benchmark_test_data/1bm8/apmds/S_00095720.dat
./../benchmark_test_data/1bm8/apmds/S_00095728.dat
./../benchmark_test_data/1bm8/apmds/S_00095792.dat
./../benchmark_test_data/1bm8/apmds/S_00095913.dat
./../benchmark_test_data/1bm8/apmds/S_00096192.dat
./../benchmark_test_data/1bm8/apmds/S_00096310.dat
./../benchmark_test_data/1bm8/apmds/S_00096500.dat
./../benchmark_test_data/1bm8/apmds/S_00096957.dat
./../benchmark_test_data/1bm8/apmds/S_00097090.dat
./../benchmark_test_data/1bm8/apmds/S_00097092.dat
./../benchmark_test_data/1bm8/apmds/S_00097139.dat
./../benchmark_test_data/1bm8/apmds/S_00097152.dat
./../benchmark_test_data/1bm8/apmds/S_00097437.dat
./../benchmark_test_data/1bm8/apmds/S_00097449.dat
./../benchmark_test_data/1bm8/apmds/S_00097493.dat
./../benchmark_test_data/1bm8/apmds/S_00097509.dat
./../benchmark_test_data/1bm8/apmds/S_00098086.dat
./../benchmark_test_data/1bm8/apmds/S_00098335.dat
./../benchmark_test_data/1bm8/apmds/S_00098386.dat
./../benchmark_test_data/1bm8/apmds/S_00098548.dat
./../benchmark_test_data/1bm8/apmds/S_00098617.dat
./../benchmark_test_data/1bm8/apmds/S_00098977.dat
./../benchmark_test_data/1bm8/apmds/S_00099039.dat
./../benchmark_test_data/1bm8/apmds/S_00099306.dat
./../benchmark_test_data/1bm8/apmds/S_00099397.dat
./../benchmark_test_data/1bm8/apmds/S_00099770.dat
./../benchmark_test_data/1bm8/apmds/S_00100136.dat
./../benchmark_test_data/1bm8/apmds/S_00100527.dat
./../benchmark_test_data/1bm8/apmds/S_00101084.dat
./../benchmark_test_data/1bm8/apmds/S_00101098.dat
./../benchmark_test_data/1bm8/apmds/S_00101268.dat
./../benchmark_test_data/1bm8/apmds/S_00101457.dat
./../benchmark_test_data/1bm8/apmds/S_00102051.dat
./../benchmark_test_data/1bm8/apmds/S_00102388.dat
./../benchmark_test_data/1bm8/apmds/S_00102567.dat
./../benchmark_test_data/1bm8/apmds/S_00102622.dat
./../benchmark_test_data/1bm8/apmds/S_00102696.dat
./../benchmark_test_data/1bm8/apmds/S_00102920.dat
./../benchmark_test_data/1bm8/apmds/S_00103180.dat
./../benchmark_test_data/1bm8/apmds/S_00103219.dat
./../benchmark_test_data/1bm8/apmds/S_00103661.dat
./../benchmark_test_data/1bm8/apmds/S_00103811.dat
./../benchmark_test_data/1bm8/apmds/S_00104061.dat
./../benchmark_test_data/1bm8/apmds/S_00104201.dat
./../benchmark_test_data/1bm8/apmds/S_00104453.dat
./../benchmark_test_data/1bm8/apmds/S_00104750.dat
./../benchmark_test_data/1bm8/apmds/S_00104781.dat
./../benchmark_test_data/1bm8/apmds/S_00104926.dat
./../benchmark_test_data/1bm8/apmds/S_00104979.dat
./../benchmark_test_data/1bm8/apmds/S_00105080.dat
./../benchmark_test_data/1bm8/apmds/S_00105101.dat
./../benchmark_test_data/1bm8/apmds/S_00105425.dat
./../benchmark_test_data/1bm8/apmds/S_00105712.dat
./../benchmark_test_data/1bm8/apmds/S_00105875.dat
./../benchmark_test_data/1bm8/apmds/S_00106033.dat
./../benchmark_test_data/1bm8/apmds/S_00106151.dat
./../benchmark_test_data/1bm8/apmds/S_00106270.dat
./../benchmark_test_data/1bm8/apmds/S_00106569.dat
./../benchmark_test_data/1bm8/apmds/S_00106600.dat
./../benchmark_test_data/1bm8/apmds/S_00106716.dat
./../benchmark_test_data/1bm8/apmds/S_00107155.dat
./../benchmark_test_data/1bm8/apmds/S_00107191.dat
./../benchmark_test_data/1bm8/apmds/S_00107211.dat
./../benchmark_test_data/1bm8/apmds/S_00107216.dat
./../benchmark_test_data/1bm8/apmds/S_00107230.dat
./../benchmark_test_data/1bm8/apmds/S_00107422.dat
./../benchmark_test_data/1bm8/apmds/S_00107457.dat
./../benchmark_test_data/1bm8/apmds/S_00107546.dat
./../benchmark_test_data/1bm8/apmds/S_00107697.dat
./../benchmark_test_data/1bm8/apmds/S_00107821.dat
./../benchmark_test_data/1bm8/apmds/S_00108103.dat
./../benchmark_test_data/1bm8/apmds/S_00108303.dat
./../benchmark_test_data/1bm8/apmds/S_00108601.dat
./../benchmark_test_data/1bm8/apmds/S_00108626.dat
./../benchmark_test_data/1bm8/apmds/S_00109623.dat
./../benchmark_test_data/1bm8/apmds/S_00110022.dat
./../benchmark_test_data/1bm8/apmds/S_00110068.dat
./../benchmark_test_data/1bm8/apmds/S_00110691.dat
./../benchmark_test_data/1bm8/apmds/S_00110819.dat
./../benchmark_test_data/1bm8/apmds/S_00110865.dat
./../benchmark_test_data/1bm8/apmds/S_00110942.dat
./../benchmark_test_data/1bm8/apmds/S_00110992.dat
./../benchmark_test_data/1bm8/apmds/S_00111340.dat
./../benchmark_test_data/1bm8/apmds/S_00112107.dat
./../benchmark_test_data/1bm8/apmds/S_00112434.dat
./../benchmark_test_data/1bm8/apmds/S_00112595.dat
./../benchmark_test_data/1bm8/apmds/S_00112661.dat
./../benchmark_test_data/1bm8/apmds/S_00112833.dat
./../benchmark_test_data/1bm8/apmds/S_00112904.dat
./../benchmark_test_data/1bm8/apmds/S_00113065.dat
./../benchmark_test_data/1bm8/apmds/S_00113164.dat
./../benchmark_test_data/1bm8/apmds/S_00113182.dat
./../benchmark_test_data/1bm8/apmds/S_00114125.dat
./../benchmark_test_data/1bm8/apmds/S_00114302.dat
./../benchmark_test_data/1bm8/apmds/S_00114877.dat
./../benchmark_test_data/1bm8/apmds/S_00115080.dat
./../benchmark_test_data/1bm8/apmds/S_00115196.dat
./../benchmark_test_data/1bm8/apmds/S_00115631.dat
./../benchmark_test_data/1bm8/apmds/S_00115658.dat
./../benchmark_test_data/1bm8/apmds/S_00115682.dat
./../benchmark_test_data/1bm8/apmds/S_00115925.dat
./../benchmark_test_data/1bm8/apmds/S_00115951.dat
./../benchmark_test_data/1bm8/apmds/S_00116099.dat
./../benchmark_test_data/1bm8/apmds/S_00116191.dat
./../benchmark_test_data/1bm8/apmds/S_00116361.dat
./../benchmark_test_data/1bm8/apmds/S_00116411.dat
./../benchmark_test_data/1bm8/apmds/S_00116867.dat
./../benchmark_test_data/1bm8/apmds/S_00117150.dat
./../benchmark_test_data/1bm8/apmds/S_00117360.dat
./../benchmark_test_data/1bm8/apmds/S_00117644.dat
./../benchmark_test_data/1bm8/apmds/S_00117763.dat
./../benchmark_test_data/1bm8/apmds/S_00117945.dat
./../benchmark_test_data/1bm8/apmds/S_00117959.dat
./../benchmark_test_data/1bm8/apmds/S_00117979.dat
./../benchmark_test_data/1bm8/apmds/S_00118801.dat
./../benchmark_test_data/1bm8/apmds/S_00119071.dat
./../benchmark_test_data/1bm8/apmds/S_00119102.dat
./../benchmark_test_data/1bm8/apmds/S_00119252.dat
./../benchmark_test_data/1bm8/apmds/S_00119318.dat
./../benchmark_test_data/1bm8/apmds/S_00119831.dat
./../benchmark_test_data/1bm8/apmds/S_00120264.dat
./../benchmark_test_data/1bm8/apmds/S_00120464.dat
./../benchmark_test_data/1bm8/apmds/S_00120467.dat
./../benchmark_test_data/1bm8/apmds/S_00120533.dat
./../benchmark_test_data/1bm8/apmds/S_00120752.dat
./../benchmark_test_data/1bm8/apmds/S_00120862.dat
./../benchmark_test_data/1bm8/apmds/S_00120943.dat
./../benchmark_test_data/1bm8/apmds/S_00121046.dat
./../benchmark_test_data/1bm8/apmds/S_00121226.dat
./../benchmark_test_data/1bm8/apmds/S_00121419.dat
./../benchmark_test_data/1bm8/apmds/S_00121838.dat
./../benchmark_test_data/1bm8/apmds/S_00121844.dat
./../benchmark_test_data/1bm8/apmds/S_00122080.dat
./../benchmark_test_data/1bm8/apmds/S_00122394.dat
./../benchmark_test_data/1bm8/apmds/S_00122977.dat
./../benchmark_test_data/1bm8/apmds/S_00123086.dat
./../benchmark_test_data/1bm8/apmds/S_00123128.dat
./../benchmark_test_data/1bm8/apmds/S_00123157.dat
./../benchmark_test_data/1bm8/apmds/S_00123195.dat
./../benchmark_test_data/1bm8/apmds/S_00123259.dat
./../benchmark_test_data/1bm8/apmds/S_00123352.dat
./../benchmark_test_data/1bm8/apmds/S_00123483.dat
./../benchmark_test_data/1bm8/apmds/S_00123563.dat
./../benchmark_test_data/1bm8/apmds/S_00123633.dat
./../benchmark_test_data/1bm8/apmds/S_00123808.dat
./../benchmark_test_data/1bm8/apmds/S_00124117.dat
./../benchmark_test_data/1bm8/apmds/S_00124172.dat
./../benchmark_test_data/1bm8/apmds/S_00124210.dat
./../benchmark_test_data/1bm8/apmds/S_00124516.dat
./../benchmark_test_data/1bm8/apmds/S_00124771.dat
./../benchmark_test_data/1bm8/apmds/S_00124846.dat
./../benchmark_test_data/1bm8/apmds/S_00124915.dat
./../benchmark_test_data/1bm8/apmds/S_00125239.dat
./../benchmark_test_data/1bm8/apmds/S_00125255.dat
./../benchmark_test_data/1bm8/apmds/S_00125521.dat
./../benchmark_test_data/1bm8/apmds/S_00125700.dat
./../benchmark_test_data/1bm8/apmds/S_00125847.dat
./../benchmark_test_data/1bm8/apmds/S_00125902.dat
./../benchmark_test_data/1bm8/apmds/S_00126327.dat
./../benchmark_test_data/1bm8/apmds/S_00127018.dat
./../benchmark_test_data/1bm8/apmds/S_00127609.dat
./../benchmark_test_data/1bm8/apmds/S_00127638.dat
./../benchmark_test_data/1bm8/apmds/S_00127717.dat
./../benchmark_test_data/1bm8/apmds/S_00127988.dat
./../benchmark_test_data/1bm8/apmds/S_00128227.dat
./../benchmark_test_data/1bm8/apmds/S_00128296.dat
./../benchmark_test_data/1bm8/apmds/S_00128541.dat
./../benchmark_test_data/1bm8/apmds/S_00128639.dat
./../benchmark_test_data/1bm8/apmds/S_00128655.dat
./../benchmark_test_data/1bm8/apmds/S_00129006.dat
./../benchmark_test_data/1bm8/apmds/S_00129231.dat
./../benchmark_test_data/1bm8/apmds/S_00129650.dat
./../benchmark_test_data/1bm8/apmds/S_00129677.dat
./../benchmark_test_data/1bm8/apmds/S_00130028.dat
./../benchmark_test_data/1bm8/apmds/S_00130210.dat
./../benchmark_test_data/1bm8/apmds/S_00130492.dat
./../benchmark_test_data/1bm8/apmds/S_00130510.dat
./../benchmark_test_data/1bm8/apmds/S_00130904.dat
./../benchmark_test_data/1bm8/apmds/S_00131021.dat
./../benchmark_test_data/1bm8/apmds/S_00131235.dat
./../benchmark_test_data/1bm8/apmds/S_00131309.dat
./../benchmark_test_data/1bm8/apmds/S_00131677.dat
./../benchmark_test_data/1bm8/apmds/S_00131834.dat
./../benchmark_test_data/1bm8/apmds/S_00132151.dat
./../benchmark_test_data/1bm8/apmds/S_00132192.dat
./../benchmark_test_data/1bm8/apmds/S_00132257.dat
./../benchmark_test_data/1bm8/apmds/S_00132483.dat
./../benchmark_test_data/1bm8/apmds/S_00132665.dat
./../benchmark_test_data/1bm8/apmds/S_00132718.dat
./../benchmark_test_data/1bm8/apmds/S_00133060.dat
./../benchmark_test_data/1bm8/apmds/S_00133342.dat
./../benchmark_test_data/1bm8/apmds/S_00133666.dat
./../benchmark_test_data/1bm8/apmds/S_00133827.dat
./../benchmark_test_data/1bm8/apmds/S_00133915.dat
./../benchmark_test_data/1bm8/apmds/S_00133991.dat
./../benchmark_test_data/1bm8/apmds/S_00134118.dat
./../benchmark_test_data/1bm8/apmds/S_00134740.dat
./../benchmark_test_data/1bm8/apmds/S_00134765.dat
./../benchmark_test_data/1bm8/apmds/S_00134778.dat
./../benchmark_test_data/1bm8/apmds/S_00134809.dat
./../benchmark_test_data/1bm8/apmds/S_00134877.dat
./../benchmark_test_data/1bm8/apmds/S_00134917.dat
./../benchmark_test_data/1bm8/apmds/S_00135164.dat
./../benchmark_test_data/1bm8/apmds/S_00135272.dat
./../benchmark_test_data/1bm8/apmds/S_00135393.dat
./../benchmark_test_data/1bm8/apmds/S_00135411.dat
./../benchmark_test_data/1bm8/apmds/S_00135477.dat
./../benchmark_test_data/1bm8/apmds/S_00135757.dat
./../benchmark_test_data/1bm8/apmds/S_00135827.dat
./../benchmark_test_data/1bm8/apmds/S_00135866.dat
./../benchmark_test_data/1bm8/apmds/S_00136047.dat
./../benchmark_test_data/1bm8/apmds/S_00136261.dat
./../benchmark_test_data/1bm8/apmds/S_00136422.dat
./../benchmark_test_data/1bm8/apmds/S_00136581.dat
./../benchmark_test_data/1bm8/apmds/S_00136632.dat
./../benchmark_test_data/1bm8/apmds/S_00137119.dat
./../benchmark_test_data/1bm8/apmds/S_00137185.dat
./../benchmark_test_data/1bm8/apmds/S_00137229.dat
./../benchmark_test_data/1bm8/apmds/S_00137726.dat
./../benchmark_test_data/1bm8/apmds/S_00138007.dat
./../benchmark_test_data/1bm8/apmds/S_00138078.dat
./../benchmark_test_data/1bm8/apmds/S_00138086.dat
./../benchmark_test_data/1bm8/apmds/S_00138117.dat
./../benchmark_test_data/1bm8/apmds/S_00138242.dat
./../benchmark_test_data/1bm8/apmds/S_00138316.dat
./../benchmark_test_data/1bm8/apmds/S_00138490.dat
./../benchmark_test_data/1bm8/apmds/S_00138516.dat
./../benchmark_test_data/1bm8/apmds/S_00138560.dat
./../benchmark_test_data/1bm8/apmds/S_00138676.dat
./../benchmark_test_data/1bm8/apmds/S_00138875.dat
./../benchmark_test_data/1bm8/apmds/S_00139184.dat
./../benchmark_test_data/1bm8/apmds/S_00139455.dat
./../benchmark_test_data/1bm8/apmds/S_00139873.dat
./../benchmark_test_data/1bm8/apmds/S_00139883.dat
./../benchmark_test_data/1bm8/apmds/S_00140389.dat
./../benchmark_test_data/1bm8/apmds/S_00140505.dat
./../benchmark_test_data/1bm8/apmds/S_00140950.dat
./../benchmark_test_data/1bm8/apmds/S_00141215.dat
./../benchmark_test_data/1bm8/apmds/S_00141282.dat
./../benchmark_test_data/1bm8/apmds/S_00141498.dat
./../benchmark_test_data/1bm8/apmds/S_00141550.dat
./../benchmark_test_data/1bm8/apmds/S_00141634.dat
./../benchmark_test_data/1bm8/apmds/S_00141786.dat
./../benchmark_test_data/1bm8/apmds/S_00142099.dat
./../benchmark_test_data/1bm8/apmds/S_00142237.dat
./../benchmark_test_data/1bm8/apmds/S_00142303.dat
./../benchmark_test_data/1bm8/apmds/S_00142594.dat
./../benchmark_test_data/1bm8/apmds/S_00142680.dat
./../benchmark_test_data/1bm8/apmds/S_00142871.dat
./../benchmark_test_data/1bm8/apmds/S_00143231.dat
./../benchmark_test_data/1bm8/apmds/S_00143447.dat
./../benchmark_test_data/1bm8/apmds/S_00143469.dat
./../benchmark_test_data/1bm8/apmds/S_00143721.dat
./../benchmark_test_data/1bm8/apmds/S_00143780.dat
./../benchmark_test_data/1bm8/apmds/S_00143863.dat
./../benchmark_test_data/1bm8/apmds/S_00144161.dat
./../benchmark_test_data/1bm8/apmds/S_00144182.dat
./../benchmark_test_data/1bm8/apmds/S_00144252.dat
./../benchmark_test_data/1bm8/apmds/S_00144263.dat
./../benchmark_test_data/1bm8/apmds/S_00144327.dat
./../benchmark_test_data/1bm8/apmds/S_00144338.dat
./../benchmark_test_data/1bm8/apmds/S_00144523.dat
./../benchmark_test_data/1bm8/apmds/S_00144543.dat
./../benchmark_test_data/1bm8/apmds/S_00144550.dat
./../benchmark_test_data/1bm8/apmds/S_00144842.dat
./../benchmark_test_data/1bm8/apmds/S_00145004.dat
./../benchmark_test_data/1bm8/apmds/S_00145311.dat
./../benchmark_test_data/1bm8/apmds/S_00145762.dat
./../benchmark_test_data/1bm8/apmds/S_00145829.dat
./../benchmark_test_data/1bm8/apmds/S_00145890.dat
./../benchmark_test_data/1bm8/apmds/S_00145965.dat
./../benchmark_test_data/1bm8/apmds/S_00146012.dat
./../benchmark_test_data/1bm8/apmds/S_00146380.dat
./../benchmark_test_data/1bm8/apmds/S_00146636.dat
./../benchmark_test_data/1bm8/apmds/S_00146746.dat
./../benchmark_test_data/1bm8/apmds/S_00146935.dat
./../benchmark_test_data/1bm8/apmds/S_00147044.dat
./../benchmark_test_data/1bm8/apmds/S_00147069.dat
./../benchmark_test_data/1bm8/apmds/S_00147106.dat
./../benchmark_test_data/1bm8/apmds/S_00147244.dat
./../benchmark_test_data/1bm8/apmds/S_00147323.dat
./../benchmark_test_data/1bm8/apmds/S_00147475.dat
./../benchmark_test_data/1bm8/apmds/S_00147497.dat
./../benchmark_test_data/1bm8/apmds/S_00147624.dat
./../benchmark_test_data/1bm8/apmds/S_00147700.dat
./../benchmark_test_data/1bm8/apmds/S_00147921.dat
./../benchmark_test_data/1bm8/apmds/S_00148050.dat
./../benchmark_test_data/1bm8/apmds/S_00148077.dat
./../benchmark_test_data/1bm8/apmds/S_00148297.dat
./../benchmark_test_data/1bm8/apmds/S_00148326.dat
./../benchmark_test_data/1bm8/apmds/S_00148350.dat
./../benchmark_test_data/1bm8/apmds/S_00148580.dat
./../benchmark_test_data/1bm8/apmds/S_00148615.dat
./../benchmark_test_data/1bm8/apmds/S_00148682.dat
./../benchmark_test_data/1bm8/apmds/S_00148706.dat
./../benchmark_test_data/1bm8/apmds/S_00148805.dat
./../benchmark_test_data/1bm8/apmds/S_00148821.dat
./../benchmark_test_data/1bm8/apmds/S_00148891.dat
./../benchmark_test_data/1bm8/apmds/S_00149153.dat
./../benchmark_test_data/1bm8/apmds/S_00149213.dat
./../benchmark_test_data/1bm8/apmds/S_00149224.dat
./../benchmark_test_data/1bm8/apmds/S_00149263.dat
./../benchmark_test_data/1bm8/apmds/S_00149441.dat
./../benchmark_test_data/1bm8/apmds/S_00149502.dat
./../benchmark_test_data/1bm8/apmds/S_00149504.dat
./../benchmark_test_data/1bm8/apmds/S_00149530.dat
./../benchmark_test_data/1bm8/apmds/S_00149601.dat
./../benchmark_test_data/1bm8/apmds/S_00149706.dat
./../benchmark_test_data/1bm8/apmds/S_00150023.dat
./../benchmark_test_data/1bm8/apmds/S_00151125.dat
./../benchmark_test_data/1bm8/apmds/S_00151461.dat
./../benchmark_test_data/1bm8/apmds/S_00151480.dat
./../benchmark_test_data/1bm8/apmds/S_00151656.dat
./../benchmark_test_data/1bm8/apmds/S_00151766.dat
./../benchmark_test_data/1bm8/apmds/S_00151890.dat
./../benchmark_test_data/1bm8/apmds/S_00152350.dat
./../benchmark_test_data/1bm8/apmds/S_00152599.dat
./../benchmark_test_data/1bm8/apmds/S_00152939.dat
./../benchmark_test_data/1bm8/apmds/S_00153162.dat
./../benchmark_test_data/1bm8/apmds/S_00153263.dat
./../benchmark_test_data/1bm8/apmds/S_00153297.dat
./../benchmark_test_data/1bm8/apmds/S_00153301.dat
./../benchmark_test_data/1bm8/apmds/S_00153341.dat
./../benchmark_test_data/1bm8/apmds/S_00153967.dat
./../benchmark_test_data/1bm8/apmds/S_00153980.dat
./../benchmark_test_data/1bm8/apmds/S_00154285.dat
./../benchmark_test_data/1bm8/apmds/S_00154641.dat
./../benchmark_test_data/1bm8/apmds/S_00154691.dat
./../benchmark_test_data/1bm8/apmds/S_00154709.dat
./../benchmark_test_data/1bm8/apmds/S_00154736.dat
./../benchmark_test_data/1bm8/apmds/S_00155207.dat
./../benchmark_test_data/1bm8/apmds/S_00155232.dat
./../benchmark_test_data/1bm8/apmds/S_00155330.dat
./../benchmark_test_data/1bm8/apmds/S_00155584.dat
./../benchmark_test_data/1bm8/apmds/S_00155609.dat
./../benchmark_test_data/1bm8/apmds/S_00155702.dat
./../benchmark_test_data/1bm8/apmds/S_00155788.dat
./../benchmark_test_data/1bm8/apmds/S_00155945.dat
./../benchmark_test_data/1bm8/apmds/S_00155967.dat
./../benchmark_test_data/1bm8/apmds/S_00155987.dat
./../benchmark_test_data/1bm8/apmds/S_00156186.dat
./../benchmark_test_data/1bm8/apmds/S_00156385.dat
./../benchmark_test_data/1bm8/apmds/S_00156442.dat
./../benchmark_test_data/1bm8/apmds/S_00156508.dat
./../benchmark_test_data/1bm8/apmds/S_00156617.dat
./../benchmark_test_data/1bm8/apmds/S_00156895.dat
./../benchmark_test_data/1bm8/apmds/S_00156957.dat
./../benchmark_test_data/1bm8/apmds/S_00157259.dat
./../benchmark_test_data/1bm8/apmds/S_00157576.dat
./../benchmark_test_data/1bm8/apmds/S_00157813.dat
./../benchmark_test_data/1bm8/apmds/S_00157968.dat
./../benchmark_test_data/1bm8/apmds/S_00158208.dat
./../benchmark_test_data/1bm8/apmds/S_00158439.dat
./../benchmark_test_data/1bm8/apmds/S_00158789.dat
./../benchmark_test_data/1bm8/apmds/S_00158863.dat
./../benchmark_test_data/1bm8/apmds/S_00158889.dat
./../benchmark_test_data/1bm8/apmds/S_00158952.dat
./../benchmark_test_data/1bm8/apmds/S_00159256.dat
./../benchmark_test_data/1bm8/apmds/S_00159421.dat
./../benchmark_test_data/1bm8/apmds/S_00159910.dat
./../benchmark_test_data/1bm8/apmds/S_00160275.dat
./../benchmark_test_data/1bm8/apmds/S_00160392.dat
./../benchmark_test_data/1bm8/apmds/S_00160471.dat
./../benchmark_test_data/1bm8/apmds/S_00160681.dat
./../benchmark_test_data/1bm8/apmds/S_00161213.dat
./../benchmark_test_data/1bm8/apmds/S_00161240.dat
./../benchmark_test_data/1bm8/apmds/S_00161305.dat
./../benchmark_test_data/1bm8/apmds/S_00161504.dat
./../benchmark_test_data/1bm8/apmds/S_00161576.dat
./../benchmark_test_data/1bm8/apmds/S_00161820.dat
./../benchmark_test_data/1bm8/apmds/S_00161847.dat
./../benchmark_test_data/1bm8/apmds/S_00161860.dat
./../benchmark_test_data/1bm8/apmds/S_00161893.dat
./../benchmark_test_data/1bm8/apmds/S_00161904.dat
./../benchmark_test_data/1bm8/apmds/S_00162000.dat
./../benchmark_test_data/1bm8/apmds/S_00162371.dat
./../benchmark_test_data/1bm8/apmds/S_00162459.dat
./../benchmark_test_data/1bm8/apmds/S_00163963.dat
./../benchmark_test_data/1bm8/apmds/S_00163975.dat
./../benchmark_test_data/1bm8/apmds/S_00164190.dat
./../benchmark_test_data/1bm8/apmds/S_00164304.dat
./../benchmark_test_data/1bm8/apmds/S_00164305.dat
./../benchmark_test_data/1bm8/apmds/S_00164478.dat
./../benchmark_test_data/1bm8/apmds/S_00164778.dat
./../benchmark_test_data/1bm8/apmds/S_00164938.dat
./../benchmark_test_data/1bm8/apmds/S_00165041.dat
./../benchmark_test_data/1bm8/apmds/S_00165567.dat
./../benchmark_test_data/1bm8/apmds/S_00165638.dat
./../benchmark_test_data/1bm8/apmds/S_00165746.dat
./../benchmark_test_data/1bm8/apmds/S_00165892.dat
./../benchmark_test_data/1bm8/apmds/S_00166063.dat
./../benchmark_test_data/1bm8/apmds/S_00166108.dat
./../benchmark_test_data/1bm8/apmds/S_00166176.dat
./../benchmark_test_data/1bm8/apmds/S_00166321.dat
./../benchmark_test_data/1bm8/apmds/S_00166419.dat
./../benchmark_test_data/1bm8/apmds/S_00166668.dat
./../benchmark_test_data/1bm8/apmds/S_00166762.dat
./../benchmark_test_data/1bm8/apmds/S_00166997.dat
./../benchmark_test_data/1bm8/apmds/S_00167251.dat
./../benchmark_test_data/1bm8/apmds/S_00167359.dat
./../benchmark_test_data/1bm8/apmds/S_00167363.dat
./../benchmark_test_data/1bm8/apmds/S_00167619.dat
./../benchmark_test_data/1bm8/apmds/S_00167766.dat
./../benchmark_test_data/1bm8/apmds/S_00168294.dat
./../benchmark_test_data/1bm8/apmds/S_00168634.dat
./../benchmark_test_data/1bm8/apmds/S_00168852.dat
./../benchmark_test_data/1bm8/apmds/S_00169184.dat
./../benchmark_test_data/1bm8/apmds/S_00169325.dat
./../benchmark_test_data/1bm8/apmds/S_00169450.dat
./../benchmark_test_data/1bm8/apmds/S_00170011.dat
./../benchmark_test_data/1bm8/apmds/S_00170273.dat
./../benchmark_test_data/1bm8/apmds/S_00170334.dat
./../benchmark_test_data/1bm8/apmds/S_00170631.dat
./../benchmark_test_data/1bm8/apmds/S_00170743.dat
./../benchmark_test_data/1bm8/apmds/S_00170789.dat
./../benchmark_test_data/1bm8/apmds/S_00171506.dat
./../benchmark_test_data/1bm8/apmds/S_00171510.dat
./../benchmark_test_data/1bm8/apmds/S_00172174.dat
./../benchmark_test_data/1bm8/apmds/S_00172303.dat
./../benchmark_test_data/1bm8/apmds/S_00172311.dat
./../benchmark_test_data/1bm8/apmds/S_00172319.dat
./../benchmark_test_data/1bm8/apmds/S_00172473.dat
./../benchmark_test_data/1bm8/apmds/S_00172544.dat
./../benchmark_test_data/1bm8/apmds/S_00173344.dat
./../benchmark_test_data/1bm8/apmds/S_00173465.dat
./../benchmark_test_data/1bm8/apmds/S_00173557.dat
./../benchmark_test_data/1bm8/apmds/S_00173865.dat
./../benchmark_test_data/1bm8/apmds/S_00173914.dat
./../benchmark_test_data/1bm8/apmds/S_00173938.dat
./../benchmark_test_data/1bm8/apmds/S_00174001.dat
./../benchmark_test_data/1bm8/apmds/S_00174033.dat
./../benchmark_test_data/1bm8/apmds/S_00174111.dat
./../benchmark_test_data/1bm8/apmds/S_00174165.dat
./../benchmark_test_data/1bm8/apmds/S_00174511.dat
./../benchmark_test_data/1bm8/apmds/S_00175057.dat
./../benchmark_test_data/1bm8/apmds/S_00175077.dat
./../benchmark_test_data/1bm8/apmds/S_00175102.dat
./../benchmark_test_data/1bm8/apmds/S_00175523.dat
./../benchmark_test_data/1bm8/apmds/S_00175611.dat
./../benchmark_test_data/1bm8/apmds/S_00175860.dat
./../benchmark_test_data/1bm8/apmds/S_00175889.dat
./../benchmark_test_data/1bm8/apmds/S_00176592.dat
./../benchmark_test_data/1bm8/apmds/S_00176604.dat
./../benchmark_test_data/1bm8/apmds/S_00176681.dat
./../benchmark_test_data/1bm8/apmds/S_00176841.dat
./../benchmark_test_data/1bm8/apmds/S_00176965.dat
./../benchmark_test_data/1bm8/apmds/S_00177749.dat
./../benchmark_test_data/1bm8/apmds/S_00178017.dat
./../benchmark_test_data/1bm8/apmds/S_00178228.dat
./../benchmark_test_data/1bm8/apmds/S_00178287.dat
./../benchmark_test_data/1bm8/apmds/S_00178301.dat
./../benchmark_test_data/1bm8/apmds/S_00178533.dat
./../benchmark_test_data/1bm8/apmds/S_00179421.dat
./../benchmark_test_data/1bm8/apmds/S_00179432.dat
./../benchmark_test_data/1bm8/apmds/S_00179446.dat
./../benchmark_test_data/1bm8/apmds/S_00179570.dat
./../benchmark_test_data/1bm8/apmds/S_00179997.dat
./../benchmark_test_data/1bm8/apmds/S_00180347.dat
./../benchmark_test_data/1bm8/apmds/S_00180608.dat
./../benchmark_test_data/1bm8/apmds/S_00180655.dat
./../benchmark_test_data/1bm8/apmds/S_00180873.dat
./../benchmark_test_data/1bm8/apmds/S_00180878.dat
./../benchmark_test_data/1bm8/apmds/S_00181001.dat
./../benchmark_test_data/1bm8/apmds/S_00181038.dat
./../benchmark_test_data/1bm8/apmds/S_00181144.dat
./../benchmark_test_data/1bm8/apmds/S_00181261.dat
./../benchmark_test_data/1bm8/apmds/S_00181441.dat
./../benchmark_test_data/1bm8/apmds/S_00181506.dat
./../benchmark_test_data/1bm8/apmds/S_00181654.dat
./../benchmark_test_data/1bm8/apmds/S_00181746.dat
./../benchmark_test_data/1bm8/apmds/S_00181762.dat
./../benchmark_test_data/1bm8/apmds/S_00182628.dat
./../benchmark_test_data/1bm8/apmds/S_00182704.dat
./../benchmark_test_data/1bm8/apmds/S_00182775.dat
./../benchmark_test_data/1bm8/apmds/S_00182931.dat
./../benchmark_test_data/1bm8/apmds/S_00183225.dat
./../benchmark_test_data/1bm8/apmds/S_00183242.dat
./../benchmark_test_data/1bm8/apmds/S_00183501.dat
./../benchmark_test_data/1bm8/apmds/S_00183507.dat
./../benchmark_test_data/1bm8/apmds/S_00183715.dat
./../benchmark_test_data/1bm8/apmds/S_00184480.dat
./../benchmark_test_data/1bm8/apmds/S_00185099.dat
./../benchmark_test_data/1bm8/apmds/S_00185313.dat
./../benchmark_test_data/1bm8/apmds/S_00185520.dat
./../benchmark_test_data/1bm8/apmds/S_00185954.dat
./../benchmark_test_data/1bm8/apmds/S_00185992.dat
./../benchmark_test_data/1bm8/apmds/S_00186689.dat
./../benchmark_test_data/1bm8/apmds/S_00186696.dat
./../benchmark_test_data/1bm8/apmds/S_00186835.dat
./../benchmark_test_data/1bm8/apmds/S_00186965.dat
./../benchmark_test_data/1bm8/apmds/S_00187043.dat
./../benchmark_test_data/1bm8/apmds/S_00187051.dat
./../benchmark_test_data/1bm8/apmds/S_00187064.dat
./../benchmark_test_data/1bm8/apmds/S_00187508.dat
./../benchmark_test_data/1bm8/apmds/S_00187804.dat
./../benchmark_test_data/1bm8/apmds/S_00187968.dat
./../benchmark_test_data/1bm8/apmds/S_00188303.dat
./../benchmark_test_data/1bm8/apmds/S_00188390.dat
./../benchmark_test_data/1bm8/apmds/S_00188453.dat
./../benchmark_test_data/1bm8/apmds/S_00188462.dat
./../benchmark_test_data/1bm8/apmds/S_00188757.dat
./../benchmark_test_data/1bm8/apmds/S_00188817.dat
./../benchmark_test_data/1bm8/apmds/S_00188850.dat
./../benchmark_test_data/1bm8/apmds/S_00189217.dat
./../benchmark_test_data/1bm8/apmds/S_00189260.dat
./../benchmark_test_data/1bm8/apmds/S_00189279.dat
./../benchmark_test_data/1bm8/apmds/S_00189324.dat
./../benchmark_test_data/1bm8/apmds/S_00189439.dat
./../benchmark_test_data/1bm8/apmds/S_00189468.dat
./../benchmark_test_data/1bm8/apmds/S_00189481.dat
./../benchmark_test_data/1bm8/apmds/S_00189964.dat
./../benchmark_test_data/1bm8/apmds/S_00190408.dat
./../benchmark_test_data/1bm8/apmds/S_00190606.dat
./../benchmark_test_data/1bm8/apmds/S_00190703.dat
./../benchmark_test_data/1bm8/apmds/S_00191058.dat
./../benchmark_test_data/1bm8/apmds/S_00191401.dat
./../benchmark_test_data/1bm8/apmds/S_00191605.dat
./../benchmark_test_data/1bm8/apmds/S_00191870.dat
./../benchmark_test_data/1bm8/apmds/S_00191899.dat
./../benchmark_test_data/1bm8/apmds/S_00191966.dat
./../benchmark_test_data/1bm8/apmds/S_00192087.dat
./../benchmark_test_data/1bm8/apmds/S_00192109.dat
./../benchmark_test_data/1bm8/apmds/S_00192110.dat
./../benchmark_test_data/1bm8/apmds/S_00192186.dat
./../benchmark_test_data/1bm8/apmds/S_00192192.dat
./../benchmark_test_data/1bm8/apmds/S_00193069.dat
./../benchmark_test_data/1bm8/apmds/S_00193267.dat
./../benchmark_test_data/1bm8/apmds/S_00193379.dat
./../benchmark_test_data/1bm8/apmds/S_00193518.dat
./../benchmark_test_data/1bm8/apmds/S_00193612.dat
./../benchmark_test_data/1bm8/apmds/S_00193615.dat
./../benchmark_test_data/1bm8/apmds/S_00194121.dat
./../benchmark_test_data/1bm8/apmds/S_00194554.dat
./../benchmark_test_data/1bm8/apmds/S_00194690.dat
./../benchmark_test_data/1bm8/apmds/S_00194784.dat
./../benchmark_test_data/1bm8/apmds/S_00194992.dat
./../benchmark_test_data/1bm8/apmds/S_00195396.dat
./../benchmark_test_data/1bm8/apmds/S_00195550.dat
./../benchmark_test_data/1bm8/apmds/S_00195671.dat
./../benchmark_test_data/1bm8/apmds/S_00195964.dat
./../benchmark_test_data/1bm8/apmds/S_00196119.dat
./../benchmark_test_data/1bm8/apmds/S_00196121.dat
./../benchmark_test_data/1bm8/apmds/S_00196464.dat
./../benchmark_test_data/1bm8/apmds/S_00196534.dat
./../benchmark_test_data/1bm8/apmds/S_00196813.dat
./../benchmark_test_data/1bm8/apmds/S_00197141.dat
./../benchmark_test_data/1bm8/apmds/S_00197369.dat
./../benchmark_test_data/1bm8/apmds/S_00197714.dat
./../benchmark_test_data/1bm8/apmds/S_00197739.dat
./../benchmark_test_data/1bm8/apmds/S_00197834.dat
./../benchmark_test_data/1bm8/apmds/S_00197880.dat
./../benchmark_test_data/1bm8/apmds/S_00197967.dat
./../benchmark_test_data/1bm8/apmds/S_00198231.dat
./../benchmark_test_data/1bm8/apmds/S_00198480.dat
./../benchmark_test_data/1bm8/apmds/S_00198544.dat
./../benchmark_test_data/1bm8/apmds/S_00198646.dat
./../benchmark_test_data/1bm8/apmds/S_00198763.dat
./../benchmark_test_data/1bm8/apmds/S_00198991.dat
./../benchmark_test_data/1bm8/apmds/S_00199053.dat
./../benchmark_test_data/1bm8/apmds/S_00199328.dat
./../benchmark_test_data/1bm8/apmds/S_00199552.dat
./../benchmark_test_data/1bm8/apmds/S_00199962.dat
