./../benchmark_test_data/1bm8/models/S_00000141.pdb
./../benchmark_test_data/1bm8/models/S_00000156.pdb
./../benchmark_test_data/1bm8/models/S_00000255.pdb
./../benchmark_test_data/1bm8/models/S_00000319.pdb
./../benchmark_test_data/1bm8/models/S_00000405.pdb
./../benchmark_test_data/1bm8/models/S_00000482.pdb
./../benchmark_test_data/1bm8/models/S_00000874.pdb
./../benchmark_test_data/1bm8/models/S_00001110.pdb
./../benchmark_test_data/1bm8/models/S_00001693.pdb
./../benchmark_test_data/1bm8/models/S_00001708.pdb
./../benchmark_test_data/1bm8/models/S_00001742.pdb
./../benchmark_test_data/1bm8/models/S_00002314.pdb
./../benchmark_test_data/1bm8/models/S_00002435.pdb
./../benchmark_test_data/1bm8/models/S_00002456.pdb
./../benchmark_test_data/1bm8/models/S_00002772.pdb
./../benchmark_test_data/1bm8/models/S_00002990.pdb
./../benchmark_test_data/1bm8/models/S_00003058.pdb
./../benchmark_test_data/1bm8/models/S_00003665.pdb
./../benchmark_test_data/1bm8/models/S_00003856.pdb
./../benchmark_test_data/1bm8/models/S_00004185.pdb
./../benchmark_test_data/1bm8/models/S_00004269.pdb
./../benchmark_test_data/1bm8/models/S_00004567.pdb
./../benchmark_test_data/1bm8/models/S_00004976.pdb
./../benchmark_test_data/1bm8/models/S_00005046.pdb
./../benchmark_test_data/1bm8/models/S_00005307.pdb
./../benchmark_test_data/1bm8/models/S_00005673.pdb
./../benchmark_test_data/1bm8/models/S_00005683.pdb
./../benchmark_test_data/1bm8/models/S_00005743.pdb
./../benchmark_test_data/1bm8/models/S_00005835.pdb
./../benchmark_test_data/1bm8/models/S_00006281.pdb
./../benchmark_test_data/1bm8/models/S_00006284.pdb
./../benchmark_test_data/1bm8/models/S_00006359.pdb
./../benchmark_test_data/1bm8/models/S_00006810.pdb
./../benchmark_test_data/1bm8/models/S_00006880.pdb
./../benchmark_test_data/1bm8/models/S_00006992.pdb
./../benchmark_test_data/1bm8/models/S_00007109.pdb
./../benchmark_test_data/1bm8/models/S_00007226.pdb
./../benchmark_test_data/1bm8/models/S_00007377.pdb
./../benchmark_test_data/1bm8/models/S_00007704.pdb
./../benchmark_test_data/1bm8/models/S_00007898.pdb
./../benchmark_test_data/1bm8/models/S_00008487.pdb
./../benchmark_test_data/1bm8/models/S_00008858.pdb
./../benchmark_test_data/1bm8/models/S_00008909.pdb
./../benchmark_test_data/1bm8/models/S_00008918.pdb
./../benchmark_test_data/1bm8/models/S_00008931.pdb
./../benchmark_test_data/1bm8/models/S_00009239.pdb
./../benchmark_test_data/1bm8/models/S_00009554.pdb
./../benchmark_test_data/1bm8/models/S_00010279.pdb
./../benchmark_test_data/1bm8/models/S_00010302.pdb
./../benchmark_test_data/1bm8/models/S_00010441.pdb
./../benchmark_test_data/1bm8/models/S_00010481.pdb
./../benchmark_test_data/1bm8/models/S_00010566.pdb
./../benchmark_test_data/1bm8/models/S_00011021.pdb
./../benchmark_test_data/1bm8/models/S_00011591.pdb
./../benchmark_test_data/1bm8/models/S_00011683.pdb
./../benchmark_test_data/1bm8/models/S_00011862.pdb
./../benchmark_test_data/1bm8/models/S_00011884.pdb
./../benchmark_test_data/1bm8/models/S_00011952.pdb
./../benchmark_test_data/1bm8/models/S_00011965.pdb
./../benchmark_test_data/1bm8/models/S_00012334.pdb
./../benchmark_test_data/1bm8/models/S_00012406.pdb
./../benchmark_test_data/1bm8/models/S_00012413.pdb
./../benchmark_test_data/1bm8/models/S_00013028.pdb
./../benchmark_test_data/1bm8/models/S_00014029.pdb
./../benchmark_test_data/1bm8/models/S_00014169.pdb
./../benchmark_test_data/1bm8/models/S_00014527.pdb
./../benchmark_test_data/1bm8/models/S_00014594.pdb
./../benchmark_test_data/1bm8/models/S_00014595.pdb
./../benchmark_test_data/1bm8/models/S_00014679.pdb
./../benchmark_test_data/1bm8/models/S_00015455.pdb
./../benchmark_test_data/1bm8/models/S_00015656.pdb
./../benchmark_test_data/1bm8/models/S_00015877.pdb
./../benchmark_test_data/1bm8/models/S_00016020.pdb
./../benchmark_test_data/1bm8/models/S_00016136.pdb
./../benchmark_test_data/1bm8/models/S_00016175.pdb
./../benchmark_test_data/1bm8/models/S_00016340.pdb
./../benchmark_test_data/1bm8/models/S_00016386.pdb
./../benchmark_test_data/1bm8/models/S_00016393.pdb
./../benchmark_test_data/1bm8/models/S_00016827.pdb
./../benchmark_test_data/1bm8/models/S_00016963.pdb
./../benchmark_test_data/1bm8/models/S_00017994.pdb
./../benchmark_test_data/1bm8/models/S_00018014.pdb
./../benchmark_test_data/1bm8/models/S_00018199.pdb
./../benchmark_test_data/1bm8/models/S_00018391.pdb
./../benchmark_test_data/1bm8/models/S_00018790.pdb
./../benchmark_test_data/1bm8/models/S_00019139.pdb
./../benchmark_test_data/1bm8/models/S_00019163.pdb
./../benchmark_test_data/1bm8/models/S_00019729.pdb
./../benchmark_test_data/1bm8/models/S_00019875.pdb
./../benchmark_test_data/1bm8/models/S_00019892.pdb
./../benchmark_test_data/1bm8/models/S_00020162.pdb
./../benchmark_test_data/1bm8/models/S_00020263.pdb
./../benchmark_test_data/1bm8/models/S_00020567.pdb
./../benchmark_test_data/1bm8/models/S_00021033.pdb
./../benchmark_test_data/1bm8/models/S_00021037.pdb
./../benchmark_test_data/1bm8/models/S_00021202.pdb
./../benchmark_test_data/1bm8/models/S_00021299.pdb
./../benchmark_test_data/1bm8/models/S_00021321.pdb
./../benchmark_test_data/1bm8/models/S_00021669.pdb
./../benchmark_test_data/1bm8/models/S_00021831.pdb
