../benchmark_test_data/1opd/models/S_00011435.pdb
../benchmark_test_data/1opd/models/S_00142191.pdb
../benchmark_test_data/1opd/models/S_00183579.pdb
../benchmark_test_data/1opd/models/S_00271522.pdb
../benchmark_test_data/1opd/models/S_00267902.pdb
../benchmark_test_data/1opd/models/S_00269139.pdb
../benchmark_test_data/1opd/models/S_00199227.pdb
../benchmark_test_data/1opd/models/S_00178221.pdb
../benchmark_test_data/1opd/models/S_00058867.pdb
../benchmark_test_data/1opd/models/S_00249245.pdb
../benchmark_test_data/1opd/models/S_00133853.pdb
../benchmark_test_data/1opd/models/S_00161510.pdb
../benchmark_test_data/1opd/models/S_00203695.pdb
../benchmark_test_data/1opd/models/S_00262741.pdb
../benchmark_test_data/1opd/models/S_00237274.pdb
../benchmark_test_data/1opd/models/S_00298382.pdb
../benchmark_test_data/1opd/models/S_00013175.pdb
../benchmark_test_data/1opd/models/S_00028367.pdb
../benchmark_test_data/1opd/models/S_00155475.pdb
../benchmark_test_data/1opd/models/S_00046357.pdb
../benchmark_test_data/1opd/models/S_00222286.pdb
../benchmark_test_data/1opd/models/S_00089304.pdb
../benchmark_test_data/1opd/models/S_00239302.pdb
../benchmark_test_data/1opd/models/S_00273923.pdb
../benchmark_test_data/1opd/models/S_00016418.pdb
../benchmark_test_data/1opd/models/S_00280266.pdb
../benchmark_test_data/1opd/models/S_00177691.pdb
../benchmark_test_data/1opd/models/S_00242622.pdb
../benchmark_test_data/1opd/models/S_00107890.pdb
../benchmark_test_data/1opd/models/S_00224985.pdb
../benchmark_test_data/1opd/models/S_00110951.pdb
../benchmark_test_data/1opd/models/S_00049957.pdb
../benchmark_test_data/1opd/models/S_00239258.pdb
../benchmark_test_data/1opd/models/S_00062427.pdb
../benchmark_test_data/1opd/models/S_00109119.pdb
../benchmark_test_data/1opd/models/S_00062783.pdb
../benchmark_test_data/1opd/models/S_00182742.pdb
../benchmark_test_data/1opd/models/S_00032560.pdb
../benchmark_test_data/1opd/models/S_00236568.pdb
../benchmark_test_data/1opd/models/S_00260825.pdb
../benchmark_test_data/1opd/models/S_00129819.pdb
../benchmark_test_data/1opd/models/S_00253127.pdb
../benchmark_test_data/1opd/models/S_00005630.pdb
../benchmark_test_data/1opd/models/S_00135902.pdb
../benchmark_test_data/1opd/models/S_00154034.pdb
../benchmark_test_data/1opd/models/S_00252687.pdb
../benchmark_test_data/1opd/models/S_00112455.pdb
../benchmark_test_data/1opd/models/S_00117884.pdb
../benchmark_test_data/1opd/models/S_00234293.pdb
../benchmark_test_data/1opd/models/S_00244253.pdb
../benchmark_test_data/1opd/models/S_00230401.pdb
../benchmark_test_data/1opd/models/S_00292789.pdb
../benchmark_test_data/1opd/models/S_00261387.pdb
../benchmark_test_data/1opd/models/S_00080117.pdb
../benchmark_test_data/1opd/models/S_00060667.pdb
../benchmark_test_data/1opd/models/S_00232417.pdb
../benchmark_test_data/1opd/models/S_00274640.pdb
../benchmark_test_data/1opd/models/S_00298420.pdb
../benchmark_test_data/1opd/models/S_00285186.pdb
../benchmark_test_data/1opd/models/S_00266435.pdb
../benchmark_test_data/1opd/models/S_00052066.pdb
../benchmark_test_data/1opd/models/S_00125146.pdb
../benchmark_test_data/1opd/models/S_00008990.pdb
../benchmark_test_data/1opd/models/S_00072015.pdb
../benchmark_test_data/1opd/models/S_00043620.pdb
../benchmark_test_data/1opd/models/S_00296896.pdb
../benchmark_test_data/1opd/models/S_00295599.pdb
../benchmark_test_data/1opd/models/S_00173021.pdb
../benchmark_test_data/1opd/models/S_00021631.pdb
../benchmark_test_data/1opd/models/S_00117218.pdb
../benchmark_test_data/1opd/models/S_00243469.pdb
../benchmark_test_data/1opd/models/S_00178209.pdb
../benchmark_test_data/1opd/models/S_00295447.pdb
../benchmark_test_data/1opd/models/S_00135809.pdb
../benchmark_test_data/1opd/models/S_00052335.pdb
../benchmark_test_data/1opd/models/S_00057253.pdb
../benchmark_test_data/1opd/models/S_00208742.pdb
../benchmark_test_data/1opd/models/S_00098202.pdb
../benchmark_test_data/1opd/models/S_00283672.pdb
../benchmark_test_data/1opd/models/S_00279197.pdb
../benchmark_test_data/1opd/models/S_00140429.pdb
../benchmark_test_data/1opd/models/S_00283527.pdb
../benchmark_test_data/1opd/models/S_00011314.pdb
../benchmark_test_data/1opd/models/S_00196372.pdb
../benchmark_test_data/1opd/models/S_00253238.pdb
../benchmark_test_data/1opd/models/S_00076545.pdb
../benchmark_test_data/1opd/models/S_00277068.pdb
../benchmark_test_data/1opd/models/S_00156361.pdb
../benchmark_test_data/1opd/models/S_00036917.pdb
../benchmark_test_data/1opd/models/S_00243504.pdb
../benchmark_test_data/1opd/models/S_00102738.pdb
../benchmark_test_data/1opd/models/S_00183234.pdb
../benchmark_test_data/1opd/models/S_00244459.pdb
../benchmark_test_data/1opd/models/S_00048403.pdb
../benchmark_test_data/1opd/models/S_00034435.pdb
../benchmark_test_data/1opd/models/S_00171795.pdb
../benchmark_test_data/1opd/models/S_00005885.pdb
../benchmark_test_data/1opd/models/S_00167268.pdb
../benchmark_test_data/1opd/models/S_00174277.pdb
../benchmark_test_data/1opd/models/S_00278488.pdb
../benchmark_test_data/1opd/models/S_00058869.pdb
../benchmark_test_data/1opd/models/S_00186714.pdb
../benchmark_test_data/1opd/models/S_00282220.pdb
../benchmark_test_data/1opd/models/S_00263953.pdb
../benchmark_test_data/1opd/models/S_00186036.pdb
../benchmark_test_data/1opd/models/S_00154196.pdb
../benchmark_test_data/1opd/models/S_00106855.pdb
../benchmark_test_data/1opd/models/S_00178693.pdb
../benchmark_test_data/1opd/models/S_00012315.pdb
../benchmark_test_data/1opd/models/S_00133657.pdb
../benchmark_test_data/1opd/models/S_00161100.pdb
../benchmark_test_data/1opd/models/S_00252726.pdb
../benchmark_test_data/1opd/models/S_00048082.pdb
../benchmark_test_data/1opd/models/S_00241554.pdb
../benchmark_test_data/1opd/models/S_00268528.pdb
../benchmark_test_data/1opd/models/S_00033326.pdb
../benchmark_test_data/1opd/models/S_00190260.pdb
../benchmark_test_data/1opd/models/S_00252723.pdb
../benchmark_test_data/1opd/models/S_00139489.pdb
../benchmark_test_data/1opd/models/S_00028868.pdb
../benchmark_test_data/1opd/models/S_00021706.pdb
../benchmark_test_data/1opd/models/S_00153480.pdb
../benchmark_test_data/1opd/models/S_00097626.pdb
../benchmark_test_data/1opd/models/S_00180897.pdb
../benchmark_test_data/1opd/models/S_00259057.pdb
../benchmark_test_data/1opd/models/S_00239241.pdb
../benchmark_test_data/1opd/models/S_00290595.pdb
../benchmark_test_data/1opd/models/S_00158127.pdb
../benchmark_test_data/1opd/models/S_00039203.pdb
../benchmark_test_data/1opd/models/S_00026608.pdb
../benchmark_test_data/1opd/models/S_00196855.pdb
../benchmark_test_data/1opd/models/S_00059808.pdb
../benchmark_test_data/1opd/models/S_00184788.pdb
../benchmark_test_data/1opd/models/S_00050030.pdb
../benchmark_test_data/1opd/models/S_00152694.pdb
../benchmark_test_data/1opd/models/S_00202841.pdb
../benchmark_test_data/1opd/models/S_00080110.pdb
../benchmark_test_data/1opd/models/S_00027679.pdb
../benchmark_test_data/1opd/models/S_00001012.pdb
../benchmark_test_data/1opd/models/S_00141237.pdb
../benchmark_test_data/1opd/models/S_00265054.pdb
../benchmark_test_data/1opd/models/S_00115681.pdb
../benchmark_test_data/1opd/models/S_00194563.pdb
../benchmark_test_data/1opd/models/S_00178399.pdb
../benchmark_test_data/1opd/models/S_00222108.pdb
../benchmark_test_data/1opd/models/S_00226952.pdb
../benchmark_test_data/1opd/models/S_00115147.pdb
../benchmark_test_data/1opd/models/S_00164753.pdb
../benchmark_test_data/1opd/models/S_00050936.pdb
../benchmark_test_data/1opd/models/S_00055116.pdb
../benchmark_test_data/1opd/models/S_00157005.pdb
../benchmark_test_data/1opd/models/S_00250994.pdb
../benchmark_test_data/1opd/models/S_00202633.pdb
../benchmark_test_data/1opd/models/S_00291523.pdb
../benchmark_test_data/1opd/models/S_00176995.pdb
../benchmark_test_data/1opd/models/S_00035260.pdb
../benchmark_test_data/1opd/models/S_00238536.pdb
../benchmark_test_data/1opd/models/S_00260062.pdb
../benchmark_test_data/1opd/models/S_00291512.pdb
../benchmark_test_data/1opd/models/S_00025116.pdb
../benchmark_test_data/1opd/models/S_00238534.pdb
../benchmark_test_data/1opd/models/S_00227592.pdb
../benchmark_test_data/1opd/models/S_00155236.pdb
../benchmark_test_data/1opd/models/S_00013155.pdb
../benchmark_test_data/1opd/models/S_00073079.pdb
../benchmark_test_data/1opd/models/S_00267987.pdb
../benchmark_test_data/1opd/models/S_00113357.pdb
../benchmark_test_data/1opd/models/S_00039442.pdb
../benchmark_test_data/1opd/models/S_00195732.pdb
../benchmark_test_data/1opd/models/S_00057633.pdb
../benchmark_test_data/1opd/models/S_00041405.pdb
../benchmark_test_data/1opd/models/S_00020434.pdb
../benchmark_test_data/1opd/models/S_00264035.pdb
../benchmark_test_data/1opd/models/S_00262048.pdb
../benchmark_test_data/1opd/models/S_00197751.pdb
../benchmark_test_data/1opd/models/S_00191168.pdb
../benchmark_test_data/1opd/models/S_00178112.pdb
../benchmark_test_data/1opd/models/S_00011396.pdb
../benchmark_test_data/1opd/models/S_00266362.pdb
../benchmark_test_data/1opd/models/S_00229263.pdb
../benchmark_test_data/1opd/models/S_00003539.pdb
../benchmark_test_data/1opd/models/S_00049037.pdb
../benchmark_test_data/1opd/models/S_00236035.pdb
../benchmark_test_data/1opd/models/S_00264276.pdb
../benchmark_test_data/1opd/models/S_00054069.pdb
../benchmark_test_data/1opd/models/S_00099002.pdb
../benchmark_test_data/1opd/models/S_00005694.pdb
../benchmark_test_data/1opd/models/S_00232911.pdb
../benchmark_test_data/1opd/models/S_00065607.pdb
../benchmark_test_data/1opd/models/S_00201322.pdb
../benchmark_test_data/1opd/models/S_00299892.pdb
../benchmark_test_data/1opd/models/S_00178795.pdb
../benchmark_test_data/1opd/models/S_00115161.pdb
../benchmark_test_data/1opd/models/S_00039466.pdb
../benchmark_test_data/1opd/models/S_00252204.pdb
../benchmark_test_data/1opd/models/S_00267347.pdb
../benchmark_test_data/1opd/models/S_00230515.pdb
../benchmark_test_data/1opd/models/S_00255927.pdb
../benchmark_test_data/1opd/models/S_00241329.pdb
../benchmark_test_data/1opd/models/S_00040367.pdb
../benchmark_test_data/1opd/models/S_00020851.pdb
../benchmark_test_data/1opd/models/S_00093056.pdb
../benchmark_test_data/1opd/models/S_00228674.pdb
../benchmark_test_data/1opd/models/S_00219701.pdb
../benchmark_test_data/1opd/models/S_00170835.pdb
../benchmark_test_data/1opd/models/S_00017543.pdb
../benchmark_test_data/1opd/models/S_00167639.pdb
../benchmark_test_data/1opd/models/S_00169574.pdb
../benchmark_test_data/1opd/models/S_00195823.pdb
../benchmark_test_data/1opd/models/S_00173998.pdb
../benchmark_test_data/1opd/models/S_00252189.pdb
../benchmark_test_data/1opd/models/S_00102926.pdb
../benchmark_test_data/1opd/models/S_00235088.pdb
../benchmark_test_data/1opd/models/S_00126430.pdb
../benchmark_test_data/1opd/models/S_00271170.pdb
../benchmark_test_data/1opd/models/S_00019526.pdb
../benchmark_test_data/1opd/models/S_00270951.pdb
../benchmark_test_data/1opd/models/S_00037821.pdb
../benchmark_test_data/1opd/models/S_00267461.pdb
../benchmark_test_data/1opd/models/S_00045757.pdb
../benchmark_test_data/1opd/models/S_00075862.pdb
../benchmark_test_data/1opd/models/S_00166833.pdb
../benchmark_test_data/1opd/models/S_00200527.pdb
../benchmark_test_data/1opd/models/S_00220392.pdb
../benchmark_test_data/1opd/models/S_00222313.pdb
../benchmark_test_data/1opd/models/S_00015004.pdb
../benchmark_test_data/1opd/models/S_00261841.pdb
../benchmark_test_data/1opd/models/S_00266767.pdb
../benchmark_test_data/1opd/models/S_00072688.pdb
../benchmark_test_data/1opd/models/S_00182009.pdb
../benchmark_test_data/1opd/models/S_00085508.pdb
../benchmark_test_data/1opd/models/S_00108573.pdb
../benchmark_test_data/1opd/models/S_00179082.pdb
../benchmark_test_data/1opd/models/S_00257314.pdb
../benchmark_test_data/1opd/models/S_00295966.pdb
../benchmark_test_data/1opd/models/S_00280763.pdb
../benchmark_test_data/1opd/models/S_00244884.pdb
../benchmark_test_data/1opd/models/S_00252876.pdb
../benchmark_test_data/1opd/models/S_00288692.pdb
../benchmark_test_data/1opd/models/S_00187340.pdb
../benchmark_test_data/1opd/models/S_00272096.pdb
../benchmark_test_data/1opd/models/S_00159373.pdb
../benchmark_test_data/1opd/models/S_00227711.pdb
../benchmark_test_data/1opd/models/S_00127006.pdb
../benchmark_test_data/1opd/models/S_00158973.pdb
../benchmark_test_data/1opd/models/S_00231024.pdb
../benchmark_test_data/1opd/models/S_00087160.pdb
../benchmark_test_data/1opd/models/S_00103105.pdb
../benchmark_test_data/1opd/models/S_00252020.pdb
../benchmark_test_data/1opd/models/S_00036207.pdb
../benchmark_test_data/1opd/models/S_00234911.pdb
../benchmark_test_data/1opd/models/S_00166264.pdb
../benchmark_test_data/1opd/models/S_00070149.pdb
../benchmark_test_data/1opd/models/S_00174881.pdb
../benchmark_test_data/1opd/models/S_00154713.pdb
../benchmark_test_data/1opd/models/S_00150274.pdb
../benchmark_test_data/1opd/models/S_00066499.pdb
../benchmark_test_data/1opd/models/S_00058866.pdb
../benchmark_test_data/1opd/models/S_00068697.pdb
../benchmark_test_data/1opd/models/S_00175442.pdb
../benchmark_test_data/1opd/models/S_00225959.pdb
../benchmark_test_data/1opd/models/S_00011627.pdb
../benchmark_test_data/1opd/models/S_00295796.pdb
../benchmark_test_data/1opd/models/S_00031786.pdb
../benchmark_test_data/1opd/models/S_00224169.pdb
../benchmark_test_data/1opd/models/S_00132884.pdb
../benchmark_test_data/1opd/models/S_00075965.pdb
../benchmark_test_data/1opd/models/S_00043785.pdb
../benchmark_test_data/1opd/models/S_00044125.pdb
../benchmark_test_data/1opd/models/S_00246433.pdb
../benchmark_test_data/1opd/models/S_00107458.pdb
../benchmark_test_data/1opd/models/S_00170626.pdb
../benchmark_test_data/1opd/models/S_00031264.pdb
../benchmark_test_data/1opd/models/S_00008554.pdb
../benchmark_test_data/1opd/models/S_00291706.pdb
../benchmark_test_data/1opd/models/S_00106880.pdb
../benchmark_test_data/1opd/models/S_00116634.pdb
../benchmark_test_data/1opd/models/S_00008134.pdb
../benchmark_test_data/1opd/models/S_00031940.pdb
../benchmark_test_data/1opd/models/S_00141216.pdb
../benchmark_test_data/1opd/models/S_00063645.pdb
../benchmark_test_data/1opd/models/S_00276019.pdb
../benchmark_test_data/1opd/models/S_00152576.pdb
../benchmark_test_data/1opd/models/S_00297455.pdb
../benchmark_test_data/1opd/models/S_00220569.pdb
../benchmark_test_data/1opd/models/S_00180922.pdb
../benchmark_test_data/1opd/models/S_00004453.pdb
../benchmark_test_data/1opd/models/S_00058678.pdb
../benchmark_test_data/1opd/models/S_00191811.pdb
../benchmark_test_data/1opd/models/S_00191494.pdb
../benchmark_test_data/1opd/models/S_00176401.pdb
../benchmark_test_data/1opd/models/S_00043989.pdb
../benchmark_test_data/1opd/models/S_00116179.pdb
../benchmark_test_data/1opd/models/S_00228595.pdb
../benchmark_test_data/1opd/models/S_00112982.pdb
../benchmark_test_data/1opd/models/S_00066517.pdb
../benchmark_test_data/1opd/models/S_00083825.pdb
../benchmark_test_data/1opd/models/S_00169525.pdb
../benchmark_test_data/1opd/models/S_00104491.pdb
../benchmark_test_data/1opd/models/S_00008895.pdb
../benchmark_test_data/1opd/models/S_00107486.pdb
../benchmark_test_data/1opd/models/S_00118550.pdb
../benchmark_test_data/1opd/models/S_00209331.pdb
../benchmark_test_data/1opd/models/S_00027797.pdb
../benchmark_test_data/1opd/models/S_00263400.pdb
../benchmark_test_data/1opd/models/S_00293938.pdb
../benchmark_test_data/1opd/models/S_00020621.pdb
../benchmark_test_data/1opd/models/S_00166283.pdb
../benchmark_test_data/1opd/models/S_00140564.pdb
../benchmark_test_data/1opd/models/S_00278821.pdb
../benchmark_test_data/1opd/models/S_00249580.pdb
../benchmark_test_data/1opd/models/S_00142791.pdb
../benchmark_test_data/1opd/models/S_00211202.pdb
../benchmark_test_data/1opd/models/S_00001270.pdb
../benchmark_test_data/1opd/models/S_00286087.pdb
../benchmark_test_data/1opd/models/S_00290392.pdb
../benchmark_test_data/1opd/models/S_00104473.pdb
../benchmark_test_data/1opd/models/S_00296829.pdb
../benchmark_test_data/1opd/models/S_00025490.pdb
../benchmark_test_data/1opd/models/S_00042380.pdb
../benchmark_test_data/1opd/models/S_00010927.pdb
../benchmark_test_data/1opd/models/S_00137095.pdb
../benchmark_test_data/1opd/models/S_00053989.pdb
../benchmark_test_data/1opd/models/S_00196894.pdb
../benchmark_test_data/1opd/models/S_00225477.pdb
../benchmark_test_data/1opd/models/S_00089177.pdb
../benchmark_test_data/1opd/models/S_00236253.pdb
../benchmark_test_data/1opd/models/S_00292058.pdb
../benchmark_test_data/1opd/models/S_00072090.pdb
../benchmark_test_data/1opd/models/S_00124406.pdb
../benchmark_test_data/1opd/models/S_00030332.pdb
../benchmark_test_data/1opd/models/S_00065154.pdb
../benchmark_test_data/1opd/models/S_00064315.pdb
../benchmark_test_data/1opd/models/S_00286029.pdb
../benchmark_test_data/1opd/models/S_00002689.pdb
../benchmark_test_data/1opd/models/S_00116856.pdb
../benchmark_test_data/1opd/models/S_00106249.pdb
../benchmark_test_data/1opd/models/S_00142269.pdb
../benchmark_test_data/1opd/models/S_00203448.pdb
../benchmark_test_data/1opd/models/S_00091533.pdb
../benchmark_test_data/1opd/models/S_00124609.pdb
../benchmark_test_data/1opd/models/S_00112481.pdb
../benchmark_test_data/1opd/models/S_00002635.pdb
../benchmark_test_data/1opd/models/S_00207181.pdb
../benchmark_test_data/1opd/models/S_00294249.pdb
../benchmark_test_data/1opd/models/S_00291057.pdb
../benchmark_test_data/1opd/models/S_00238726.pdb
../benchmark_test_data/1opd/models/S_00235336.pdb
../benchmark_test_data/1opd/models/S_00230601.pdb
../benchmark_test_data/1opd/models/S_00229920.pdb
../benchmark_test_data/1opd/models/S_00057686.pdb
../benchmark_test_data/1opd/models/S_00023706.pdb
../benchmark_test_data/1opd/models/S_00050018.pdb
../benchmark_test_data/1opd/models/S_00047652.pdb
../benchmark_test_data/1opd/models/S_00141786.pdb
../benchmark_test_data/1opd/models/S_00084908.pdb
../benchmark_test_data/1opd/models/S_00133256.pdb
../benchmark_test_data/1opd/models/S_00194860.pdb
../benchmark_test_data/1opd/models/S_00138133.pdb
../benchmark_test_data/1opd/models/S_00256028.pdb
../benchmark_test_data/1opd/models/S_00237303.pdb
../benchmark_test_data/1opd/models/S_00290655.pdb
../benchmark_test_data/1opd/models/S_00222737.pdb
../benchmark_test_data/1opd/models/S_00140108.pdb
../benchmark_test_data/1opd/models/S_00256813.pdb
../benchmark_test_data/1opd/models/S_00037335.pdb
../benchmark_test_data/1opd/models/S_00063857.pdb
../benchmark_test_data/1opd/models/S_00249500.pdb
../benchmark_test_data/1opd/models/S_00012570.pdb
../benchmark_test_data/1opd/models/S_00192618.pdb
../benchmark_test_data/1opd/models/S_00222575.pdb
../benchmark_test_data/1opd/models/S_00131273.pdb
../benchmark_test_data/1opd/models/S_00138467.pdb
../benchmark_test_data/1opd/models/S_00235232.pdb
../benchmark_test_data/1opd/models/S_00275234.pdb
../benchmark_test_data/1opd/models/S_00027071.pdb
../benchmark_test_data/1opd/models/S_00165006.pdb
../benchmark_test_data/1opd/models/S_00042834.pdb
../benchmark_test_data/1opd/models/S_00019063.pdb
../benchmark_test_data/1opd/models/S_00218153.pdb
../benchmark_test_data/1opd/models/S_00282245.pdb
../benchmark_test_data/1opd/models/S_00075977.pdb
../benchmark_test_data/1opd/models/S_00150317.pdb
../benchmark_test_data/1opd/models/S_00274467.pdb
../benchmark_test_data/1opd/models/S_00032717.pdb
../benchmark_test_data/1opd/models/S_00146100.pdb
../benchmark_test_data/1opd/models/S_00272570.pdb
../benchmark_test_data/1opd/models/S_00036665.pdb
../benchmark_test_data/1opd/models/S_00179854.pdb
../benchmark_test_data/1opd/models/S_00231436.pdb
../benchmark_test_data/1opd/models/S_00267880.pdb
../benchmark_test_data/1opd/models/S_00114672.pdb
../benchmark_test_data/1opd/models/S_00124893.pdb
../benchmark_test_data/1opd/models/S_00218874.pdb
../benchmark_test_data/1opd/models/S_00130050.pdb
../benchmark_test_data/1opd/models/S_00226483.pdb
../benchmark_test_data/1opd/models/S_00129821.pdb
../benchmark_test_data/1opd/models/S_00003288.pdb
../benchmark_test_data/1opd/models/S_00086138.pdb
../benchmark_test_data/1opd/models/S_00016410.pdb
../benchmark_test_data/1opd/models/S_00080577.pdb
../benchmark_test_data/1opd/models/S_00149418.pdb
../benchmark_test_data/1opd/models/S_00288405.pdb
../benchmark_test_data/1opd/models/S_00239896.pdb
../benchmark_test_data/1opd/models/S_00204860.pdb
../benchmark_test_data/1opd/models/S_00126426.pdb
../benchmark_test_data/1opd/models/S_00129726.pdb
../benchmark_test_data/1opd/models/S_00057759.pdb
../benchmark_test_data/1opd/models/S_00066041.pdb
../benchmark_test_data/1opd/models/S_00000792.pdb
../benchmark_test_data/1opd/models/S_00250772.pdb
../benchmark_test_data/1opd/models/S_00018742.pdb
../benchmark_test_data/1opd/models/S_00107211.pdb
../benchmark_test_data/1opd/models/S_00085267.pdb
../benchmark_test_data/1opd/models/S_00215718.pdb
../benchmark_test_data/1opd/models/S_00144756.pdb
../benchmark_test_data/1opd/models/S_00255210.pdb
../benchmark_test_data/1opd/models/S_00287461.pdb
../benchmark_test_data/1opd/models/S_00014462.pdb
../benchmark_test_data/1opd/models/S_00172658.pdb
../benchmark_test_data/1opd/models/S_00202820.pdb
../benchmark_test_data/1opd/models/S_00099764.pdb
../benchmark_test_data/1opd/models/S_00040965.pdb
../benchmark_test_data/1opd/models/S_00058033.pdb
../benchmark_test_data/1opd/models/S_00134055.pdb
../benchmark_test_data/1opd/models/S_00184082.pdb
../benchmark_test_data/1opd/models/S_00101572.pdb
../benchmark_test_data/1opd/models/S_00054211.pdb
../benchmark_test_data/1opd/models/S_00085189.pdb
../benchmark_test_data/1opd/models/S_00134407.pdb
../benchmark_test_data/1opd/models/S_00243318.pdb
../benchmark_test_data/1opd/models/S_00077667.pdb
../benchmark_test_data/1opd/models/S_00295623.pdb
../benchmark_test_data/1opd/models/S_00172628.pdb
../benchmark_test_data/1opd/models/S_00256154.pdb
../benchmark_test_data/1opd/models/S_00160861.pdb
../benchmark_test_data/1opd/models/S_00201380.pdb
../benchmark_test_data/1opd/models/S_00279762.pdb
../benchmark_test_data/1opd/models/S_00285674.pdb
../benchmark_test_data/1opd/models/S_00100948.pdb
../benchmark_test_data/1opd/models/S_00289418.pdb
../benchmark_test_data/1opd/models/S_00228201.pdb
../benchmark_test_data/1opd/models/S_00041710.pdb
../benchmark_test_data/1opd/models/S_00196370.pdb
../benchmark_test_data/1opd/models/S_00207795.pdb
../benchmark_test_data/1opd/models/S_00255665.pdb
../benchmark_test_data/1opd/models/S_00254406.pdb
../benchmark_test_data/1opd/models/S_00040108.pdb
../benchmark_test_data/1opd/models/S_00014573.pdb
../benchmark_test_data/1opd/models/S_00078499.pdb
../benchmark_test_data/1opd/models/S_00147710.pdb
../benchmark_test_data/1opd/models/S_00081613.pdb
../benchmark_test_data/1opd/models/S_00299968.pdb
../benchmark_test_data/1opd/models/S_00185853.pdb
../benchmark_test_data/1opd/models/S_00174331.pdb
../benchmark_test_data/1opd/models/S_00113515.pdb
../benchmark_test_data/1opd/models/S_00205569.pdb
../benchmark_test_data/1opd/models/S_00247990.pdb
../benchmark_test_data/1opd/models/S_00114900.pdb
../benchmark_test_data/1opd/models/S_00250170.pdb
../benchmark_test_data/1opd/models/S_00041855.pdb
../benchmark_test_data/1opd/models/S_00264215.pdb
../benchmark_test_data/1opd/models/S_00049824.pdb
../benchmark_test_data/1opd/models/S_00169850.pdb
../benchmark_test_data/1opd/models/S_00172294.pdb
../benchmark_test_data/1opd/models/S_00141065.pdb
../benchmark_test_data/1opd/models/S_00090356.pdb
../benchmark_test_data/1opd/models/S_00271424.pdb
../benchmark_test_data/1opd/models/S_00006918.pdb
../benchmark_test_data/1opd/models/S_00009446.pdb
../benchmark_test_data/1opd/models/S_00174608.pdb
../benchmark_test_data/1opd/models/S_00148625.pdb
../benchmark_test_data/1opd/models/S_00249169.pdb
../benchmark_test_data/1opd/models/S_00193272.pdb
../benchmark_test_data/1opd/models/S_00033196.pdb
../benchmark_test_data/1opd/models/S_00213204.pdb
../benchmark_test_data/1opd/models/S_00130932.pdb
../benchmark_test_data/1opd/models/S_00011355.pdb
../benchmark_test_data/1opd/models/S_00160185.pdb
../benchmark_test_data/1opd/models/S_00254857.pdb
../benchmark_test_data/1opd/models/S_00090254.pdb
../benchmark_test_data/1opd/models/S_00239961.pdb
../benchmark_test_data/1opd/models/S_00243356.pdb
../benchmark_test_data/1opd/models/S_00277380.pdb
../benchmark_test_data/1opd/models/S_00284832.pdb
../benchmark_test_data/1opd/models/S_00237294.pdb
../benchmark_test_data/1opd/models/S_00063047.pdb
../benchmark_test_data/1opd/models/S_00019665.pdb
../benchmark_test_data/1opd/models/S_00157447.pdb
../benchmark_test_data/1opd/models/S_00051551.pdb
../benchmark_test_data/1opd/models/S_00069551.pdb
../benchmark_test_data/1opd/models/S_00083348.pdb
../benchmark_test_data/1opd/models/S_00067069.pdb
../benchmark_test_data/1opd/models/S_00217455.pdb
../benchmark_test_data/1opd/models/S_00137165.pdb
../benchmark_test_data/1opd/models/S_00107422.pdb
../benchmark_test_data/1opd/models/S_00202654.pdb
../benchmark_test_data/1opd/models/S_00222147.pdb
../benchmark_test_data/1opd/models/S_00081276.pdb
../benchmark_test_data/1opd/models/S_00074068.pdb
../benchmark_test_data/1opd/models/S_00069725.pdb
../benchmark_test_data/1opd/models/S_00174727.pdb
../benchmark_test_data/1opd/models/S_00206401.pdb
../benchmark_test_data/1opd/models/S_00241266.pdb
../benchmark_test_data/1opd/models/S_00215321.pdb
../benchmark_test_data/1opd/models/S_00011425.pdb
../benchmark_test_data/1opd/models/S_00140786.pdb
../benchmark_test_data/1opd/models/S_00069672.pdb
../benchmark_test_data/1opd/models/S_00005032.pdb
../benchmark_test_data/1opd/models/S_00284528.pdb
../benchmark_test_data/1opd/models/S_00215979.pdb
../benchmark_test_data/1opd/models/S_00009706.pdb
../benchmark_test_data/1opd/models/S_00159819.pdb
../benchmark_test_data/1opd/models/S_00027570.pdb
../benchmark_test_data/1opd/models/S_00151085.pdb
../benchmark_test_data/1opd/models/S_00031406.pdb
../benchmark_test_data/1opd/models/S_00156228.pdb
../benchmark_test_data/1opd/models/S_00094586.pdb
../benchmark_test_data/1opd/models/S_00208418.pdb
../benchmark_test_data/1opd/models/S_00225163.pdb
../benchmark_test_data/1opd/models/S_00030529.pdb
../benchmark_test_data/1opd/models/S_00184554.pdb
../benchmark_test_data/1opd/models/S_00185505.pdb
../benchmark_test_data/1opd/models/S_00067768.pdb
../benchmark_test_data/1opd/models/S_00053192.pdb
../benchmark_test_data/1opd/models/S_00254172.pdb
../benchmark_test_data/1opd/models/S_00253976.pdb
../benchmark_test_data/1opd/models/S_00261385.pdb
../benchmark_test_data/1opd/models/S_00226543.pdb
../benchmark_test_data/1opd/models/S_00115834.pdb
../benchmark_test_data/1opd/models/S_00000802.pdb
../benchmark_test_data/1opd/models/S_00000007.pdb
../benchmark_test_data/1opd/models/S_00058709.pdb
../benchmark_test_data/1opd/models/S_00280080.pdb
../benchmark_test_data/1opd/models/S_00196013.pdb
../benchmark_test_data/1opd/models/S_00235947.pdb
../benchmark_test_data/1opd/models/S_00125799.pdb
../benchmark_test_data/1opd/models/S_00009113.pdb
../benchmark_test_data/1opd/models/S_00212323.pdb
../benchmark_test_data/1opd/models/S_00253025.pdb
../benchmark_test_data/1opd/models/S_00104017.pdb
../benchmark_test_data/1opd/models/S_00203531.pdb
../benchmark_test_data/1opd/models/S_00040540.pdb
../benchmark_test_data/1opd/models/S_00173041.pdb
../benchmark_test_data/1opd/models/S_00115255.pdb
../benchmark_test_data/1opd/models/S_00200257.pdb
../benchmark_test_data/1opd/models/S_00269107.pdb
../benchmark_test_data/1opd/models/S_00044117.pdb
../benchmark_test_data/1opd/models/S_00010637.pdb
../benchmark_test_data/1opd/models/S_00038189.pdb
../benchmark_test_data/1opd/models/S_00023660.pdb
../benchmark_test_data/1opd/models/S_00223081.pdb
../benchmark_test_data/1opd/models/S_00288644.pdb
../benchmark_test_data/1opd/models/S_00026757.pdb
../benchmark_test_data/1opd/models/S_00258968.pdb
../benchmark_test_data/1opd/models/S_00062413.pdb
../benchmark_test_data/1opd/models/S_00123423.pdb
../benchmark_test_data/1opd/models/S_00112988.pdb
../benchmark_test_data/1opd/models/S_00002242.pdb
../benchmark_test_data/1opd/models/S_00254460.pdb
../benchmark_test_data/1opd/models/S_00193367.pdb
../benchmark_test_data/1opd/models/S_00242204.pdb
../benchmark_test_data/1opd/models/S_00282909.pdb
../benchmark_test_data/1opd/models/S_00155654.pdb
../benchmark_test_data/1opd/models/S_00130674.pdb
../benchmark_test_data/1opd/models/S_00259465.pdb
../benchmark_test_data/1opd/models/S_00230534.pdb
../benchmark_test_data/1opd/models/S_00297962.pdb
../benchmark_test_data/1opd/models/S_00243908.pdb
../benchmark_test_data/1opd/models/S_00009766.pdb
../benchmark_test_data/1opd/models/S_00297214.pdb
../benchmark_test_data/1opd/models/S_00117452.pdb
../benchmark_test_data/1opd/models/S_00148791.pdb
../benchmark_test_data/1opd/models/S_00284034.pdb
../benchmark_test_data/1opd/models/S_00272520.pdb
../benchmark_test_data/1opd/models/S_00001488.pdb
../benchmark_test_data/1opd/models/S_00270843.pdb
../benchmark_test_data/1opd/models/S_00079062.pdb
../benchmark_test_data/1opd/models/S_00092504.pdb
../benchmark_test_data/1opd/models/S_00141092.pdb
../benchmark_test_data/1opd/models/S_00109807.pdb
../benchmark_test_data/1opd/models/S_00100805.pdb
../benchmark_test_data/1opd/models/S_00233598.pdb
../benchmark_test_data/1opd/models/S_00035337.pdb
../benchmark_test_data/1opd/models/S_00055720.pdb
../benchmark_test_data/1opd/models/S_00120961.pdb
../benchmark_test_data/1opd/models/S_00233069.pdb
../benchmark_test_data/1opd/models/S_00166892.pdb
../benchmark_test_data/1opd/models/S_00094105.pdb
../benchmark_test_data/1opd/models/S_00068511.pdb
../benchmark_test_data/1opd/models/S_00166871.pdb
../benchmark_test_data/1opd/models/S_00238870.pdb
../benchmark_test_data/1opd/models/S_00050917.pdb
../benchmark_test_data/1opd/models/S_00154812.pdb
../benchmark_test_data/1opd/models/S_00102454.pdb
../benchmark_test_data/1opd/models/S_00287838.pdb
../benchmark_test_data/1opd/models/S_00138740.pdb
../benchmark_test_data/1opd/models/S_00003158.pdb
../benchmark_test_data/1opd/models/S_00214880.pdb
../benchmark_test_data/1opd/models/S_00126448.pdb
../benchmark_test_data/1opd/models/S_00081104.pdb
../benchmark_test_data/1opd/models/S_00159402.pdb
../benchmark_test_data/1opd/models/S_00174736.pdb
../benchmark_test_data/1opd/models/S_00119134.pdb
../benchmark_test_data/1opd/models/S_00112461.pdb
../benchmark_test_data/1opd/models/S_00162907.pdb
../benchmark_test_data/1opd/models/S_00117195.pdb
../benchmark_test_data/1opd/models/S_00110180.pdb
../benchmark_test_data/1opd/models/S_00237775.pdb
../benchmark_test_data/1opd/models/S_00029077.pdb
../benchmark_test_data/1opd/models/S_00254630.pdb
../benchmark_test_data/1opd/models/S_00097276.pdb
../benchmark_test_data/1opd/models/S_00262833.pdb
../benchmark_test_data/1opd/models/S_00112491.pdb
../benchmark_test_data/1opd/models/S_00025525.pdb
../benchmark_test_data/1opd/models/S_00113518.pdb
../benchmark_test_data/1opd/models/S_00134577.pdb
../benchmark_test_data/1opd/models/S_00243767.pdb
../benchmark_test_data/1opd/models/S_00293882.pdb
../benchmark_test_data/1opd/models/S_00103285.pdb
../benchmark_test_data/1opd/models/S_00165510.pdb
../benchmark_test_data/1opd/models/S_00262501.pdb
../benchmark_test_data/1opd/models/S_00047032.pdb
../benchmark_test_data/1opd/models/S_00102817.pdb
../benchmark_test_data/1opd/models/S_00233866.pdb
../benchmark_test_data/1opd/models/S_00239382.pdb
../benchmark_test_data/1opd/models/S_00088856.pdb
../benchmark_test_data/1opd/models/S_00258951.pdb
../benchmark_test_data/1opd/models/S_00264001.pdb
../benchmark_test_data/1opd/models/S_00079329.pdb
../benchmark_test_data/1opd/models/S_00209821.pdb
../benchmark_test_data/1opd/models/S_00204650.pdb
../benchmark_test_data/1opd/models/S_00022200.pdb
../benchmark_test_data/1opd/models/S_00088127.pdb
../benchmark_test_data/1opd/models/S_00020452.pdb
../benchmark_test_data/1opd/models/S_00234146.pdb
../benchmark_test_data/1opd/models/S_00064982.pdb
../benchmark_test_data/1opd/models/S_00139927.pdb
../benchmark_test_data/1opd/models/S_00070090.pdb
../benchmark_test_data/1opd/models/S_00251819.pdb
../benchmark_test_data/1opd/models/S_00181756.pdb
../benchmark_test_data/1opd/models/S_00197424.pdb
../benchmark_test_data/1opd/models/S_00198066.pdb
../benchmark_test_data/1opd/models/S_00061356.pdb
../benchmark_test_data/1opd/models/S_00133159.pdb
../benchmark_test_data/1opd/models/S_00026012.pdb
../benchmark_test_data/1opd/models/S_00184957.pdb
../benchmark_test_data/1opd/models/S_00233814.pdb
../benchmark_test_data/1opd/models/S_00132263.pdb
../benchmark_test_data/1opd/models/S_00144491.pdb
../benchmark_test_data/1opd/models/S_00045347.pdb
../benchmark_test_data/1opd/models/S_00042809.pdb
../benchmark_test_data/1opd/models/S_00253541.pdb
../benchmark_test_data/1opd/models/S_00087442.pdb
../benchmark_test_data/1opd/models/S_00041555.pdb
../benchmark_test_data/1opd/models/S_00213249.pdb
../benchmark_test_data/1opd/models/S_00252890.pdb
../benchmark_test_data/1opd/models/S_00282839.pdb
../benchmark_test_data/1opd/models/S_00080471.pdb
../benchmark_test_data/1opd/models/S_00079576.pdb
../benchmark_test_data/1opd/models/S_00277964.pdb
../benchmark_test_data/1opd/models/S_00017788.pdb
../benchmark_test_data/1opd/models/S_00017928.pdb
../benchmark_test_data/1opd/models/S_00226473.pdb
../benchmark_test_data/1opd/models/S_00060819.pdb
../benchmark_test_data/1opd/models/S_00016581.pdb
../benchmark_test_data/1opd/models/S_00065648.pdb
../benchmark_test_data/1opd/models/S_00073285.pdb
../benchmark_test_data/1opd/models/S_00180537.pdb
../benchmark_test_data/1opd/models/S_00227938.pdb
../benchmark_test_data/1opd/models/S_00261431.pdb
../benchmark_test_data/1opd/models/S_00173694.pdb
../benchmark_test_data/1opd/models/S_00084410.pdb
../benchmark_test_data/1opd/models/S_00147655.pdb
../benchmark_test_data/1opd/models/S_00138174.pdb
../benchmark_test_data/1opd/models/S_00263896.pdb
../benchmark_test_data/1opd/models/S_00261031.pdb
../benchmark_test_data/1opd/models/S_00170776.pdb
../benchmark_test_data/1opd/models/S_00141096.pdb
../benchmark_test_data/1opd/models/S_00251397.pdb
../benchmark_test_data/1opd/models/S_00254068.pdb
../benchmark_test_data/1opd/models/S_00186396.pdb
../benchmark_test_data/1opd/models/S_00116528.pdb
../benchmark_test_data/1opd/models/S_00263707.pdb
../benchmark_test_data/1opd/models/S_00248897.pdb
../benchmark_test_data/1opd/models/S_00129488.pdb
../benchmark_test_data/1opd/models/S_00091262.pdb
../benchmark_test_data/1opd/models/S_00123676.pdb
../benchmark_test_data/1opd/models/S_00054397.pdb
../benchmark_test_data/1opd/models/S_00175610.pdb
../benchmark_test_data/1opd/models/S_00166970.pdb
../benchmark_test_data/1opd/models/S_00294560.pdb
../benchmark_test_data/1opd/models/S_00245899.pdb
../benchmark_test_data/1opd/models/S_00076572.pdb
../benchmark_test_data/1opd/models/S_00222270.pdb
../benchmark_test_data/1opd/models/S_00247938.pdb
../benchmark_test_data/1opd/models/S_00143200.pdb
../benchmark_test_data/1opd/models/S_00110448.pdb
../benchmark_test_data/1opd/models/S_00227963.pdb
../benchmark_test_data/1opd/models/S_00051456.pdb
../benchmark_test_data/1opd/models/S_00026386.pdb
../benchmark_test_data/1opd/models/S_00042267.pdb
../benchmark_test_data/1opd/models/S_00258599.pdb
../benchmark_test_data/1opd/models/S_00133619.pdb
../benchmark_test_data/1opd/models/S_00079210.pdb
../benchmark_test_data/1opd/models/S_00102234.pdb
../benchmark_test_data/1opd/models/S_00075368.pdb
../benchmark_test_data/1opd/models/S_00060688.pdb
../benchmark_test_data/1opd/models/S_00098886.pdb
../benchmark_test_data/1opd/models/S_00289483.pdb
../benchmark_test_data/1opd/models/S_00271850.pdb
../benchmark_test_data/1opd/models/S_00211335.pdb
../benchmark_test_data/1opd/models/S_00299304.pdb
../benchmark_test_data/1opd/models/S_00270798.pdb
../benchmark_test_data/1opd/models/S_00091658.pdb
../benchmark_test_data/1opd/models/S_00246124.pdb
../benchmark_test_data/1opd/models/S_00097736.pdb
../benchmark_test_data/1opd/models/S_00188685.pdb
../benchmark_test_data/1opd/models/S_00199388.pdb
../benchmark_test_data/1opd/models/S_00052497.pdb
../benchmark_test_data/1opd/models/S_00039082.pdb
../benchmark_test_data/1opd/models/S_00074681.pdb
../benchmark_test_data/1opd/models/S_00284030.pdb
../benchmark_test_data/1opd/models/S_00121844.pdb
../benchmark_test_data/1opd/models/S_00035578.pdb
../benchmark_test_data/1opd/models/S_00005260.pdb
../benchmark_test_data/1opd/models/S_00166505.pdb
../benchmark_test_data/1opd/models/S_00226950.pdb
../benchmark_test_data/1opd/models/S_00132114.pdb
../benchmark_test_data/1opd/models/S_00192357.pdb
../benchmark_test_data/1opd/models/S_00017479.pdb
../benchmark_test_data/1opd/models/S_00246480.pdb
../benchmark_test_data/1opd/models/S_00092574.pdb
../benchmark_test_data/1opd/models/S_00003241.pdb
../benchmark_test_data/1opd/models/S_00042939.pdb
../benchmark_test_data/1opd/models/S_00160300.pdb
../benchmark_test_data/1opd/models/S_00037195.pdb
../benchmark_test_data/1opd/models/S_00289280.pdb
../benchmark_test_data/1opd/models/S_00170946.pdb
../benchmark_test_data/1opd/models/S_00297811.pdb
../benchmark_test_data/1opd/models/S_00285394.pdb
../benchmark_test_data/1opd/models/S_00151699.pdb
../benchmark_test_data/1opd/models/S_00220664.pdb
../benchmark_test_data/1opd/models/S_00279592.pdb
../benchmark_test_data/1opd/models/S_00096815.pdb
../benchmark_test_data/1opd/models/S_00270858.pdb
../benchmark_test_data/1opd/models/S_00055506.pdb
../benchmark_test_data/1opd/models/S_00005638.pdb
../benchmark_test_data/1opd/models/S_00010532.pdb
../benchmark_test_data/1opd/models/S_00102809.pdb
../benchmark_test_data/1opd/models/S_00083666.pdb
../benchmark_test_data/1opd/models/S_00192205.pdb
../benchmark_test_data/1opd/models/S_00075721.pdb
../benchmark_test_data/1opd/models/S_00015253.pdb
../benchmark_test_data/1opd/models/S_00292003.pdb
../benchmark_test_data/1opd/models/S_00075296.pdb
../benchmark_test_data/1opd/models/S_00208947.pdb
../benchmark_test_data/1opd/models/S_00155424.pdb
../benchmark_test_data/1opd/models/S_00065182.pdb
../benchmark_test_data/1opd/models/S_00151310.pdb
../benchmark_test_data/1opd/models/S_00272632.pdb
../benchmark_test_data/1opd/models/S_00036066.pdb
../benchmark_test_data/1opd/models/S_00026705.pdb
../benchmark_test_data/1opd/models/S_00268333.pdb
../benchmark_test_data/1opd/models/S_00037070.pdb
../benchmark_test_data/1opd/models/S_00052229.pdb
../benchmark_test_data/1opd/models/S_00291753.pdb
../benchmark_test_data/1opd/models/S_00286356.pdb
../benchmark_test_data/1opd/models/S_00151645.pdb
../benchmark_test_data/1opd/models/S_00031608.pdb
../benchmark_test_data/1opd/models/S_00095810.pdb
../benchmark_test_data/1opd/models/S_00187365.pdb
../benchmark_test_data/1opd/models/S_00034696.pdb
../benchmark_test_data/1opd/models/S_00034043.pdb
../benchmark_test_data/1opd/models/S_00297829.pdb
../benchmark_test_data/1opd/models/S_00104996.pdb
../benchmark_test_data/1opd/models/S_00079396.pdb
../benchmark_test_data/1opd/models/S_00253502.pdb
../benchmark_test_data/1opd/models/S_00128363.pdb
../benchmark_test_data/1opd/models/S_00079130.pdb
../benchmark_test_data/1opd/models/S_00199464.pdb
../benchmark_test_data/1opd/models/S_00008060.pdb
../benchmark_test_data/1opd/models/S_00198184.pdb
../benchmark_test_data/1opd/models/S_00115930.pdb
../benchmark_test_data/1opd/models/S_00211278.pdb
../benchmark_test_data/1opd/models/S_00096041.pdb
../benchmark_test_data/1opd/models/S_00114738.pdb
../benchmark_test_data/1opd/models/S_00108517.pdb
../benchmark_test_data/1opd/models/S_00100884.pdb
../benchmark_test_data/1opd/models/S_00169716.pdb
../benchmark_test_data/1opd/models/S_00292729.pdb
../benchmark_test_data/1opd/models/S_00103195.pdb
../benchmark_test_data/1opd/models/S_00185805.pdb
../benchmark_test_data/1opd/models/S_00255057.pdb
../benchmark_test_data/1opd/models/S_00224730.pdb
../benchmark_test_data/1opd/models/S_00237171.pdb
../benchmark_test_data/1opd/models/S_00063043.pdb
../benchmark_test_data/1opd/models/S_00144402.pdb
../benchmark_test_data/1opd/models/S_00089948.pdb
../benchmark_test_data/1opd/models/S_00031871.pdb
../benchmark_test_data/1opd/models/S_00031026.pdb
../benchmark_test_data/1opd/models/S_00031001.pdb
../benchmark_test_data/1opd/models/S_00184449.pdb
../benchmark_test_data/1opd/models/S_00296919.pdb
../benchmark_test_data/1opd/models/S_00064851.pdb
../benchmark_test_data/1opd/models/S_00147295.pdb
../benchmark_test_data/1opd/models/S_00114436.pdb
../benchmark_test_data/1opd/models/S_00106117.pdb
../benchmark_test_data/1opd/models/S_00199064.pdb
../benchmark_test_data/1opd/models/S_00103459.pdb
../benchmark_test_data/1opd/models/S_00117615.pdb
../benchmark_test_data/1opd/models/S_00136895.pdb
../benchmark_test_data/1opd/models/S_00275639.pdb
../benchmark_test_data/1opd/models/S_00208103.pdb
../benchmark_test_data/1opd/models/S_00127013.pdb
../benchmark_test_data/1opd/models/S_00146724.pdb
../benchmark_test_data/1opd/models/S_00167401.pdb
../benchmark_test_data/1opd/models/S_00263151.pdb
../benchmark_test_data/1opd/models/S_00087392.pdb
../benchmark_test_data/1opd/models/S_00048366.pdb
../benchmark_test_data/1opd/models/S_00155152.pdb
../benchmark_test_data/1opd/models/S_00208816.pdb
../benchmark_test_data/1opd/models/S_00182596.pdb
../benchmark_test_data/1opd/models/S_00265370.pdb
../benchmark_test_data/1opd/models/S_00241932.pdb
../benchmark_test_data/1opd/models/S_00044451.pdb
../benchmark_test_data/1opd/models/S_00093318.pdb
../benchmark_test_data/1opd/models/S_00128663.pdb
../benchmark_test_data/1opd/models/S_00102931.pdb
../benchmark_test_data/1opd/models/S_00202279.pdb
../benchmark_test_data/1opd/models/S_00076366.pdb
../benchmark_test_data/1opd/models/S_00223945.pdb
../benchmark_test_data/1opd/models/S_00165580.pdb
../benchmark_test_data/1opd/models/S_00209226.pdb
../benchmark_test_data/1opd/models/S_00153715.pdb
../benchmark_test_data/1opd/models/S_00090234.pdb
../benchmark_test_data/1opd/models/S_00289196.pdb
../benchmark_test_data/1opd/models/S_00018185.pdb
../benchmark_test_data/1opd/models/S_00165750.pdb
../benchmark_test_data/1opd/models/S_00108877.pdb
../benchmark_test_data/1opd/models/S_00085798.pdb
../benchmark_test_data/1opd/models/S_00293487.pdb
../benchmark_test_data/1opd/models/S_00217246.pdb
../benchmark_test_data/1opd/models/S_00120841.pdb
../benchmark_test_data/1opd/models/S_00109551.pdb
../benchmark_test_data/1opd/models/S_00224501.pdb
../benchmark_test_data/1opd/models/S_00061276.pdb
../benchmark_test_data/1opd/models/S_00055135.pdb
../benchmark_test_data/1opd/models/S_00278250.pdb
../benchmark_test_data/1opd/models/S_00245393.pdb
../benchmark_test_data/1opd/models/S_00274982.pdb
../benchmark_test_data/1opd/models/S_00269243.pdb
../benchmark_test_data/1opd/models/S_00265266.pdb
../benchmark_test_data/1opd/models/S_00081337.pdb
../benchmark_test_data/1opd/models/S_00210752.pdb
../benchmark_test_data/1opd/models/S_00273573.pdb
../benchmark_test_data/1opd/models/S_00167300.pdb
../benchmark_test_data/1opd/models/S_00205047.pdb
../benchmark_test_data/1opd/models/S_00154456.pdb
../benchmark_test_data/1opd/models/S_00127623.pdb
../benchmark_test_data/1opd/models/S_00142688.pdb
../benchmark_test_data/1opd/models/S_00187574.pdb
../benchmark_test_data/1opd/models/S_00184753.pdb
../benchmark_test_data/1opd/models/S_00114277.pdb
../benchmark_test_data/1opd/models/S_00221950.pdb
../benchmark_test_data/1opd/models/S_00183316.pdb
../benchmark_test_data/1opd/models/S_00061693.pdb
../benchmark_test_data/1opd/models/S_00171488.pdb
../benchmark_test_data/1opd/models/S_00010507.pdb
../benchmark_test_data/1opd/models/S_00010702.pdb
../benchmark_test_data/1opd/models/S_00297138.pdb
../benchmark_test_data/1opd/models/S_00247101.pdb
../benchmark_test_data/1opd/models/S_00241086.pdb
../benchmark_test_data/1opd/models/S_00070896.pdb
../benchmark_test_data/1opd/models/S_00278520.pdb
../benchmark_test_data/1opd/models/S_00178458.pdb
../benchmark_test_data/1opd/models/S_00162200.pdb
../benchmark_test_data/1opd/models/S_00264443.pdb
../benchmark_test_data/1opd/models/S_00105213.pdb
../benchmark_test_data/1opd/models/S_00152790.pdb
../benchmark_test_data/1opd/models/S_00173099.pdb
../benchmark_test_data/1opd/models/S_00194121.pdb
../benchmark_test_data/1opd/models/S_00094754.pdb
../benchmark_test_data/1opd/models/S_00055588.pdb
../benchmark_test_data/1opd/models/S_00055042.pdb
../benchmark_test_data/1opd/models/S_00069238.pdb
../benchmark_test_data/1opd/models/S_00250816.pdb
../benchmark_test_data/1opd/models/S_00293888.pdb
../benchmark_test_data/1opd/models/S_00237109.pdb
../benchmark_test_data/1opd/models/S_00271611.pdb
../benchmark_test_data/1opd/models/S_00030225.pdb
../benchmark_test_data/1opd/models/S_00158936.pdb
../benchmark_test_data/1opd/models/S_00015780.pdb
../benchmark_test_data/1opd/models/S_00145741.pdb
../benchmark_test_data/1opd/models/S_00132705.pdb
../benchmark_test_data/1opd/models/S_00223614.pdb
../benchmark_test_data/1opd/models/S_00000891.pdb
../benchmark_test_data/1opd/models/S_00003971.pdb
../benchmark_test_data/1opd/models/S_00182217.pdb
../benchmark_test_data/1opd/models/S_00094878.pdb
../benchmark_test_data/1opd/models/S_00086445.pdb
../benchmark_test_data/1opd/models/S_00129915.pdb
../benchmark_test_data/1opd/models/S_00099164.pdb
../benchmark_test_data/1opd/models/S_00036409.pdb
../benchmark_test_data/1opd/models/S_00089778.pdb
../benchmark_test_data/1opd/models/S_00235171.pdb
../benchmark_test_data/1opd/models/S_00251099.pdb
../benchmark_test_data/1opd/models/S_00257616.pdb
../benchmark_test_data/1opd/models/S_00014965.pdb
../benchmark_test_data/1opd/models/S_00166177.pdb
../benchmark_test_data/1opd/models/S_00068232.pdb
../benchmark_test_data/1opd/models/S_00006082.pdb
../benchmark_test_data/1opd/models/S_00044014.pdb
../benchmark_test_data/1opd/models/S_00169702.pdb
../benchmark_test_data/1opd/models/S_00072187.pdb
../benchmark_test_data/1opd/models/S_00159284.pdb
../benchmark_test_data/1opd/models/S_00185274.pdb
../benchmark_test_data/1opd/models/S_00287560.pdb
../benchmark_test_data/1opd/models/S_00198041.pdb
../benchmark_test_data/1opd/models/S_00101868.pdb
../benchmark_test_data/1opd/models/S_00034752.pdb
../benchmark_test_data/1opd/models/S_00299314.pdb
../benchmark_test_data/1opd/models/S_00233076.pdb
../benchmark_test_data/1opd/models/S_00299095.pdb
../benchmark_test_data/1opd/models/S_00294757.pdb
../benchmark_test_data/1opd/models/S_00091442.pdb
../benchmark_test_data/1opd/models/S_00173607.pdb
../benchmark_test_data/1opd/models/S_00091668.pdb
../benchmark_test_data/1opd/models/S_00213673.pdb
../benchmark_test_data/1opd/models/S_00293738.pdb
../benchmark_test_data/1opd/models/S_00042977.pdb
../benchmark_test_data/1opd/models/S_00074764.pdb
../benchmark_test_data/1opd/models/S_00182024.pdb
../benchmark_test_data/1opd/models/S_00076380.pdb
../benchmark_test_data/1opd/models/S_00266663.pdb
../benchmark_test_data/1opd/models/S_00168879.pdb
../benchmark_test_data/1opd/models/S_00220183.pdb
../benchmark_test_data/1opd/models/S_00023205.pdb
../benchmark_test_data/1opd/models/S_00243492.pdb
../benchmark_test_data/1opd/models/S_00167839.pdb
../benchmark_test_data/1opd/models/S_00218927.pdb
../benchmark_test_data/1opd/models/S_00034253.pdb
../benchmark_test_data/1opd/models/S_00156446.pdb
../benchmark_test_data/1opd/models/S_00115138.pdb
../benchmark_test_data/1opd/models/S_00266412.pdb
../benchmark_test_data/1opd/models/S_00104365.pdb
../benchmark_test_data/1opd/models/S_00238708.pdb
../benchmark_test_data/1opd/models/S_00097387.pdb
../benchmark_test_data/1opd/models/S_00127726.pdb
../benchmark_test_data/1opd/models/S_00207217.pdb
../benchmark_test_data/1opd/models/S_00072603.pdb
../benchmark_test_data/1opd/models/S_00271091.pdb
../benchmark_test_data/1opd/models/S_00123824.pdb
../benchmark_test_data/1opd/models/S_00241316.pdb
../benchmark_test_data/1opd/models/S_00137026.pdb
../benchmark_test_data/1opd/models/S_00056756.pdb
../benchmark_test_data/1opd/models/S_00072555.pdb
../benchmark_test_data/1opd/models/S_00181530.pdb
../benchmark_test_data/1opd/models/S_00218995.pdb
../benchmark_test_data/1opd/models/S_00270315.pdb
../benchmark_test_data/1opd/models/S_00292523.pdb
../benchmark_test_data/1opd/models/S_00182516.pdb
../benchmark_test_data/1opd/models/S_00229909.pdb
../benchmark_test_data/1opd/models/S_00087082.pdb
../benchmark_test_data/1opd/models/S_00285256.pdb
../benchmark_test_data/1opd/models/S_00149285.pdb
../benchmark_test_data/1opd/models/S_00166770.pdb
../benchmark_test_data/1opd/models/S_00138413.pdb
../benchmark_test_data/1opd/models/S_00065035.pdb
../benchmark_test_data/1opd/models/S_00175086.pdb
../benchmark_test_data/1opd/models/S_00070007.pdb
../benchmark_test_data/1opd/models/S_00127430.pdb
../benchmark_test_data/1opd/models/S_00064925.pdb
../benchmark_test_data/1opd/models/S_00148244.pdb
../benchmark_test_data/1opd/models/S_00234515.pdb
../benchmark_test_data/1opd/models/S_00292803.pdb
../benchmark_test_data/1opd/models/S_00035782.pdb
../benchmark_test_data/1opd/models/S_00053042.pdb
../benchmark_test_data/1opd/models/S_00251784.pdb
../benchmark_test_data/1opd/models/S_00144567.pdb
../benchmark_test_data/1opd/models/S_00268725.pdb
../benchmark_test_data/1opd/models/S_00042033.pdb
../benchmark_test_data/1opd/models/S_00019085.pdb
../benchmark_test_data/1opd/models/S_00275085.pdb
../benchmark_test_data/1opd/models/S_00238006.pdb
../benchmark_test_data/1opd/models/S_00074381.pdb
../benchmark_test_data/1opd/models/S_00194953.pdb
../benchmark_test_data/1opd/models/S_00184591.pdb
../benchmark_test_data/1opd/models/S_00218288.pdb
../benchmark_test_data/1opd/models/S_00063829.pdb
../benchmark_test_data/1opd/models/S_00086122.pdb
../benchmark_test_data/1opd/models/S_00168309.pdb
../benchmark_test_data/1opd/models/S_00088956.pdb
../benchmark_test_data/1opd/models/S_00232537.pdb
../benchmark_test_data/1opd/models/S_00290111.pdb
../benchmark_test_data/1opd/models/S_00152244.pdb
../benchmark_test_data/1opd/models/S_00245476.pdb
../benchmark_test_data/1opd/models/S_00280979.pdb
../benchmark_test_data/1opd/models/S_00283612.pdb
../benchmark_test_data/1opd/models/S_00282637.pdb
