../benchmark_test_data/1opd/apmds/S_00000007.dat
../benchmark_test_data/1opd/apmds/S_00000792.dat
../benchmark_test_data/1opd/apmds/S_00000802.dat
../benchmark_test_data/1opd/apmds/S_00000891.dat
../benchmark_test_data/1opd/apmds/S_00001012.dat
../benchmark_test_data/1opd/apmds/S_00001270.dat
../benchmark_test_data/1opd/apmds/S_00001488.dat
../benchmark_test_data/1opd/apmds/S_00002242.dat
../benchmark_test_data/1opd/apmds/S_00002635.dat
../benchmark_test_data/1opd/apmds/S_00002689.dat
../benchmark_test_data/1opd/apmds/S_00003158.dat
../benchmark_test_data/1opd/apmds/S_00003241.dat
../benchmark_test_data/1opd/apmds/S_00003288.dat
../benchmark_test_data/1opd/apmds/S_00003539.dat
../benchmark_test_data/1opd/apmds/S_00003971.dat
../benchmark_test_data/1opd/apmds/S_00004453.dat
../benchmark_test_data/1opd/apmds/S_00005032.dat
../benchmark_test_data/1opd/apmds/S_00005260.dat
../benchmark_test_data/1opd/apmds/S_00005630.dat
../benchmark_test_data/1opd/apmds/S_00005638.dat
../benchmark_test_data/1opd/apmds/S_00005694.dat
../benchmark_test_data/1opd/apmds/S_00005885.dat
../benchmark_test_data/1opd/apmds/S_00006082.dat
../benchmark_test_data/1opd/apmds/S_00006918.dat
../benchmark_test_data/1opd/apmds/S_00008060.dat
../benchmark_test_data/1opd/apmds/S_00008134.dat
../benchmark_test_data/1opd/apmds/S_00008554.dat
../benchmark_test_data/1opd/apmds/S_00008895.dat
../benchmark_test_data/1opd/apmds/S_00008990.dat
../benchmark_test_data/1opd/apmds/S_00009113.dat
../benchmark_test_data/1opd/apmds/S_00009446.dat
../benchmark_test_data/1opd/apmds/S_00009706.dat
../benchmark_test_data/1opd/apmds/S_00009766.dat
../benchmark_test_data/1opd/apmds/S_00010507.dat
../benchmark_test_data/1opd/apmds/S_00010532.dat
../benchmark_test_data/1opd/apmds/S_00010637.dat
../benchmark_test_data/1opd/apmds/S_00010702.dat
../benchmark_test_data/1opd/apmds/S_00010927.dat
../benchmark_test_data/1opd/apmds/S_00011314.dat
../benchmark_test_data/1opd/apmds/S_00011355.dat
../benchmark_test_data/1opd/apmds/S_00011396.dat
../benchmark_test_data/1opd/apmds/S_00011425.dat
../benchmark_test_data/1opd/apmds/S_00011435.dat
../benchmark_test_data/1opd/apmds/S_00011627.dat
../benchmark_test_data/1opd/apmds/S_00012315.dat
../benchmark_test_data/1opd/apmds/S_00012570.dat
../benchmark_test_data/1opd/apmds/S_00013155.dat
../benchmark_test_data/1opd/apmds/S_00013175.dat
../benchmark_test_data/1opd/apmds/S_00014462.dat
../benchmark_test_data/1opd/apmds/S_00014573.dat
../benchmark_test_data/1opd/apmds/S_00014965.dat
../benchmark_test_data/1opd/apmds/S_00015004.dat
../benchmark_test_data/1opd/apmds/S_00015253.dat
../benchmark_test_data/1opd/apmds/S_00015780.dat
../benchmark_test_data/1opd/apmds/S_00016410.dat
../benchmark_test_data/1opd/apmds/S_00016418.dat
../benchmark_test_data/1opd/apmds/S_00016581.dat
../benchmark_test_data/1opd/apmds/S_00017479.dat
../benchmark_test_data/1opd/apmds/S_00017543.dat
../benchmark_test_data/1opd/apmds/S_00017788.dat
../benchmark_test_data/1opd/apmds/S_00017928.dat
../benchmark_test_data/1opd/apmds/S_00018185.dat
../benchmark_test_data/1opd/apmds/S_00018742.dat
../benchmark_test_data/1opd/apmds/S_00019063.dat
../benchmark_test_data/1opd/apmds/S_00019085.dat
../benchmark_test_data/1opd/apmds/S_00019526.dat
../benchmark_test_data/1opd/apmds/S_00019665.dat
../benchmark_test_data/1opd/apmds/S_00020434.dat
../benchmark_test_data/1opd/apmds/S_00020452.dat
../benchmark_test_data/1opd/apmds/S_00020621.dat
../benchmark_test_data/1opd/apmds/S_00020851.dat
../benchmark_test_data/1opd/apmds/S_00021631.dat
../benchmark_test_data/1opd/apmds/S_00021706.dat
../benchmark_test_data/1opd/apmds/S_00022200.dat
../benchmark_test_data/1opd/apmds/S_00023205.dat
../benchmark_test_data/1opd/apmds/S_00023660.dat
../benchmark_test_data/1opd/apmds/S_00023706.dat
../benchmark_test_data/1opd/apmds/S_00025116.dat
../benchmark_test_data/1opd/apmds/S_00025490.dat
../benchmark_test_data/1opd/apmds/S_00025525.dat
../benchmark_test_data/1opd/apmds/S_00026012.dat
../benchmark_test_data/1opd/apmds/S_00026386.dat
../benchmark_test_data/1opd/apmds/S_00026608.dat
../benchmark_test_data/1opd/apmds/S_00026705.dat
../benchmark_test_data/1opd/apmds/S_00026757.dat
../benchmark_test_data/1opd/apmds/S_00027071.dat
../benchmark_test_data/1opd/apmds/S_00027570.dat
../benchmark_test_data/1opd/apmds/S_00027679.dat
../benchmark_test_data/1opd/apmds/S_00027797.dat
../benchmark_test_data/1opd/apmds/S_00028367.dat
../benchmark_test_data/1opd/apmds/S_00028868.dat
../benchmark_test_data/1opd/apmds/S_00029077.dat
../benchmark_test_data/1opd/apmds/S_00030225.dat
../benchmark_test_data/1opd/apmds/S_00030332.dat
../benchmark_test_data/1opd/apmds/S_00030529.dat
../benchmark_test_data/1opd/apmds/S_00031001.dat
../benchmark_test_data/1opd/apmds/S_00031026.dat
../benchmark_test_data/1opd/apmds/S_00031264.dat
../benchmark_test_data/1opd/apmds/S_00031406.dat
../benchmark_test_data/1opd/apmds/S_00031608.dat
../benchmark_test_data/1opd/apmds/S_00031786.dat
../benchmark_test_data/1opd/apmds/S_00031871.dat
../benchmark_test_data/1opd/apmds/S_00031940.dat
../benchmark_test_data/1opd/apmds/S_00032560.dat
../benchmark_test_data/1opd/apmds/S_00032717.dat
../benchmark_test_data/1opd/apmds/S_00033196.dat
../benchmark_test_data/1opd/apmds/S_00033326.dat
../benchmark_test_data/1opd/apmds/S_00034043.dat
../benchmark_test_data/1opd/apmds/S_00034253.dat
../benchmark_test_data/1opd/apmds/S_00034435.dat
../benchmark_test_data/1opd/apmds/S_00034696.dat
../benchmark_test_data/1opd/apmds/S_00034752.dat
../benchmark_test_data/1opd/apmds/S_00035260.dat
../benchmark_test_data/1opd/apmds/S_00035337.dat
../benchmark_test_data/1opd/apmds/S_00035578.dat
../benchmark_test_data/1opd/apmds/S_00035782.dat
../benchmark_test_data/1opd/apmds/S_00036066.dat
../benchmark_test_data/1opd/apmds/S_00036207.dat
../benchmark_test_data/1opd/apmds/S_00036409.dat
../benchmark_test_data/1opd/apmds/S_00036665.dat
../benchmark_test_data/1opd/apmds/S_00036917.dat
../benchmark_test_data/1opd/apmds/S_00037070.dat
../benchmark_test_data/1opd/apmds/S_00037195.dat
../benchmark_test_data/1opd/apmds/S_00037335.dat
../benchmark_test_data/1opd/apmds/S_00037821.dat
../benchmark_test_data/1opd/apmds/S_00038189.dat
../benchmark_test_data/1opd/apmds/S_00039082.dat
../benchmark_test_data/1opd/apmds/S_00039203.dat
../benchmark_test_data/1opd/apmds/S_00039442.dat
../benchmark_test_data/1opd/apmds/S_00039466.dat
../benchmark_test_data/1opd/apmds/S_00040108.dat
../benchmark_test_data/1opd/apmds/S_00040367.dat
../benchmark_test_data/1opd/apmds/S_00040540.dat
../benchmark_test_data/1opd/apmds/S_00040965.dat
../benchmark_test_data/1opd/apmds/S_00041405.dat
../benchmark_test_data/1opd/apmds/S_00041555.dat
../benchmark_test_data/1opd/apmds/S_00041710.dat
../benchmark_test_data/1opd/apmds/S_00041855.dat
../benchmark_test_data/1opd/apmds/S_00042033.dat
../benchmark_test_data/1opd/apmds/S_00042267.dat
../benchmark_test_data/1opd/apmds/S_00042380.dat
../benchmark_test_data/1opd/apmds/S_00042809.dat
../benchmark_test_data/1opd/apmds/S_00042834.dat
../benchmark_test_data/1opd/apmds/S_00042939.dat
../benchmark_test_data/1opd/apmds/S_00042977.dat
../benchmark_test_data/1opd/apmds/S_00043620.dat
../benchmark_test_data/1opd/apmds/S_00043785.dat
../benchmark_test_data/1opd/apmds/S_00043989.dat
../benchmark_test_data/1opd/apmds/S_00044014.dat
../benchmark_test_data/1opd/apmds/S_00044117.dat
../benchmark_test_data/1opd/apmds/S_00044125.dat
../benchmark_test_data/1opd/apmds/S_00044451.dat
../benchmark_test_data/1opd/apmds/S_00045347.dat
../benchmark_test_data/1opd/apmds/S_00045757.dat
../benchmark_test_data/1opd/apmds/S_00046357.dat
../benchmark_test_data/1opd/apmds/S_00047032.dat
../benchmark_test_data/1opd/apmds/S_00047652.dat
../benchmark_test_data/1opd/apmds/S_00048082.dat
../benchmark_test_data/1opd/apmds/S_00048366.dat
../benchmark_test_data/1opd/apmds/S_00048403.dat
../benchmark_test_data/1opd/apmds/S_00049037.dat
../benchmark_test_data/1opd/apmds/S_00049824.dat
../benchmark_test_data/1opd/apmds/S_00049957.dat
../benchmark_test_data/1opd/apmds/S_00050018.dat
../benchmark_test_data/1opd/apmds/S_00050030.dat
../benchmark_test_data/1opd/apmds/S_00050917.dat
../benchmark_test_data/1opd/apmds/S_00050936.dat
../benchmark_test_data/1opd/apmds/S_00051456.dat
../benchmark_test_data/1opd/apmds/S_00051551.dat
../benchmark_test_data/1opd/apmds/S_00052066.dat
../benchmark_test_data/1opd/apmds/S_00052229.dat
../benchmark_test_data/1opd/apmds/S_00052335.dat
../benchmark_test_data/1opd/apmds/S_00052497.dat
../benchmark_test_data/1opd/apmds/S_00053042.dat
../benchmark_test_data/1opd/apmds/S_00053192.dat
../benchmark_test_data/1opd/apmds/S_00053989.dat
../benchmark_test_data/1opd/apmds/S_00054069.dat
../benchmark_test_data/1opd/apmds/S_00054211.dat
../benchmark_test_data/1opd/apmds/S_00054397.dat
../benchmark_test_data/1opd/apmds/S_00055042.dat
../benchmark_test_data/1opd/apmds/S_00055116.dat
../benchmark_test_data/1opd/apmds/S_00055135.dat
../benchmark_test_data/1opd/apmds/S_00055506.dat
../benchmark_test_data/1opd/apmds/S_00055588.dat
../benchmark_test_data/1opd/apmds/S_00055720.dat
../benchmark_test_data/1opd/apmds/S_00056756.dat
../benchmark_test_data/1opd/apmds/S_00057253.dat
../benchmark_test_data/1opd/apmds/S_00057633.dat
../benchmark_test_data/1opd/apmds/S_00057686.dat
../benchmark_test_data/1opd/apmds/S_00057759.dat
../benchmark_test_data/1opd/apmds/S_00058033.dat
../benchmark_test_data/1opd/apmds/S_00058678.dat
../benchmark_test_data/1opd/apmds/S_00058709.dat
../benchmark_test_data/1opd/apmds/S_00058866.dat
../benchmark_test_data/1opd/apmds/S_00058867.dat
../benchmark_test_data/1opd/apmds/S_00058869.dat
../benchmark_test_data/1opd/apmds/S_00059808.dat
../benchmark_test_data/1opd/apmds/S_00060667.dat
../benchmark_test_data/1opd/apmds/S_00060688.dat
../benchmark_test_data/1opd/apmds/S_00060819.dat
../benchmark_test_data/1opd/apmds/S_00061276.dat
../benchmark_test_data/1opd/apmds/S_00061356.dat
../benchmark_test_data/1opd/apmds/S_00061693.dat
../benchmark_test_data/1opd/apmds/S_00062413.dat
../benchmark_test_data/1opd/apmds/S_00062427.dat
../benchmark_test_data/1opd/apmds/S_00062783.dat
../benchmark_test_data/1opd/apmds/S_00063043.dat
../benchmark_test_data/1opd/apmds/S_00063047.dat
../benchmark_test_data/1opd/apmds/S_00063645.dat
../benchmark_test_data/1opd/apmds/S_00063829.dat
../benchmark_test_data/1opd/apmds/S_00063857.dat
../benchmark_test_data/1opd/apmds/S_00064315.dat
../benchmark_test_data/1opd/apmds/S_00064851.dat
../benchmark_test_data/1opd/apmds/S_00064925.dat
../benchmark_test_data/1opd/apmds/S_00064982.dat
../benchmark_test_data/1opd/apmds/S_00065035.dat
../benchmark_test_data/1opd/apmds/S_00065154.dat
../benchmark_test_data/1opd/apmds/S_00065182.dat
../benchmark_test_data/1opd/apmds/S_00065607.dat
../benchmark_test_data/1opd/apmds/S_00065648.dat
../benchmark_test_data/1opd/apmds/S_00066041.dat
../benchmark_test_data/1opd/apmds/S_00066499.dat
../benchmark_test_data/1opd/apmds/S_00066517.dat
../benchmark_test_data/1opd/apmds/S_00067069.dat
../benchmark_test_data/1opd/apmds/S_00067768.dat
../benchmark_test_data/1opd/apmds/S_00068232.dat
../benchmark_test_data/1opd/apmds/S_00068511.dat
../benchmark_test_data/1opd/apmds/S_00068697.dat
../benchmark_test_data/1opd/apmds/S_00069238.dat
../benchmark_test_data/1opd/apmds/S_00069551.dat
../benchmark_test_data/1opd/apmds/S_00069672.dat
../benchmark_test_data/1opd/apmds/S_00069725.dat
../benchmark_test_data/1opd/apmds/S_00070007.dat
../benchmark_test_data/1opd/apmds/S_00070090.dat
../benchmark_test_data/1opd/apmds/S_00070149.dat
../benchmark_test_data/1opd/apmds/S_00070896.dat
../benchmark_test_data/1opd/apmds/S_00072015.dat
../benchmark_test_data/1opd/apmds/S_00072090.dat
../benchmark_test_data/1opd/apmds/S_00072187.dat
../benchmark_test_data/1opd/apmds/S_00072555.dat
../benchmark_test_data/1opd/apmds/S_00072603.dat
../benchmark_test_data/1opd/apmds/S_00072688.dat
../benchmark_test_data/1opd/apmds/S_00073079.dat
../benchmark_test_data/1opd/apmds/S_00073285.dat
../benchmark_test_data/1opd/apmds/S_00074068.dat
../benchmark_test_data/1opd/apmds/S_00074381.dat
../benchmark_test_data/1opd/apmds/S_00074681.dat
../benchmark_test_data/1opd/apmds/S_00074764.dat
../benchmark_test_data/1opd/apmds/S_00075296.dat
../benchmark_test_data/1opd/apmds/S_00075368.dat
../benchmark_test_data/1opd/apmds/S_00075721.dat
../benchmark_test_data/1opd/apmds/S_00075862.dat
../benchmark_test_data/1opd/apmds/S_00075965.dat
../benchmark_test_data/1opd/apmds/S_00075977.dat
../benchmark_test_data/1opd/apmds/S_00076366.dat
../benchmark_test_data/1opd/apmds/S_00076380.dat
../benchmark_test_data/1opd/apmds/S_00076545.dat
../benchmark_test_data/1opd/apmds/S_00076572.dat
../benchmark_test_data/1opd/apmds/S_00077667.dat
../benchmark_test_data/1opd/apmds/S_00078499.dat
../benchmark_test_data/1opd/apmds/S_00079062.dat
../benchmark_test_data/1opd/apmds/S_00079130.dat
../benchmark_test_data/1opd/apmds/S_00079210.dat
../benchmark_test_data/1opd/apmds/S_00079329.dat
../benchmark_test_data/1opd/apmds/S_00079396.dat
../benchmark_test_data/1opd/apmds/S_00079576.dat
../benchmark_test_data/1opd/apmds/S_00080110.dat
../benchmark_test_data/1opd/apmds/S_00080117.dat
../benchmark_test_data/1opd/apmds/S_00080471.dat
../benchmark_test_data/1opd/apmds/S_00080577.dat
../benchmark_test_data/1opd/apmds/S_00081104.dat
../benchmark_test_data/1opd/apmds/S_00081276.dat
../benchmark_test_data/1opd/apmds/S_00081337.dat
../benchmark_test_data/1opd/apmds/S_00081613.dat
../benchmark_test_data/1opd/apmds/S_00083348.dat
../benchmark_test_data/1opd/apmds/S_00083666.dat
../benchmark_test_data/1opd/apmds/S_00083825.dat
../benchmark_test_data/1opd/apmds/S_00084410.dat
../benchmark_test_data/1opd/apmds/S_00084908.dat
../benchmark_test_data/1opd/apmds/S_00085189.dat
../benchmark_test_data/1opd/apmds/S_00085267.dat
../benchmark_test_data/1opd/apmds/S_00085508.dat
../benchmark_test_data/1opd/apmds/S_00085798.dat
../benchmark_test_data/1opd/apmds/S_00086122.dat
../benchmark_test_data/1opd/apmds/S_00086138.dat
../benchmark_test_data/1opd/apmds/S_00086445.dat
../benchmark_test_data/1opd/apmds/S_00087082.dat
../benchmark_test_data/1opd/apmds/S_00087160.dat
../benchmark_test_data/1opd/apmds/S_00087392.dat
../benchmark_test_data/1opd/apmds/S_00087442.dat
../benchmark_test_data/1opd/apmds/S_00088127.dat
../benchmark_test_data/1opd/apmds/S_00088856.dat
../benchmark_test_data/1opd/apmds/S_00088956.dat
../benchmark_test_data/1opd/apmds/S_00089177.dat
../benchmark_test_data/1opd/apmds/S_00089304.dat
../benchmark_test_data/1opd/apmds/S_00089778.dat
../benchmark_test_data/1opd/apmds/S_00089948.dat
../benchmark_test_data/1opd/apmds/S_00090234.dat
../benchmark_test_data/1opd/apmds/S_00090254.dat
../benchmark_test_data/1opd/apmds/S_00090356.dat
../benchmark_test_data/1opd/apmds/S_00091262.dat
../benchmark_test_data/1opd/apmds/S_00091442.dat
../benchmark_test_data/1opd/apmds/S_00091533.dat
../benchmark_test_data/1opd/apmds/S_00091658.dat
../benchmark_test_data/1opd/apmds/S_00091668.dat
../benchmark_test_data/1opd/apmds/S_00092504.dat
../benchmark_test_data/1opd/apmds/S_00092574.dat
../benchmark_test_data/1opd/apmds/S_00093056.dat
../benchmark_test_data/1opd/apmds/S_00093318.dat
../benchmark_test_data/1opd/apmds/S_00094105.dat
../benchmark_test_data/1opd/apmds/S_00094586.dat
../benchmark_test_data/1opd/apmds/S_00094754.dat
../benchmark_test_data/1opd/apmds/S_00094878.dat
../benchmark_test_data/1opd/apmds/S_00095810.dat
../benchmark_test_data/1opd/apmds/S_00096041.dat
../benchmark_test_data/1opd/apmds/S_00096815.dat
../benchmark_test_data/1opd/apmds/S_00097276.dat
../benchmark_test_data/1opd/apmds/S_00097387.dat
../benchmark_test_data/1opd/apmds/S_00097626.dat
../benchmark_test_data/1opd/apmds/S_00097736.dat
../benchmark_test_data/1opd/apmds/S_00098202.dat
../benchmark_test_data/1opd/apmds/S_00098886.dat
../benchmark_test_data/1opd/apmds/S_00099002.dat
../benchmark_test_data/1opd/apmds/S_00099164.dat
../benchmark_test_data/1opd/apmds/S_00099764.dat
../benchmark_test_data/1opd/apmds/S_00100805.dat
../benchmark_test_data/1opd/apmds/S_00100884.dat
../benchmark_test_data/1opd/apmds/S_00100948.dat
../benchmark_test_data/1opd/apmds/S_00101572.dat
../benchmark_test_data/1opd/apmds/S_00101868.dat
../benchmark_test_data/1opd/apmds/S_00102234.dat
../benchmark_test_data/1opd/apmds/S_00102454.dat
../benchmark_test_data/1opd/apmds/S_00102738.dat
../benchmark_test_data/1opd/apmds/S_00102809.dat
../benchmark_test_data/1opd/apmds/S_00102817.dat
../benchmark_test_data/1opd/apmds/S_00102926.dat
../benchmark_test_data/1opd/apmds/S_00102931.dat
../benchmark_test_data/1opd/apmds/S_00103105.dat
../benchmark_test_data/1opd/apmds/S_00103195.dat
../benchmark_test_data/1opd/apmds/S_00103285.dat
../benchmark_test_data/1opd/apmds/S_00103459.dat
../benchmark_test_data/1opd/apmds/S_00104017.dat
../benchmark_test_data/1opd/apmds/S_00104365.dat
../benchmark_test_data/1opd/apmds/S_00104473.dat
../benchmark_test_data/1opd/apmds/S_00104491.dat
../benchmark_test_data/1opd/apmds/S_00104996.dat
../benchmark_test_data/1opd/apmds/S_00105213.dat
../benchmark_test_data/1opd/apmds/S_00106117.dat
../benchmark_test_data/1opd/apmds/S_00106249.dat
../benchmark_test_data/1opd/apmds/S_00106855.dat
../benchmark_test_data/1opd/apmds/S_00106880.dat
../benchmark_test_data/1opd/apmds/S_00107211.dat
../benchmark_test_data/1opd/apmds/S_00107422.dat
../benchmark_test_data/1opd/apmds/S_00107458.dat
../benchmark_test_data/1opd/apmds/S_00107486.dat
../benchmark_test_data/1opd/apmds/S_00107890.dat
../benchmark_test_data/1opd/apmds/S_00108517.dat
../benchmark_test_data/1opd/apmds/S_00108573.dat
../benchmark_test_data/1opd/apmds/S_00108877.dat
../benchmark_test_data/1opd/apmds/S_00109119.dat
../benchmark_test_data/1opd/apmds/S_00109551.dat
../benchmark_test_data/1opd/apmds/S_00109807.dat
../benchmark_test_data/1opd/apmds/S_00110180.dat
../benchmark_test_data/1opd/apmds/S_00110448.dat
../benchmark_test_data/1opd/apmds/S_00110951.dat
../benchmark_test_data/1opd/apmds/S_00112455.dat
../benchmark_test_data/1opd/apmds/S_00112461.dat
../benchmark_test_data/1opd/apmds/S_00112481.dat
../benchmark_test_data/1opd/apmds/S_00112491.dat
../benchmark_test_data/1opd/apmds/S_00112982.dat
../benchmark_test_data/1opd/apmds/S_00112988.dat
../benchmark_test_data/1opd/apmds/S_00113357.dat
../benchmark_test_data/1opd/apmds/S_00113515.dat
../benchmark_test_data/1opd/apmds/S_00113518.dat
../benchmark_test_data/1opd/apmds/S_00114277.dat
../benchmark_test_data/1opd/apmds/S_00114436.dat
../benchmark_test_data/1opd/apmds/S_00114672.dat
../benchmark_test_data/1opd/apmds/S_00114738.dat
../benchmark_test_data/1opd/apmds/S_00114900.dat
../benchmark_test_data/1opd/apmds/S_00115138.dat
../benchmark_test_data/1opd/apmds/S_00115147.dat
../benchmark_test_data/1opd/apmds/S_00115161.dat
../benchmark_test_data/1opd/apmds/S_00115255.dat
../benchmark_test_data/1opd/apmds/S_00115681.dat
../benchmark_test_data/1opd/apmds/S_00115834.dat
../benchmark_test_data/1opd/apmds/S_00115930.dat
../benchmark_test_data/1opd/apmds/S_00116179.dat
../benchmark_test_data/1opd/apmds/S_00116528.dat
../benchmark_test_data/1opd/apmds/S_00116634.dat
../benchmark_test_data/1opd/apmds/S_00116856.dat
../benchmark_test_data/1opd/apmds/S_00117195.dat
../benchmark_test_data/1opd/apmds/S_00117218.dat
../benchmark_test_data/1opd/apmds/S_00117452.dat
../benchmark_test_data/1opd/apmds/S_00117615.dat
../benchmark_test_data/1opd/apmds/S_00117884.dat
../benchmark_test_data/1opd/apmds/S_00118550.dat
../benchmark_test_data/1opd/apmds/S_00119134.dat
../benchmark_test_data/1opd/apmds/S_00120841.dat
../benchmark_test_data/1opd/apmds/S_00120961.dat
../benchmark_test_data/1opd/apmds/S_00121844.dat
../benchmark_test_data/1opd/apmds/S_00123423.dat
../benchmark_test_data/1opd/apmds/S_00123676.dat
../benchmark_test_data/1opd/apmds/S_00123824.dat
../benchmark_test_data/1opd/apmds/S_00124406.dat
../benchmark_test_data/1opd/apmds/S_00124609.dat
../benchmark_test_data/1opd/apmds/S_00124893.dat
../benchmark_test_data/1opd/apmds/S_00125146.dat
../benchmark_test_data/1opd/apmds/S_00125799.dat
../benchmark_test_data/1opd/apmds/S_00126426.dat
../benchmark_test_data/1opd/apmds/S_00126430.dat
../benchmark_test_data/1opd/apmds/S_00126448.dat
../benchmark_test_data/1opd/apmds/S_00127006.dat
../benchmark_test_data/1opd/apmds/S_00127013.dat
../benchmark_test_data/1opd/apmds/S_00127430.dat
../benchmark_test_data/1opd/apmds/S_00127623.dat
../benchmark_test_data/1opd/apmds/S_00127726.dat
../benchmark_test_data/1opd/apmds/S_00128363.dat
../benchmark_test_data/1opd/apmds/S_00128663.dat
../benchmark_test_data/1opd/apmds/S_00129488.dat
../benchmark_test_data/1opd/apmds/S_00129726.dat
../benchmark_test_data/1opd/apmds/S_00129819.dat
../benchmark_test_data/1opd/apmds/S_00129821.dat
../benchmark_test_data/1opd/apmds/S_00129915.dat
../benchmark_test_data/1opd/apmds/S_00130050.dat
../benchmark_test_data/1opd/apmds/S_00130674.dat
../benchmark_test_data/1opd/apmds/S_00130932.dat
../benchmark_test_data/1opd/apmds/S_00131273.dat
../benchmark_test_data/1opd/apmds/S_00132114.dat
../benchmark_test_data/1opd/apmds/S_00132263.dat
../benchmark_test_data/1opd/apmds/S_00132705.dat
../benchmark_test_data/1opd/apmds/S_00132884.dat
../benchmark_test_data/1opd/apmds/S_00133159.dat
../benchmark_test_data/1opd/apmds/S_00133256.dat
../benchmark_test_data/1opd/apmds/S_00133619.dat
../benchmark_test_data/1opd/apmds/S_00133657.dat
../benchmark_test_data/1opd/apmds/S_00133853.dat
../benchmark_test_data/1opd/apmds/S_00134055.dat
../benchmark_test_data/1opd/apmds/S_00134407.dat
../benchmark_test_data/1opd/apmds/S_00134577.dat
../benchmark_test_data/1opd/apmds/S_00135809.dat
../benchmark_test_data/1opd/apmds/S_00135902.dat
../benchmark_test_data/1opd/apmds/S_00136895.dat
../benchmark_test_data/1opd/apmds/S_00137026.dat
../benchmark_test_data/1opd/apmds/S_00137095.dat
../benchmark_test_data/1opd/apmds/S_00137165.dat
../benchmark_test_data/1opd/apmds/S_00138133.dat
../benchmark_test_data/1opd/apmds/S_00138174.dat
../benchmark_test_data/1opd/apmds/S_00138413.dat
../benchmark_test_data/1opd/apmds/S_00138467.dat
../benchmark_test_data/1opd/apmds/S_00138740.dat
../benchmark_test_data/1opd/apmds/S_00139489.dat
../benchmark_test_data/1opd/apmds/S_00139927.dat
../benchmark_test_data/1opd/apmds/S_00140108.dat
../benchmark_test_data/1opd/apmds/S_00140429.dat
../benchmark_test_data/1opd/apmds/S_00140564.dat
../benchmark_test_data/1opd/apmds/S_00140786.dat
../benchmark_test_data/1opd/apmds/S_00141065.dat
../benchmark_test_data/1opd/apmds/S_00141092.dat
../benchmark_test_data/1opd/apmds/S_00141096.dat
../benchmark_test_data/1opd/apmds/S_00141216.dat
../benchmark_test_data/1opd/apmds/S_00141237.dat
../benchmark_test_data/1opd/apmds/S_00141786.dat
../benchmark_test_data/1opd/apmds/S_00142191.dat
../benchmark_test_data/1opd/apmds/S_00142269.dat
../benchmark_test_data/1opd/apmds/S_00142688.dat
../benchmark_test_data/1opd/apmds/S_00142791.dat
../benchmark_test_data/1opd/apmds/S_00143200.dat
../benchmark_test_data/1opd/apmds/S_00144402.dat
../benchmark_test_data/1opd/apmds/S_00144491.dat
../benchmark_test_data/1opd/apmds/S_00144567.dat
../benchmark_test_data/1opd/apmds/S_00144756.dat
../benchmark_test_data/1opd/apmds/S_00145741.dat
../benchmark_test_data/1opd/apmds/S_00146100.dat
../benchmark_test_data/1opd/apmds/S_00146724.dat
../benchmark_test_data/1opd/apmds/S_00147295.dat
../benchmark_test_data/1opd/apmds/S_00147655.dat
../benchmark_test_data/1opd/apmds/S_00147710.dat
../benchmark_test_data/1opd/apmds/S_00148244.dat
../benchmark_test_data/1opd/apmds/S_00148625.dat
../benchmark_test_data/1opd/apmds/S_00148791.dat
../benchmark_test_data/1opd/apmds/S_00149285.dat
../benchmark_test_data/1opd/apmds/S_00149418.dat
../benchmark_test_data/1opd/apmds/S_00150274.dat
../benchmark_test_data/1opd/apmds/S_00150317.dat
../benchmark_test_data/1opd/apmds/S_00151085.dat
../benchmark_test_data/1opd/apmds/S_00151310.dat
../benchmark_test_data/1opd/apmds/S_00151645.dat
../benchmark_test_data/1opd/apmds/S_00151699.dat
../benchmark_test_data/1opd/apmds/S_00152244.dat
../benchmark_test_data/1opd/apmds/S_00152576.dat
../benchmark_test_data/1opd/apmds/S_00152694.dat
../benchmark_test_data/1opd/apmds/S_00152790.dat
../benchmark_test_data/1opd/apmds/S_00153480.dat
../benchmark_test_data/1opd/apmds/S_00153715.dat
../benchmark_test_data/1opd/apmds/S_00154034.dat
../benchmark_test_data/1opd/apmds/S_00154196.dat
../benchmark_test_data/1opd/apmds/S_00154456.dat
../benchmark_test_data/1opd/apmds/S_00154713.dat
../benchmark_test_data/1opd/apmds/S_00154812.dat
../benchmark_test_data/1opd/apmds/S_00155152.dat
../benchmark_test_data/1opd/apmds/S_00155236.dat
../benchmark_test_data/1opd/apmds/S_00155424.dat
../benchmark_test_data/1opd/apmds/S_00155475.dat
../benchmark_test_data/1opd/apmds/S_00155654.dat
../benchmark_test_data/1opd/apmds/S_00156228.dat
../benchmark_test_data/1opd/apmds/S_00156361.dat
../benchmark_test_data/1opd/apmds/S_00156446.dat
../benchmark_test_data/1opd/apmds/S_00157005.dat
../benchmark_test_data/1opd/apmds/S_00157447.dat
../benchmark_test_data/1opd/apmds/S_00158127.dat
../benchmark_test_data/1opd/apmds/S_00158936.dat
../benchmark_test_data/1opd/apmds/S_00158973.dat
../benchmark_test_data/1opd/apmds/S_00159284.dat
../benchmark_test_data/1opd/apmds/S_00159373.dat
../benchmark_test_data/1opd/apmds/S_00159402.dat
../benchmark_test_data/1opd/apmds/S_00159819.dat
../benchmark_test_data/1opd/apmds/S_00160185.dat
../benchmark_test_data/1opd/apmds/S_00160300.dat
../benchmark_test_data/1opd/apmds/S_00160861.dat
../benchmark_test_data/1opd/apmds/S_00161100.dat
../benchmark_test_data/1opd/apmds/S_00161510.dat
../benchmark_test_data/1opd/apmds/S_00162200.dat
../benchmark_test_data/1opd/apmds/S_00162907.dat
../benchmark_test_data/1opd/apmds/S_00164753.dat
../benchmark_test_data/1opd/apmds/S_00165006.dat
../benchmark_test_data/1opd/apmds/S_00165510.dat
../benchmark_test_data/1opd/apmds/S_00165580.dat
../benchmark_test_data/1opd/apmds/S_00165750.dat
../benchmark_test_data/1opd/apmds/S_00166177.dat
../benchmark_test_data/1opd/apmds/S_00166264.dat
../benchmark_test_data/1opd/apmds/S_00166283.dat
../benchmark_test_data/1opd/apmds/S_00166505.dat
../benchmark_test_data/1opd/apmds/S_00166770.dat
../benchmark_test_data/1opd/apmds/S_00166833.dat
../benchmark_test_data/1opd/apmds/S_00166871.dat
../benchmark_test_data/1opd/apmds/S_00166892.dat
../benchmark_test_data/1opd/apmds/S_00166970.dat
../benchmark_test_data/1opd/apmds/S_00167268.dat
../benchmark_test_data/1opd/apmds/S_00167300.dat
../benchmark_test_data/1opd/apmds/S_00167401.dat
../benchmark_test_data/1opd/apmds/S_00167639.dat
../benchmark_test_data/1opd/apmds/S_00167839.dat
../benchmark_test_data/1opd/apmds/S_00168309.dat
../benchmark_test_data/1opd/apmds/S_00168879.dat
../benchmark_test_data/1opd/apmds/S_00169525.dat
../benchmark_test_data/1opd/apmds/S_00169574.dat
../benchmark_test_data/1opd/apmds/S_00169702.dat
../benchmark_test_data/1opd/apmds/S_00169716.dat
../benchmark_test_data/1opd/apmds/S_00169850.dat
../benchmark_test_data/1opd/apmds/S_00170626.dat
../benchmark_test_data/1opd/apmds/S_00170776.dat
../benchmark_test_data/1opd/apmds/S_00170835.dat
../benchmark_test_data/1opd/apmds/S_00170946.dat
../benchmark_test_data/1opd/apmds/S_00171488.dat
../benchmark_test_data/1opd/apmds/S_00171795.dat
../benchmark_test_data/1opd/apmds/S_00172294.dat
../benchmark_test_data/1opd/apmds/S_00172628.dat
../benchmark_test_data/1opd/apmds/S_00172658.dat
../benchmark_test_data/1opd/apmds/S_00173021.dat
../benchmark_test_data/1opd/apmds/S_00173041.dat
../benchmark_test_data/1opd/apmds/S_00173099.dat
../benchmark_test_data/1opd/apmds/S_00173607.dat
../benchmark_test_data/1opd/apmds/S_00173694.dat
../benchmark_test_data/1opd/apmds/S_00173998.dat
../benchmark_test_data/1opd/apmds/S_00174277.dat
../benchmark_test_data/1opd/apmds/S_00174331.dat
../benchmark_test_data/1opd/apmds/S_00174608.dat
../benchmark_test_data/1opd/apmds/S_00174727.dat
../benchmark_test_data/1opd/apmds/S_00174736.dat
../benchmark_test_data/1opd/apmds/S_00174881.dat
../benchmark_test_data/1opd/apmds/S_00175086.dat
../benchmark_test_data/1opd/apmds/S_00175442.dat
../benchmark_test_data/1opd/apmds/S_00175610.dat
../benchmark_test_data/1opd/apmds/S_00176401.dat
../benchmark_test_data/1opd/apmds/S_00176995.dat
../benchmark_test_data/1opd/apmds/S_00177691.dat
../benchmark_test_data/1opd/apmds/S_00178112.dat
../benchmark_test_data/1opd/apmds/S_00178209.dat
../benchmark_test_data/1opd/apmds/S_00178221.dat
../benchmark_test_data/1opd/apmds/S_00178399.dat
../benchmark_test_data/1opd/apmds/S_00178458.dat
../benchmark_test_data/1opd/apmds/S_00178693.dat
../benchmark_test_data/1opd/apmds/S_00178795.dat
../benchmark_test_data/1opd/apmds/S_00179082.dat
../benchmark_test_data/1opd/apmds/S_00179854.dat
../benchmark_test_data/1opd/apmds/S_00180537.dat
../benchmark_test_data/1opd/apmds/S_00180897.dat
../benchmark_test_data/1opd/apmds/S_00180922.dat
../benchmark_test_data/1opd/apmds/S_00181530.dat
../benchmark_test_data/1opd/apmds/S_00181756.dat
../benchmark_test_data/1opd/apmds/S_00182009.dat
../benchmark_test_data/1opd/apmds/S_00182024.dat
../benchmark_test_data/1opd/apmds/S_00182217.dat
../benchmark_test_data/1opd/apmds/S_00182516.dat
../benchmark_test_data/1opd/apmds/S_00182596.dat
../benchmark_test_data/1opd/apmds/S_00182742.dat
../benchmark_test_data/1opd/apmds/S_00183234.dat
../benchmark_test_data/1opd/apmds/S_00183316.dat
../benchmark_test_data/1opd/apmds/S_00183579.dat
../benchmark_test_data/1opd/apmds/S_00184082.dat
../benchmark_test_data/1opd/apmds/S_00184449.dat
../benchmark_test_data/1opd/apmds/S_00184554.dat
../benchmark_test_data/1opd/apmds/S_00184591.dat
../benchmark_test_data/1opd/apmds/S_00184753.dat
../benchmark_test_data/1opd/apmds/S_00184788.dat
../benchmark_test_data/1opd/apmds/S_00184957.dat
../benchmark_test_data/1opd/apmds/S_00185274.dat
../benchmark_test_data/1opd/apmds/S_00185505.dat
../benchmark_test_data/1opd/apmds/S_00185805.dat
../benchmark_test_data/1opd/apmds/S_00185853.dat
../benchmark_test_data/1opd/apmds/S_00186036.dat
../benchmark_test_data/1opd/apmds/S_00186396.dat
../benchmark_test_data/1opd/apmds/S_00186714.dat
../benchmark_test_data/1opd/apmds/S_00187340.dat
../benchmark_test_data/1opd/apmds/S_00187365.dat
../benchmark_test_data/1opd/apmds/S_00187574.dat
../benchmark_test_data/1opd/apmds/S_00188685.dat
../benchmark_test_data/1opd/apmds/S_00190260.dat
../benchmark_test_data/1opd/apmds/S_00191168.dat
../benchmark_test_data/1opd/apmds/S_00191494.dat
../benchmark_test_data/1opd/apmds/S_00191811.dat
../benchmark_test_data/1opd/apmds/S_00192205.dat
../benchmark_test_data/1opd/apmds/S_00192357.dat
../benchmark_test_data/1opd/apmds/S_00192618.dat
../benchmark_test_data/1opd/apmds/S_00193272.dat
../benchmark_test_data/1opd/apmds/S_00193367.dat
../benchmark_test_data/1opd/apmds/S_00194121.dat
../benchmark_test_data/1opd/apmds/S_00194563.dat
../benchmark_test_data/1opd/apmds/S_00194860.dat
../benchmark_test_data/1opd/apmds/S_00194953.dat
../benchmark_test_data/1opd/apmds/S_00195732.dat
../benchmark_test_data/1opd/apmds/S_00195823.dat
../benchmark_test_data/1opd/apmds/S_00196013.dat
../benchmark_test_data/1opd/apmds/S_00196370.dat
../benchmark_test_data/1opd/apmds/S_00196372.dat
../benchmark_test_data/1opd/apmds/S_00196855.dat
../benchmark_test_data/1opd/apmds/S_00196894.dat
../benchmark_test_data/1opd/apmds/S_00197424.dat
../benchmark_test_data/1opd/apmds/S_00197751.dat
../benchmark_test_data/1opd/apmds/S_00198041.dat
../benchmark_test_data/1opd/apmds/S_00198066.dat
../benchmark_test_data/1opd/apmds/S_00198184.dat
../benchmark_test_data/1opd/apmds/S_00199064.dat
../benchmark_test_data/1opd/apmds/S_00199227.dat
../benchmark_test_data/1opd/apmds/S_00199388.dat
../benchmark_test_data/1opd/apmds/S_00199464.dat
../benchmark_test_data/1opd/apmds/S_00200257.dat
../benchmark_test_data/1opd/apmds/S_00200527.dat
../benchmark_test_data/1opd/apmds/S_00201322.dat
../benchmark_test_data/1opd/apmds/S_00201380.dat
../benchmark_test_data/1opd/apmds/S_00202279.dat
../benchmark_test_data/1opd/apmds/S_00202633.dat
../benchmark_test_data/1opd/apmds/S_00202654.dat
../benchmark_test_data/1opd/apmds/S_00202820.dat
../benchmark_test_data/1opd/apmds/S_00202841.dat
../benchmark_test_data/1opd/apmds/S_00203448.dat
../benchmark_test_data/1opd/apmds/S_00203531.dat
../benchmark_test_data/1opd/apmds/S_00203695.dat
../benchmark_test_data/1opd/apmds/S_00204650.dat
../benchmark_test_data/1opd/apmds/S_00204860.dat
../benchmark_test_data/1opd/apmds/S_00205047.dat
../benchmark_test_data/1opd/apmds/S_00205569.dat
../benchmark_test_data/1opd/apmds/S_00206401.dat
../benchmark_test_data/1opd/apmds/S_00207181.dat
../benchmark_test_data/1opd/apmds/S_00207217.dat
../benchmark_test_data/1opd/apmds/S_00207795.dat
../benchmark_test_data/1opd/apmds/S_00208103.dat
../benchmark_test_data/1opd/apmds/S_00208418.dat
../benchmark_test_data/1opd/apmds/S_00208742.dat
../benchmark_test_data/1opd/apmds/S_00208816.dat
../benchmark_test_data/1opd/apmds/S_00208947.dat
../benchmark_test_data/1opd/apmds/S_00209226.dat
../benchmark_test_data/1opd/apmds/S_00209331.dat
../benchmark_test_data/1opd/apmds/S_00209821.dat
../benchmark_test_data/1opd/apmds/S_00210752.dat
../benchmark_test_data/1opd/apmds/S_00211202.dat
../benchmark_test_data/1opd/apmds/S_00211278.dat
../benchmark_test_data/1opd/apmds/S_00211335.dat
../benchmark_test_data/1opd/apmds/S_00212323.dat
../benchmark_test_data/1opd/apmds/S_00213204.dat
../benchmark_test_data/1opd/apmds/S_00213249.dat
../benchmark_test_data/1opd/apmds/S_00213673.dat
../benchmark_test_data/1opd/apmds/S_00214880.dat
../benchmark_test_data/1opd/apmds/S_00215321.dat
../benchmark_test_data/1opd/apmds/S_00215718.dat
../benchmark_test_data/1opd/apmds/S_00215979.dat
../benchmark_test_data/1opd/apmds/S_00217246.dat
../benchmark_test_data/1opd/apmds/S_00217455.dat
../benchmark_test_data/1opd/apmds/S_00218153.dat
../benchmark_test_data/1opd/apmds/S_00218288.dat
../benchmark_test_data/1opd/apmds/S_00218874.dat
../benchmark_test_data/1opd/apmds/S_00218927.dat
../benchmark_test_data/1opd/apmds/S_00218995.dat
../benchmark_test_data/1opd/apmds/S_00219701.dat
../benchmark_test_data/1opd/apmds/S_00220183.dat
../benchmark_test_data/1opd/apmds/S_00220392.dat
../benchmark_test_data/1opd/apmds/S_00220569.dat
../benchmark_test_data/1opd/apmds/S_00220664.dat
../benchmark_test_data/1opd/apmds/S_00221950.dat
../benchmark_test_data/1opd/apmds/S_00222108.dat
../benchmark_test_data/1opd/apmds/S_00222147.dat
../benchmark_test_data/1opd/apmds/S_00222270.dat
../benchmark_test_data/1opd/apmds/S_00222286.dat
../benchmark_test_data/1opd/apmds/S_00222313.dat
../benchmark_test_data/1opd/apmds/S_00222575.dat
../benchmark_test_data/1opd/apmds/S_00222737.dat
../benchmark_test_data/1opd/apmds/S_00223081.dat
../benchmark_test_data/1opd/apmds/S_00223614.dat
../benchmark_test_data/1opd/apmds/S_00223945.dat
../benchmark_test_data/1opd/apmds/S_00224169.dat
../benchmark_test_data/1opd/apmds/S_00224501.dat
../benchmark_test_data/1opd/apmds/S_00224730.dat
../benchmark_test_data/1opd/apmds/S_00224985.dat
../benchmark_test_data/1opd/apmds/S_00225163.dat
../benchmark_test_data/1opd/apmds/S_00225477.dat
../benchmark_test_data/1opd/apmds/S_00225959.dat
../benchmark_test_data/1opd/apmds/S_00226473.dat
../benchmark_test_data/1opd/apmds/S_00226483.dat
../benchmark_test_data/1opd/apmds/S_00226543.dat
../benchmark_test_data/1opd/apmds/S_00226950.dat
../benchmark_test_data/1opd/apmds/S_00226952.dat
../benchmark_test_data/1opd/apmds/S_00227592.dat
../benchmark_test_data/1opd/apmds/S_00227711.dat
../benchmark_test_data/1opd/apmds/S_00227938.dat
../benchmark_test_data/1opd/apmds/S_00227963.dat
../benchmark_test_data/1opd/apmds/S_00228201.dat
../benchmark_test_data/1opd/apmds/S_00228595.dat
../benchmark_test_data/1opd/apmds/S_00228674.dat
../benchmark_test_data/1opd/apmds/S_00229263.dat
../benchmark_test_data/1opd/apmds/S_00229909.dat
../benchmark_test_data/1opd/apmds/S_00229920.dat
../benchmark_test_data/1opd/apmds/S_00230401.dat
../benchmark_test_data/1opd/apmds/S_00230515.dat
../benchmark_test_data/1opd/apmds/S_00230534.dat
../benchmark_test_data/1opd/apmds/S_00230601.dat
../benchmark_test_data/1opd/apmds/S_00231024.dat
../benchmark_test_data/1opd/apmds/S_00231436.dat
../benchmark_test_data/1opd/apmds/S_00232417.dat
../benchmark_test_data/1opd/apmds/S_00232537.dat
../benchmark_test_data/1opd/apmds/S_00232911.dat
../benchmark_test_data/1opd/apmds/S_00233069.dat
../benchmark_test_data/1opd/apmds/S_00233076.dat
../benchmark_test_data/1opd/apmds/S_00233598.dat
../benchmark_test_data/1opd/apmds/S_00233814.dat
../benchmark_test_data/1opd/apmds/S_00233866.dat
../benchmark_test_data/1opd/apmds/S_00234146.dat
../benchmark_test_data/1opd/apmds/S_00234293.dat
../benchmark_test_data/1opd/apmds/S_00234515.dat
../benchmark_test_data/1opd/apmds/S_00234911.dat
../benchmark_test_data/1opd/apmds/S_00235088.dat
../benchmark_test_data/1opd/apmds/S_00235171.dat
../benchmark_test_data/1opd/apmds/S_00235232.dat
../benchmark_test_data/1opd/apmds/S_00235336.dat
../benchmark_test_data/1opd/apmds/S_00235947.dat
../benchmark_test_data/1opd/apmds/S_00236035.dat
../benchmark_test_data/1opd/apmds/S_00236253.dat
../benchmark_test_data/1opd/apmds/S_00236568.dat
../benchmark_test_data/1opd/apmds/S_00237109.dat
../benchmark_test_data/1opd/apmds/S_00237171.dat
../benchmark_test_data/1opd/apmds/S_00237274.dat
../benchmark_test_data/1opd/apmds/S_00237294.dat
../benchmark_test_data/1opd/apmds/S_00237303.dat
../benchmark_test_data/1opd/apmds/S_00237775.dat
../benchmark_test_data/1opd/apmds/S_00238006.dat
../benchmark_test_data/1opd/apmds/S_00238534.dat
../benchmark_test_data/1opd/apmds/S_00238536.dat
../benchmark_test_data/1opd/apmds/S_00238708.dat
../benchmark_test_data/1opd/apmds/S_00238726.dat
../benchmark_test_data/1opd/apmds/S_00238870.dat
../benchmark_test_data/1opd/apmds/S_00239241.dat
../benchmark_test_data/1opd/apmds/S_00239258.dat
../benchmark_test_data/1opd/apmds/S_00239302.dat
../benchmark_test_data/1opd/apmds/S_00239382.dat
../benchmark_test_data/1opd/apmds/S_00239896.dat
../benchmark_test_data/1opd/apmds/S_00239961.dat
../benchmark_test_data/1opd/apmds/S_00241086.dat
../benchmark_test_data/1opd/apmds/S_00241266.dat
../benchmark_test_data/1opd/apmds/S_00241316.dat
../benchmark_test_data/1opd/apmds/S_00241329.dat
../benchmark_test_data/1opd/apmds/S_00241554.dat
../benchmark_test_data/1opd/apmds/S_00241932.dat
../benchmark_test_data/1opd/apmds/S_00242204.dat
../benchmark_test_data/1opd/apmds/S_00242622.dat
../benchmark_test_data/1opd/apmds/S_00243318.dat
../benchmark_test_data/1opd/apmds/S_00243356.dat
../benchmark_test_data/1opd/apmds/S_00243469.dat
../benchmark_test_data/1opd/apmds/S_00243492.dat
../benchmark_test_data/1opd/apmds/S_00243504.dat
../benchmark_test_data/1opd/apmds/S_00243767.dat
../benchmark_test_data/1opd/apmds/S_00243908.dat
../benchmark_test_data/1opd/apmds/S_00244253.dat
../benchmark_test_data/1opd/apmds/S_00244459.dat
../benchmark_test_data/1opd/apmds/S_00244884.dat
../benchmark_test_data/1opd/apmds/S_00245393.dat
../benchmark_test_data/1opd/apmds/S_00245476.dat
../benchmark_test_data/1opd/apmds/S_00245899.dat
../benchmark_test_data/1opd/apmds/S_00246124.dat
../benchmark_test_data/1opd/apmds/S_00246433.dat
../benchmark_test_data/1opd/apmds/S_00246480.dat
../benchmark_test_data/1opd/apmds/S_00247101.dat
../benchmark_test_data/1opd/apmds/S_00247938.dat
../benchmark_test_data/1opd/apmds/S_00247990.dat
../benchmark_test_data/1opd/apmds/S_00248897.dat
../benchmark_test_data/1opd/apmds/S_00249169.dat
../benchmark_test_data/1opd/apmds/S_00249245.dat
../benchmark_test_data/1opd/apmds/S_00249500.dat
../benchmark_test_data/1opd/apmds/S_00249580.dat
../benchmark_test_data/1opd/apmds/S_00250170.dat
../benchmark_test_data/1opd/apmds/S_00250772.dat
../benchmark_test_data/1opd/apmds/S_00250816.dat
../benchmark_test_data/1opd/apmds/S_00250994.dat
../benchmark_test_data/1opd/apmds/S_00251099.dat
../benchmark_test_data/1opd/apmds/S_00251397.dat
../benchmark_test_data/1opd/apmds/S_00251784.dat
../benchmark_test_data/1opd/apmds/S_00251819.dat
../benchmark_test_data/1opd/apmds/S_00252020.dat
../benchmark_test_data/1opd/apmds/S_00252189.dat
../benchmark_test_data/1opd/apmds/S_00252204.dat
../benchmark_test_data/1opd/apmds/S_00252687.dat
../benchmark_test_data/1opd/apmds/S_00252723.dat
../benchmark_test_data/1opd/apmds/S_00252726.dat
../benchmark_test_data/1opd/apmds/S_00252876.dat
../benchmark_test_data/1opd/apmds/S_00252890.dat
../benchmark_test_data/1opd/apmds/S_00253025.dat
../benchmark_test_data/1opd/apmds/S_00253127.dat
../benchmark_test_data/1opd/apmds/S_00253238.dat
../benchmark_test_data/1opd/apmds/S_00253502.dat
../benchmark_test_data/1opd/apmds/S_00253541.dat
../benchmark_test_data/1opd/apmds/S_00253976.dat
../benchmark_test_data/1opd/apmds/S_00254068.dat
../benchmark_test_data/1opd/apmds/S_00254172.dat
../benchmark_test_data/1opd/apmds/S_00254406.dat
../benchmark_test_data/1opd/apmds/S_00254460.dat
../benchmark_test_data/1opd/apmds/S_00254630.dat
../benchmark_test_data/1opd/apmds/S_00254857.dat
../benchmark_test_data/1opd/apmds/S_00255057.dat
../benchmark_test_data/1opd/apmds/S_00255210.dat
../benchmark_test_data/1opd/apmds/S_00255665.dat
../benchmark_test_data/1opd/apmds/S_00255927.dat
../benchmark_test_data/1opd/apmds/S_00256028.dat
../benchmark_test_data/1opd/apmds/S_00256154.dat
../benchmark_test_data/1opd/apmds/S_00256813.dat
../benchmark_test_data/1opd/apmds/S_00257314.dat
../benchmark_test_data/1opd/apmds/S_00257616.dat
../benchmark_test_data/1opd/apmds/S_00258599.dat
../benchmark_test_data/1opd/apmds/S_00258951.dat
../benchmark_test_data/1opd/apmds/S_00258968.dat
../benchmark_test_data/1opd/apmds/S_00259057.dat
../benchmark_test_data/1opd/apmds/S_00259465.dat
../benchmark_test_data/1opd/apmds/S_00260062.dat
../benchmark_test_data/1opd/apmds/S_00260825.dat
../benchmark_test_data/1opd/apmds/S_00261031.dat
../benchmark_test_data/1opd/apmds/S_00261385.dat
../benchmark_test_data/1opd/apmds/S_00261387.dat
../benchmark_test_data/1opd/apmds/S_00261431.dat
../benchmark_test_data/1opd/apmds/S_00261841.dat
../benchmark_test_data/1opd/apmds/S_00262048.dat
../benchmark_test_data/1opd/apmds/S_00262501.dat
../benchmark_test_data/1opd/apmds/S_00262741.dat
../benchmark_test_data/1opd/apmds/S_00262833.dat
../benchmark_test_data/1opd/apmds/S_00263151.dat
../benchmark_test_data/1opd/apmds/S_00263400.dat
../benchmark_test_data/1opd/apmds/S_00263707.dat
../benchmark_test_data/1opd/apmds/S_00263896.dat
../benchmark_test_data/1opd/apmds/S_00263953.dat
../benchmark_test_data/1opd/apmds/S_00264001.dat
../benchmark_test_data/1opd/apmds/S_00264035.dat
../benchmark_test_data/1opd/apmds/S_00264215.dat
../benchmark_test_data/1opd/apmds/S_00264276.dat
../benchmark_test_data/1opd/apmds/S_00264443.dat
../benchmark_test_data/1opd/apmds/S_00265054.dat
../benchmark_test_data/1opd/apmds/S_00265266.dat
../benchmark_test_data/1opd/apmds/S_00265370.dat
../benchmark_test_data/1opd/apmds/S_00266362.dat
../benchmark_test_data/1opd/apmds/S_00266412.dat
../benchmark_test_data/1opd/apmds/S_00266435.dat
../benchmark_test_data/1opd/apmds/S_00266663.dat
../benchmark_test_data/1opd/apmds/S_00266767.dat
../benchmark_test_data/1opd/apmds/S_00267347.dat
../benchmark_test_data/1opd/apmds/S_00267461.dat
../benchmark_test_data/1opd/apmds/S_00267880.dat
../benchmark_test_data/1opd/apmds/S_00267902.dat
../benchmark_test_data/1opd/apmds/S_00267987.dat
../benchmark_test_data/1opd/apmds/S_00268333.dat
../benchmark_test_data/1opd/apmds/S_00268528.dat
../benchmark_test_data/1opd/apmds/S_00268725.dat
../benchmark_test_data/1opd/apmds/S_00269107.dat
../benchmark_test_data/1opd/apmds/S_00269139.dat
../benchmark_test_data/1opd/apmds/S_00269243.dat
../benchmark_test_data/1opd/apmds/S_00270315.dat
../benchmark_test_data/1opd/apmds/S_00270798.dat
../benchmark_test_data/1opd/apmds/S_00270843.dat
../benchmark_test_data/1opd/apmds/S_00270858.dat
../benchmark_test_data/1opd/apmds/S_00270951.dat
../benchmark_test_data/1opd/apmds/S_00271091.dat
../benchmark_test_data/1opd/apmds/S_00271170.dat
../benchmark_test_data/1opd/apmds/S_00271424.dat
../benchmark_test_data/1opd/apmds/S_00271522.dat
../benchmark_test_data/1opd/apmds/S_00271611.dat
../benchmark_test_data/1opd/apmds/S_00271850.dat
../benchmark_test_data/1opd/apmds/S_00272096.dat
../benchmark_test_data/1opd/apmds/S_00272520.dat
../benchmark_test_data/1opd/apmds/S_00272570.dat
../benchmark_test_data/1opd/apmds/S_00272632.dat
../benchmark_test_data/1opd/apmds/S_00273573.dat
../benchmark_test_data/1opd/apmds/S_00273923.dat
../benchmark_test_data/1opd/apmds/S_00274467.dat
../benchmark_test_data/1opd/apmds/S_00274640.dat
../benchmark_test_data/1opd/apmds/S_00274982.dat
../benchmark_test_data/1opd/apmds/S_00275085.dat
../benchmark_test_data/1opd/apmds/S_00275234.dat
../benchmark_test_data/1opd/apmds/S_00275639.dat
../benchmark_test_data/1opd/apmds/S_00276019.dat
../benchmark_test_data/1opd/apmds/S_00277068.dat
../benchmark_test_data/1opd/apmds/S_00277380.dat
../benchmark_test_data/1opd/apmds/S_00277964.dat
../benchmark_test_data/1opd/apmds/S_00278250.dat
../benchmark_test_data/1opd/apmds/S_00278488.dat
../benchmark_test_data/1opd/apmds/S_00278520.dat
../benchmark_test_data/1opd/apmds/S_00278821.dat
../benchmark_test_data/1opd/apmds/S_00279197.dat
../benchmark_test_data/1opd/apmds/S_00279592.dat
../benchmark_test_data/1opd/apmds/S_00279762.dat
../benchmark_test_data/1opd/apmds/S_00280080.dat
../benchmark_test_data/1opd/apmds/S_00280266.dat
../benchmark_test_data/1opd/apmds/S_00280763.dat
../benchmark_test_data/1opd/apmds/S_00280979.dat
../benchmark_test_data/1opd/apmds/S_00282220.dat
../benchmark_test_data/1opd/apmds/S_00282245.dat
../benchmark_test_data/1opd/apmds/S_00282637.dat
../benchmark_test_data/1opd/apmds/S_00282839.dat
../benchmark_test_data/1opd/apmds/S_00282909.dat
../benchmark_test_data/1opd/apmds/S_00283527.dat
../benchmark_test_data/1opd/apmds/S_00283612.dat
../benchmark_test_data/1opd/apmds/S_00283672.dat
../benchmark_test_data/1opd/apmds/S_00284030.dat
../benchmark_test_data/1opd/apmds/S_00284034.dat
../benchmark_test_data/1opd/apmds/S_00284528.dat
../benchmark_test_data/1opd/apmds/S_00284832.dat
../benchmark_test_data/1opd/apmds/S_00285186.dat
../benchmark_test_data/1opd/apmds/S_00285256.dat
../benchmark_test_data/1opd/apmds/S_00285394.dat
../benchmark_test_data/1opd/apmds/S_00285674.dat
../benchmark_test_data/1opd/apmds/S_00286029.dat
../benchmark_test_data/1opd/apmds/S_00286087.dat
../benchmark_test_data/1opd/apmds/S_00286356.dat
../benchmark_test_data/1opd/apmds/S_00287461.dat
../benchmark_test_data/1opd/apmds/S_00287560.dat
../benchmark_test_data/1opd/apmds/S_00287838.dat
../benchmark_test_data/1opd/apmds/S_00288405.dat
../benchmark_test_data/1opd/apmds/S_00288644.dat
../benchmark_test_data/1opd/apmds/S_00288692.dat
../benchmark_test_data/1opd/apmds/S_00289196.dat
../benchmark_test_data/1opd/apmds/S_00289280.dat
../benchmark_test_data/1opd/apmds/S_00289418.dat
../benchmark_test_data/1opd/apmds/S_00289483.dat
../benchmark_test_data/1opd/apmds/S_00290111.dat
../benchmark_test_data/1opd/apmds/S_00290392.dat
../benchmark_test_data/1opd/apmds/S_00290595.dat
../benchmark_test_data/1opd/apmds/S_00290655.dat
../benchmark_test_data/1opd/apmds/S_00291057.dat
../benchmark_test_data/1opd/apmds/S_00291512.dat
../benchmark_test_data/1opd/apmds/S_00291523.dat
../benchmark_test_data/1opd/apmds/S_00291706.dat
../benchmark_test_data/1opd/apmds/S_00291753.dat
../benchmark_test_data/1opd/apmds/S_00292003.dat
../benchmark_test_data/1opd/apmds/S_00292058.dat
../benchmark_test_data/1opd/apmds/S_00292523.dat
../benchmark_test_data/1opd/apmds/S_00292729.dat
../benchmark_test_data/1opd/apmds/S_00292789.dat
../benchmark_test_data/1opd/apmds/S_00292803.dat
../benchmark_test_data/1opd/apmds/S_00293487.dat
../benchmark_test_data/1opd/apmds/S_00293738.dat
../benchmark_test_data/1opd/apmds/S_00293882.dat
../benchmark_test_data/1opd/apmds/S_00293888.dat
../benchmark_test_data/1opd/apmds/S_00293938.dat
../benchmark_test_data/1opd/apmds/S_00294249.dat
../benchmark_test_data/1opd/apmds/S_00294560.dat
../benchmark_test_data/1opd/apmds/S_00294757.dat
../benchmark_test_data/1opd/apmds/S_00295447.dat
../benchmark_test_data/1opd/apmds/S_00295599.dat
../benchmark_test_data/1opd/apmds/S_00295623.dat
../benchmark_test_data/1opd/apmds/S_00295796.dat
../benchmark_test_data/1opd/apmds/S_00295966.dat
../benchmark_test_data/1opd/apmds/S_00296829.dat
../benchmark_test_data/1opd/apmds/S_00296896.dat
../benchmark_test_data/1opd/apmds/S_00296919.dat
../benchmark_test_data/1opd/apmds/S_00297138.dat
../benchmark_test_data/1opd/apmds/S_00297214.dat
../benchmark_test_data/1opd/apmds/S_00297455.dat
../benchmark_test_data/1opd/apmds/S_00297811.dat
../benchmark_test_data/1opd/apmds/S_00297829.dat
../benchmark_test_data/1opd/apmds/S_00297962.dat
../benchmark_test_data/1opd/apmds/S_00298382.dat
../benchmark_test_data/1opd/apmds/S_00298420.dat
../benchmark_test_data/1opd/apmds/S_00299095.dat
../benchmark_test_data/1opd/apmds/S_00299304.dat
../benchmark_test_data/1opd/apmds/S_00299314.dat
../benchmark_test_data/1opd/apmds/S_00299892.dat
../benchmark_test_data/1opd/apmds/S_00299968.dat
