../benchmark_test_data/1opd/apmds/S_00000007.dat
../benchmark_test_data/1opd/apmds/S_00000792.dat
../benchmark_test_data/1opd/apmds/S_00000802.dat
../benchmark_test_data/1opd/apmds/S_00000891.dat
../benchmark_test_data/1opd/apmds/S_00001012.dat
../benchmark_test_data/1opd/apmds/S_00001270.dat
../benchmark_test_data/1opd/apmds/S_00001488.dat
../benchmark_test_data/1opd/apmds/S_00002242.dat
../benchmark_test_data/1opd/apmds/S_00002635.dat
../benchmark_test_data/1opd/apmds/S_00002689.dat
../benchmark_test_data/1opd/apmds/S_00003158.dat
../benchmark_test_data/1opd/apmds/S_00003241.dat
../benchmark_test_data/1opd/apmds/S_00003288.dat
../benchmark_test_data/1opd/apmds/S_00003539.dat
../benchmark_test_data/1opd/apmds/S_00003971.dat
../benchmark_test_data/1opd/apmds/S_00004453.dat
../benchmark_test_data/1opd/apmds/S_00005032.dat
../benchmark_test_data/1opd/apmds/S_00005260.dat
../benchmark_test_data/1opd/apmds/S_00005630.dat
../benchmark_test_data/1opd/apmds/S_00005638.dat
../benchmark_test_data/1opd/apmds/S_00005694.dat
../benchmark_test_data/1opd/apmds/S_00005885.dat
../benchmark_test_data/1opd/apmds/S_00006082.dat
../benchmark_test_data/1opd/apmds/S_00006918.dat
../benchmark_test_data/1opd/apmds/S_00008060.dat
../benchmark_test_data/1opd/apmds/S_00008134.dat
../benchmark_test_data/1opd/apmds/S_00008554.dat
../benchmark_test_data/1opd/apmds/S_00008895.dat
../benchmark_test_data/1opd/apmds/S_00008990.dat
../benchmark_test_data/1opd/apmds/S_00009113.dat
../benchmark_test_data/1opd/apmds/S_00009446.dat
../benchmark_test_data/1opd/apmds/S_00009706.dat
../benchmark_test_data/1opd/apmds/S_00009766.dat
../benchmark_test_data/1opd/apmds/S_00010507.dat
../benchmark_test_data/1opd/apmds/S_00010532.dat
../benchmark_test_data/1opd/apmds/S_00010637.dat
../benchmark_test_data/1opd/apmds/S_00010702.dat
../benchmark_test_data/1opd/apmds/S_00010927.dat
../benchmark_test_data/1opd/apmds/S_00011314.dat
../benchmark_test_data/1opd/apmds/S_00011355.dat
../benchmark_test_data/1opd/apmds/S_00011396.dat
../benchmark_test_data/1opd/apmds/S_00011425.dat
../benchmark_test_data/1opd/apmds/S_00011435.dat
../benchmark_test_data/1opd/apmds/S_00011627.dat
../benchmark_test_data/1opd/apmds/S_00012315.dat
../benchmark_test_data/1opd/apmds/S_00012570.dat
../benchmark_test_data/1opd/apmds/S_00013155.dat
../benchmark_test_data/1opd/apmds/S_00013175.dat
../benchmark_test_data/1opd/apmds/S_00014462.dat
../benchmark_test_data/1opd/apmds/S_00014573.dat
